[WebServer] (node:13436) Warning: The 'NO_COLOR' env is ignored due to the 'FORCE_COLOR' env being set.
[WebServer] (Use `node --trace-warnings ...` to show where the warning was created)

Running 1 test using 1 worker

(node:32516) Warning: The 'NO_COLOR' env is ignored due to the 'FORCE_COLOR' env being set.
(Use `node --trace-warnings ...` to show where the warning was created)
(node:32516) Warning: The 'NO_COLOR' env is ignored due to the 'FORCE_COLOR' env being set.
(Use `node --trace-warnings ...` to show where the warning was created)
[
  { c: [32m'app-main'[39m, y: [33m0[39m, h: [33m900[39m, flex: [32m'0 1 auto'[39m },
  { c: [32m'topbar'[39m, y: [33m0[39m, h: [33m57[39m, flex: [32m'0 1 auto'[39m },
  { c: [32m'page-content'[39m, y: [33m57[39m, h: [33m843[39m, flex: [32m'1 1 0%'[39m },
  { c: [32m'canvas-workspace'[39m, y: [33m57[39m, h: [33m843[39m, flex: [32m'1 1 0%'[39m },
  { c: [32m'canvas-heading'[39m, y: [33m57[39m, h: [33m49[39m, flex: [32m'0 0 auto'[39m },
  { c: [32m'canvas-toolbar'[39m, y: [33m106[39m, h: [33m57[39m, flex: [32m'0 0 auto'[39m },
  { c: [32m'node-action-bar'[39m, y: [33m163[39m, h: [33m46[39m, flex: [32m'0 0 auto'[39m },
  { c: [32m'canvas-layout'[39m, y: [33m209[39m, h: [33m533[39m, flex: [32m'1 1 0%'[39m }
]
  x  1 tests\e2e\acceptance-workspace.spec.ts:4:32 › canvas uses the viewport at 1440 (4.1s)


  1) tests\e2e\acceptance-workspace.spec.ts:4:32 › canvas uses the viewport at 1440 ────────────────

    Error: [2mexpect([22m[31mreceived[39m[2m).[22mtoBeGreaterThanOrEqual[2m([22m[32mexpected[39m[2m)[22m

    Expected: >= [32m630[39m
    Received:    [31m533[39m

      2 | import {seedStudio} from '../helpers/seed-studio';
      3 | test.beforeEach(async({page})=>{await seedStudio(page,'canvas-project');});
    > 4 | for(const width of [1440,1280])test('canvas uses the viewport at '+width,async({page,networkCounter})=>{await page.setViewportSize({width,height:900});await page.goto('/projects/p1/canvas');const stage=page.getByTestId('canvas-stage');await expect(stage).toBeVisible();const box=(await stage.boundingBox())!;console.log(await page.evaluate(()=>Array.from(document.querySelectorAll(".app-main,.topbar,.page-content,.canvas-workspace,.canvas-heading,.canvas-toolbar,.node-action-bar,.canvas-layout")).map(e=>({c:e.className,y:e.getBoundingClientRect().y,h:e.getBoundingClientRect().height,flex:getComputedStyle(e).flex}))));expect(box.x).toBeLessThanOrEqual(80);expect(box.width).toBeGreaterThanOrEqual(width-320);expect(box.height).toBeGreaterThanOrEqual(630);expect(box.y+box.height).toBeGreaterThanOrEqual(895);await page.getByRole('button',{name:'隐藏节点列表',exact:true}).click();const larger=(await stage.boundingBox())!;expect(larger.width).toBeGreaterThan(box.width+180);await page.getByRole('button',{name:'显示节点列表',exact:true}).click();await page.getByRole('button',{name:'Agent 协作',exact:true}).click();await expect(page.getByLabel('Agent 协作面板')).toBeVisible();await page.getByRole('button',{name:'关闭 Agent 面板'}).click();await stage.focus();await expect(stage).toBeFocused();await page.screenshot({path:'docs/review/screenshots/acceptance-canvas-'+width+'.png'});expect(networkCounter.paidRequests).toHaveLength(0);});
        |                                                                                                                                                                                                                                                                                                                                                                                                                                                                                                                                                                                                                                                                                                                                                            ^
      5 |
        at E:\trae-studio\TRAEWORK\aiwork-studio\tests\e2e\acceptance-workspace.spec.ts:4:732

    Error Context: test-results\acceptance-workspace-canvas-uses-the-viewport-at-1440\error-context.md

    attachment #2: trace (application/zip) ─────────────────────────────────────────────────────────
    test-results\acceptance-workspace-canvas-uses-the-viewport-at-1440\trace.zip
    Usage:

        npx playwright show-trace test-results\acceptance-workspace-canvas-uses-the-viewport-at-1440\trace.zip

    ────────────────────────────────────────────────────────────────────────────────────────────────

  1 failed
    tests\e2e\acceptance-workspace.spec.ts:4:32 › canvas uses the viewport at 1440 ─────────────────
