TAP version 13
# Subtest: settings register a fixed Core target without calling it, then only health/models can be read
not ok 1 - settings register a fixed Core target without calling it, then only health/models can be read
  ---
  duration_ms: 49.4425
  type: 'test'
  location: 'E:\\trae-studio\\TRAEWORK\\aiwork-studio\\tests\\companion\\settings-registration.test.mjs:8:1'
  failureType: 'testCodeFailure'
  error: |-
    settings session must be available
    
    404 !== 200
    
  code: 'ERR_ASSERTION'
  name: 'AssertionError'
  expected: 200
  actual: 404
  operator: 'strictEqual'
  stack: |-
    register (file:///E:/trae-studio/TRAEWORK/aiwork-studio/tests/companion/settings-registration.test.mjs:7:132)
    process.processTicksAndRejections (node:internal/process/task_queues:103:5)
    async TestContext.<anonymous> (file:///E:/trae-studio/TRAEWORK/aiwork-studio/tests/companion/settings-registration.test.mjs:8:432)
    async Test.run (node:internal/test_runner/test:1054:7)
    async startSubtestAfterBootstrap (node:internal/test_runner/harness:296:3)
  ...
# Subtest: text registration allows one confirmed chat request and blocks video/admin/redirects
not ok 2 - text registration allows one confirmed chat request and blocks video/admin/redirects
  ---
  duration_ms: 12.0203
  type: 'test'
  location: 'E:\\trae-studio\\TRAEWORK\\aiwork-studio\\tests\\companion\\settings-registration.test.mjs:9:1'
  failureType: 'testCodeFailure'
  error: |-
    settings session must be available
    
    404 !== 200
    
  code: 'ERR_ASSERTION'
  name: 'AssertionError'
  expected: 200
  actual: 404
  operator: 'strictEqual'
  stack: |-
    register (file:///E:/trae-studio/TRAEWORK/aiwork-studio/tests/companion/settings-registration.test.mjs:7:132)
    process.processTicksAndRejections (node:internal/process/task_queues:103:5)
    async TestContext.<anonymous> (file:///E:/trae-studio/TRAEWORK/aiwork-studio/tests/companion/settings-registration.test.mjs:9:545)
    async Test.run (node:internal/test_runner/test:1054:7)
    async Test.processPendingSubtests (node:internal/test_runner/test:744:7)
  ...
# Subtest: settings mutation rejects cross-origin/no nonce/credential metadata and malformed target
not ok 3 - settings mutation rejects cross-origin/no nonce/credential metadata and malformed target
  ---
  duration_ms: 19.1303
  type: 'test'
  location: 'E:\\trae-studio\\TRAEWORK\\aiwork-studio\\tests\\companion\\settings-registration.test.mjs:10:1'
  failureType: 'testCodeFailure'
  error: |-
    Expected values to be strictly equal:
    
    405 !== 403
    
  code: 'ERR_ASSERTION'
  name: 'AssertionError'
  expected: 403
  actual: 405
  operator: 'strictEqual'
  stack: |-
    TestContext.<anonymous> (file:///E:/trae-studio/TRAEWORK/aiwork-studio/tests/companion/settings-registration.test.mjs:10:352)
    process.processTicksAndRejections (node:internal/process/task_queues:103:5)
    async Test.run (node:internal/test_runner/test:1054:7)
    async Test.processPendingSubtests (node:internal/test_runner/test:744:7)
  ...
1..3
# tests 3
# suites 0
# pass 0
# fail 3
# cancelled 0
# skipped 0
# todo 0
# duration_ms 323.7189
