[WebServer] (node:32348) Warning: The 'NO_COLOR' env is ignored due to the 'FORCE_COLOR' env being set.
[WebServer] (Use `node --trace-warnings ...` to show where the warning was created)

Running 2 tests using 1 worker

(node:12796) Warning: The 'NO_COLOR' env is ignored due to the 'FORCE_COLOR' env being set.
(Use `node --trace-warnings ...` to show where the warning was created)
(node:12796) Warning: The 'NO_COLOR' env is ignored due to the 'FORCE_COLOR' env being set.
(Use `node --trace-warnings ...` to show where the warning was created)
  x  1 tests\e2e\acceptance-online.spec.ts:5:1 › online text model returns a reviewable canvas proposal; fee confirmation, native saving, scope and no video remain enforced (30.1s)
(node:2188) Warning: The 'NO_COLOR' env is ignored due to the 'FORCE_COLOR' env being set.
(Use `node --trace-warnings ...` to show where the warning was created)
(node:2188) Warning: The 'NO_COLOR' env is ignored due to the 'FORCE_COLOR' env being set.
(Use `node --trace-warnings ...` to show where the warning was created)
  x  2 tests\e2e\acceptance-online.spec.ts:6:1 › independent API optimizes a prompt with separate confirmation and preserves Core capability isolation (30.1s)


  1) tests\e2e\acceptance-online.spec.ts:5:1 › online text model returns a reviewable canvas proposal; fee confirmation, native saving, scope and no video remain enforced 

    [31mTest timeout of 30000ms exceeded.[39m

    Error: locator.click: Test timeout of 30000ms exceeded.
    Call log:
    [2m  - waiting for getByRole('button', { name: '连接线上文字模型', exact: true })[22m


      3 | import {listenLocal,closeLocal} from '../helpers/distribution-runtime';
      4 | async function setupText(page:import('@playwright/test').Page,origin:string){await page.goto('/settings/connections');await page.getByLabel('文字 API 地址',{exact:true}).fill(origin+'/v1');await page.getByLabel('文字 API Key',{exact:true}).fill('fake-independent-text-key');await page.getByRole('button',{name:'测试文字 API（只读）',exact:true}).click();await page.getByLabel('独立文字模型',{exact:true}).selectOption('mock-text');await page.locator('[data-interaction-id="text-api:ack"]').check();await page.getByRole('button',{name:'启用独立文字连接',exact:true}).click();await expect(page.getByText('当前独立文字连接：独立文字模型 · mock-text',{exact:true})).toBeVisible();}
    > 5 | test('online text model returns a reviewable canvas proposal; fee confirmation, native saving, scope and no video remain enforced',async({page})=>{const calls:{path:string;body:string}[]=[];const mock=createServer(async(req,res)=>{let body='';for await(const c of req)body+=c;calls.push({path:req.url??'',body});res.setHeader('Content-Type','application/json');res.end(JSON.stringify(req.url==='/v1/models'?{data:[{id:'mock-text'},{id:'seedance'},{id:'gpt-image-1'}]}:{id:'mock-response-1',choices:[{message:{content:JSON.stringify({message:'改写已授权的镜头文字',operations:[{id:'rewrite-1',type:'update_node',payload:{nodeId:JSON.parse(JSON.parse(body).messages[1].content).nodes[0].id,patch:{title:'审阅后镜头'}}}]})}}]}));});const origin=await listenLocal(mock);try{await setupText(page,origin);expect(calls.map(c=>c.path)).toEqual(['/v1/models']);await page.goto('/projects');await page.getByRole('button',{name:'新建项目',exact:true}).click();let dialog=page.getByRole('dialog',{name:'新建项目',exact:true});await dialog.getByLabel('项目名称',{exact:true}).fill('线上文字受控测试');await dialog.getByRole('button',{name:'创建',exact:true}).click();await page.getByRole('button',{name:'添加节点',exact:true}).click();await page.getByRole('button',{name:'文本节点',exact:true}).click();await page.getByLabel('节点文本',{exact:true}).fill('本地原创镜头，不含任何生产密钥');await page.getByRole('button',{name:'立即保存',exact:true}).click();await page.getByRole('button',{name:'Agent 协作',exact:true}).click();await page.getByRole('button',{name:'连接线上文字模型',exact:true}).click();await page.getByLabel('上下文范围',{exact:true}).selectOption('nodes');await page.getByLabel(/^上下文节点 /).check();await page.getByRole('button',{name:'预览并管理授权',exact:true}).click();dialog=page.getByRole('dialog',{name:'Agent 项目授权',exact:true});await dialog.getByLabel('创作权限',{exact:true}).selectOption('propose');await dialog.getByRole('button',{name:'授予所列权限',exact:true}).click();await page.getByLabel('任务描述',{exact:true}).fill('把镜头标题改为审阅后镜头');await page.getByRole('button',{name:'发送任务描述',exact:true}).click();dialog=page.getByRole('dialog',{name:'线上 Agent 文字请求确认',exact:true});await expect(dialog.getByRole('button',{name:'确认发送文字请求',exact:true})).toBeDisabled();expect(calls.filter(c=>c.path==='/v1/chat/completions')).toHaveLength(0);await dialog.getByLabel('我确认文字请求及可能产生的费用',{exact:true}).check();await dialog.getByRole('button',{name:'确认发送文字请求',exact:true}).click();await expect(page.getByText('线上模型提案已保存，尚未改动画布。',{exact:true})).toBeVisible();await expect(page.getByRole('button',{name:'编辑标题 审阅后镜头',exact:true})).toHaveCount(0);expect(calls.filter(c=>c.path==='/v1/chat/completions')).toHaveLength(1);expect(calls[1].body).not.toContain('fake-independent-text-key');await page.getByRole('tab',{name:'建议',exact:true}).click();await page.getByRole('button',{name:'刷新建议',exact:true}).click();await page.getByRole('button',{name:/^审阅提案 /}).first().click();dialog=page.getByRole('dialog',{name:'Agent 提案审阅',exact:true});await dialog.getByLabel('选择操作 rewrite-1',{exact:true}).check();await dialog.getByRole('button',{name:'应用选中修改',exact:true}).click();await page.getByRole('button',{name:'关闭 Agent 面板',exact:true}).click();await expect(page.getByRole('button',{name:'编辑标题 审阅后镜头',exact:true})).toBeVisible();await page.screenshot({path:'docs/review/screenshots/acceptance-online-agent.png'});await page.reload();await expect(page.getByRole('button',{name:'编辑标题 审阅后镜头',exact:true})).toBeVisible();expect(calls.filter(c=>c.path.includes('videos'))).toHaveLength(0);await page.goto('/settings/connections');await expect(page.getByText('当前独立文字连接：未连接；提示词可继续本地整理',{exact:true})).toBeVisible();await expect(page.getByLabel('文字 API Key',{exact:true})).toHaveValue('');}finally{await closeLocal(mock);}});
        |                                                                                                                                                                                                                                                                                                                                                                                                                                                                                                                                                                                                                                                                                                                                                                                                                                                                                                                                                                                                                                                                                                                                                                                                                                                                                                                                                                                                                                                                                                                                                                 ^
      6 | test('independent API optimizes a prompt with separate confirmation and preserves Core capability isolation',async({page})=>{const calls:string[]=[],mock=createServer(async(req,res)=>{for await(const _ of req){void _;}calls.push(req.url??'');res.setHeader('Content-Type','application/json');res.end(JSON.stringify(req.url==='/v1/models'?{data:[{id:'mock-text'}]}:{id:'mock-prompt',choices:[{message:{content:JSON.stringify({finalPrompt:'原创镜头的候选文字',shotPlan:[],improvements:['整理镜头'],warnings:[],suggestedSpec:{}})}}]}));});const origin=await listenLocal(mock);try{await setupText(page,origin);await page.goto('/prompt-generator?type=video');await page.getByLabel('原始创意',{exact:true}).fill('原创人物走过庭院，无对白');await page.getByRole('button',{name:'保存草稿',exact:true}).click();await page.getByRole('button',{name:'AI优化',exact:true}).click();const dialog=page.getByRole('dialog',{name:'AI文字优化确认',exact:true});await dialog.getByLabel('文字模型',{exact:true}).selectOption('mock-text');await dialog.getByRole('button',{name:'预览文字请求',exact:true}).click();expect(calls).toEqual(['/v1/models']);await dialog.locator('[data-interaction-id="ui:AIOptimizeDialog:input:adecea15e1a1"]').check();await dialog.getByRole('button',{name:'确认文字请求',exact:true}).click();await expect(page.getByText('AI候选已保存',{exact:false}).first()).toBeVisible();expect(calls).toEqual(['/v1/models','/v1/chat/completions']);await page.screenshot({path:'docs/review/screenshots/acceptance-independent-prompt.png'});await page.goto('/settings/capabilities');await expect(page.getByText('图片生成',{exact:false}).first()).toBeVisible();expect(calls.some(p=>p.includes('videos'))).toBe(false);}finally{await closeLocal(mock);}});
      7 |
        at E:\trae-studio\TRAEWORK\aiwork-studio\tests\e2e\acceptance-online.spec.ts:5:1505

    Error Context: test-results\acceptance-online-online-t-7ce09-nd-no-video-remain-enforced\error-context.md

    attachment #2: trace (application/zip) ─────────────────────────────────────────────────────────
    test-results\acceptance-online-online-t-7ce09-nd-no-video-remain-enforced\trace.zip
    Usage:

        npx playwright show-trace test-results\acceptance-online-online-t-7ce09-nd-no-video-remain-enforced\trace.zip

    ────────────────────────────────────────────────────────────────────────────────────────────────

  2) tests\e2e\acceptance-online.spec.ts:6:1 › independent API optimizes a prompt with separate confirmation and preserves Core capability isolation 

    [31mTest timeout of 30000ms exceeded.[39m

    Error: locator.click: Test timeout of 30000ms exceeded.
    Call log:
    [2m  - waiting for getByRole('button', { name: 'AI优化', exact: true })[22m
    [2m    - locator resolved to <button disabled aria-busy="false" aria-describedby="_r_r_" class="button secondary " data-interaction-id="PG15">AI优化</button>[22m
    [2m  - attempting click action[22m
    [2m    2 × waiting for element to be visible, enabled and stable[22m
    [2m      - element is not enabled[22m
    [2m    - retrying click action[22m
    [2m    - waiting 20ms[22m
    [2m    2 × waiting for element to be visible, enabled and stable[22m
    [2m      - element is not enabled[22m
    [2m    - retrying click action[22m
    [2m      - waiting 100ms[22m
    [2m    56 × waiting for element to be visible, enabled and stable[22m
    [2m       - element is not enabled[22m
    [2m     - retrying click action[22m
    [2m       - waiting 500ms[22m


      4 | async function setupText(page:import('@playwright/test').Page,origin:string){await page.goto('/settings/connections');await page.getByLabel('文字 API 地址',{exact:true}).fill(origin+'/v1');await page.getByLabel('文字 API Key',{exact:true}).fill('fake-independent-text-key');await page.getByRole('button',{name:'测试文字 API（只读）',exact:true}).click();await page.getByLabel('独立文字模型',{exact:true}).selectOption('mock-text');await page.locator('[data-interaction-id="text-api:ack"]').check();await page.getByRole('button',{name:'启用独立文字连接',exact:true}).click();await expect(page.getByText('当前独立文字连接：独立文字模型 · mock-text',{exact:true})).toBeVisible();}
      5 | test('online text model returns a reviewable canvas proposal; fee confirmation, native saving, scope and no video remain enforced',async({page})=>{const calls:{path:string;body:string}[]=[];const mock=createServer(async(req,res)=>{let body='';for await(const c of req)body+=c;calls.push({path:req.url??'',body});res.setHeader('Content-Type','application/json');res.end(JSON.stringify(req.url==='/v1/models'?{data:[{id:'mock-text'},{id:'seedance'},{id:'gpt-image-1'}]}:{id:'mock-response-1',choices:[{message:{content:JSON.stringify({message:'改写已授权的镜头文字',operations:[{id:'rewrite-1',type:'update_node',payload:{nodeId:JSON.parse(JSON.parse(body).messages[1].content).nodes[0].id,patch:{title:'审阅后镜头'}}}]})}}]}));});const origin=await listenLocal(mock);try{await setupText(page,origin);expect(calls.map(c=>c.path)).toEqual(['/v1/models']);await page.goto('/projects');await page.getByRole('button',{name:'新建项目',exact:true}).click();let dialog=page.getByRole('dialog',{name:'新建项目',exact:true});await dialog.getByLabel('项目名称',{exact:true}).fill('线上文字受控测试');await dialog.getByRole('button',{name:'创建',exact:true}).click();await page.getByRole('button',{name:'添加节点',exact:true}).click();await page.getByRole('button',{name:'文本节点',exact:true}).click();await page.getByLabel('节点文本',{exact:true}).fill('本地原创镜头，不含任何生产密钥');await page.getByRole('button',{name:'立即保存',exact:true}).click();await page.getByRole('button',{name:'Agent 协作',exact:true}).click();await page.getByRole('button',{name:'连接线上文字模型',exact:true}).click();await page.getByLabel('上下文范围',{exact:true}).selectOption('nodes');await page.getByLabel(/^上下文节点 /).check();await page.getByRole('button',{name:'预览并管理授权',exact:true}).click();dialog=page.getByRole('dialog',{name:'Agent 项目授权',exact:true});await dialog.getByLabel('创作权限',{exact:true}).selectOption('propose');await dialog.getByRole('button',{name:'授予所列权限',exact:true}).click();await page.getByLabel('任务描述',{exact:true}).fill('把镜头标题改为审阅后镜头');await page.getByRole('button',{name:'发送任务描述',exact:true}).click();dialog=page.getByRole('dialog',{name:'线上 Agent 文字请求确认',exact:true});await expect(dialog.getByRole('button',{name:'确认发送文字请求',exact:true})).toBeDisabled();expect(calls.filter(c=>c.path==='/v1/chat/completions')).toHaveLength(0);await dialog.getByLabel('我确认文字请求及可能产生的费用',{exact:true}).check();await dialog.getByRole('button',{name:'确认发送文字请求',exact:true}).click();await expect(page.getByText('线上模型提案已保存，尚未改动画布。',{exact:true})).toBeVisible();await expect(page.getByRole('button',{name:'编辑标题 审阅后镜头',exact:true})).toHaveCount(0);expect(calls.filter(c=>c.path==='/v1/chat/completions')).toHaveLength(1);expect(calls[1].body).not.toContain('fake-independent-text-key');await page.getByRole('tab',{name:'建议',exact:true}).click();await page.getByRole('button',{name:'刷新建议',exact:true}).click();await page.getByRole('button',{name:/^审阅提案 /}).first().click();dialog=page.getByRole('dialog',{name:'Agent 提案审阅',exact:true});await dialog.getByLabel('选择操作 rewrite-1',{exact:true}).check();await dialog.getByRole('button',{name:'应用选中修改',exact:true}).click();await page.getByRole('button',{name:'关闭 Agent 面板',exact:true}).click();await expect(page.getByRole('button',{name:'编辑标题 审阅后镜头',exact:true})).toBeVisible();await page.screenshot({path:'docs/review/screenshots/acceptance-online-agent.png'});await page.reload();await expect(page.getByRole('button',{name:'编辑标题 审阅后镜头',exact:true})).toBeVisible();expect(calls.filter(c=>c.path.includes('videos'))).toHaveLength(0);await page.goto('/settings/connections');await expect(page.getByText('当前独立文字连接：未连接；提示词可继续本地整理',{exact:true})).toBeVisible();await expect(page.getByLabel('文字 API Key',{exact:true})).toHaveValue('');}finally{await closeLocal(mock);}});
    > 6 | test('independent API optimizes a prompt with separate confirmation and preserves Core capability isolation',async({page})=>{const calls:string[]=[],mock=createServer(async(req,res)=>{for await(const _ of req){void _;}calls.push(req.url??'');res.setHeader('Content-Type','application/json');res.end(JSON.stringify(req.url==='/v1/models'?{data:[{id:'mock-text'}]}:{id:'mock-prompt',choices:[{message:{content:JSON.stringify({finalPrompt:'原创镜头的候选文字',shotPlan:[],improvements:['整理镜头'],warnings:[],suggestedSpec:{}})}}]}));});const origin=await listenLocal(mock);try{await setupText(page,origin);await page.goto('/prompt-generator?type=video');await page.getByLabel('原始创意',{exact:true}).fill('原创人物走过庭院，无对白');await page.getByRole('button',{name:'保存草稿',exact:true}).click();await page.getByRole('button',{name:'AI优化',exact:true}).click();const dialog=page.getByRole('dialog',{name:'AI文字优化确认',exact:true});await dialog.getByLabel('文字模型',{exact:true}).selectOption('mock-text');await dialog.getByRole('button',{name:'预览文字请求',exact:true}).click();expect(calls).toEqual(['/v1/models']);await dialog.locator('[data-interaction-id="ui:AIOptimizeDialog:input:adecea15e1a1"]').check();await dialog.getByRole('button',{name:'确认文字请求',exact:true}).click();await expect(page.getByText('AI候选已保存',{exact:false}).first()).toBeVisible();expect(calls).toEqual(['/v1/models','/v1/chat/completions']);await page.screenshot({path:'docs/review/screenshots/acceptance-independent-prompt.png'});await page.goto('/settings/capabilities');await expect(page.getByText('图片生成',{exact:false}).first()).toBeVisible();expect(calls.some(p=>p.includes('videos'))).toBe(false);}finally{await closeLocal(mock);}});
        |                                                                                                                                                                                                                                                                                                                                                                                                                                                                                                                                                                                                                                                                                                                                                                                                                                                         ^
      7 |
        at E:\trae-studio\TRAEWORK\aiwork-studio\tests\e2e\acceptance-online.spec.ts:6:825

    Error Context: test-results\acceptance-online-independ-30d82-s-Core-capability-isolation\error-context.md

    attachment #2: trace (application/zip) ─────────────────────────────────────────────────────────
    test-results\acceptance-online-independ-30d82-s-Core-capability-isolation\trace.zip
    Usage:

        npx playwright show-trace test-results\acceptance-online-independ-30d82-s-Core-capability-isolation\trace.zip

    ────────────────────────────────────────────────────────────────────────────────────────────────

  2 failed
    tests\e2e\acceptance-online.spec.ts:5:1 › online text model returns a reviewable canvas proposal; fee confirmation, native saving, scope and no video remain enforced 
    tests\e2e\acceptance-online.spec.ts:6:1 › independent API optimizes a prompt with separate confirmation and preserves Core capability isolation 
