TAP version 13
# Subtest: settings register a fixed Core target without calling it, then only health/models can be read
ok 1 - settings register a fixed Core target without calling it, then only health/models can be read
  ---
  duration_ms: 115.7907
  type: 'test'
  ...
# Subtest: text registration allows one confirmed chat request and blocks video/admin/redirects
ok 2 - text registration allows one confirmed chat request and blocks video/admin/redirects
  ---
  duration_ms: 29.7449
  type: 'test'
  ...
# Subtest: settings mutation rejects cross-origin/no nonce/credential metadata and malformed target
ok 3 - settings mutation rejects cross-origin/no nonce/credential metadata and malformed target
  ---
  duration_ms: 27.3806
  type: 'test'
  ...
1..3
# tests 3
# suites 0
# pass 3
# fail 0
# cancelled 0
# skipped 0
# todo 0
# duration_ms 425.1225
