
> aiwork-studio@0.0.1 build
> vite build

vite v7.3.6 building client environment for production...
transforming...
✓ 299 modules transformed.
rendering chunks...
computing gzip size...
dist/assets/hash-worker-CwunAZM4.js             0.36 kB
dist/index.html                                 0.74 kB │ gzip:  0.39 kB
dist/assets/index-BmTsxH0N.css                 24.52 kB │ gzip:  5.49 kB
dist/assets/object-url-pool-5YRcU3_1.js         0.13 kB │ gzip:  0.13 kB
dist/assets/fingerprint-C6-xfKii.js             0.18 kB │ gzip:  0.17 kB
dist/assets/Toast-BOsUXE-_.js                   0.38 kB │ gzip:  0.30 kB
dist/assets/current-text-j8A0X-LD.js            0.87 kB │ gzip:  0.50 kB
dist/assets/redaction-BLYE5jkd.js               1.17 kB │ gzip:  0.70 kB
dist/assets/history-Bdzmh4Ri.js                 1.85 kB │ gzip:  0.83 kB
dist/assets/PromptGeneratorPage-CCyySRWS.js     1.96 kB │ gzip:  1.10 kB
dist/assets/graph-validation-Ddu27Gbf.js        2.05 kB │ gzip:  1.14 kB
dist/assets/ComparePage-PDQeJNR4.js             3.22 kB │ gzip:  1.73 kB
dist/assets/canvas-import-WrwvCnIu.js           3.24 kB │ gzip:  1.44 kB
dist/assets/project-lease-BzZaMGyC.js           3.59 kB │ gzip:  1.51 kB
dist/assets/ResultPage-DW-2Nhtl.js              3.62 kB │ gzip:  1.74 kB
dist/assets/HelpPage-BxQu1DhQ.js                3.92 kB │ gzip:  1.85 kB
dist/assets/AssetPreview-2e8uD9Xe.js            4.12 kB │ gzip:  1.99 kB
dist/assets/diagnostic-export-MxyotJgN.js       6.11 kB │ gzip:  3.26 kB
dist/assets/ActivityPage-D_nVqzo2.js            6.14 kB │ gzip:  2.74 kB
dist/assets/TrashPage-DNe2JMC7.js               6.43 kB │ gzip:  2.69 kB
dist/assets/RecoveryCenter-DtiJKbIV.js          7.56 kB │ gzip:  3.49 kB
dist/assets/project-repository-BNuormo-.js      7.93 kB │ gzip:  2.62 kB
dist/assets/RunMediaActions-DoZQQYb8.js         8.11 kB │ gzip:  3.27 kB
dist/assets/PromptEditor-BkoZDh1T.js            8.42 kB │ gzip:  3.46 kB
dist/assets/import-project-MNuAUE1f.js          8.59 kB │ gzip:  3.20 kB
dist/assets/apply-command-BMqGK5qO.js           9.00 kB │ gzip:  3.01 kB
dist/assets/review-components-Bc33htKb.js       9.93 kB │ gzip:  4.23 kB
dist/assets/project-service-T6WLfhRI.js        10.80 kB │ gzip:  4.33 kB
dist/assets/PackagePage-CghSaiG8.js            11.87 kB │ gzip:  5.22 kB
dist/assets/ProjectsPage-254YPqvk.js           12.38 kB │ gzip:  4.59 kB
dist/assets/zip-vendor-BK4ikTfh.js             14.24 kB │ gzip:  6.72 kB
dist/assets/PromptsPage-DsP1Hjc-.js            14.63 kB │ gzip:  5.32 kB
dist/assets/AssetsPage-DtbBO8X5.js             18.65 kB │ gzip:  6.75 kB
dist/assets/legacy-migration-CFvbPjms.js       20.88 kB │ gzip:  8.33 kB
dist/assets/legal-notices-DULDc9G1.js          21.51 kB │ gzip:  6.66 kB
dist/assets/SettingsPage-BflRdL6M.js           33.64 kB │ gzip: 11.84 kB
dist/assets/TasksPage-D_ja2JG7.js              35.98 kB │ gzip: 12.08 kB
dist/assets/task-filters-BgPNzqMc.js           37.18 kB │ gzip: 12.20 kB
dist/assets/index-BiLPMXUv.js                  55.91 kB │ gzip: 19.59 kB
dist/assets/schema-vendor-DHwGgy8U.js          72.44 kB │ gzip: 19.43 kB
dist/assets/PromptGeneratorPanel-DTaycwjU.js   85.89 kB │ gzip: 28.05 kB
dist/assets/CanvasPage-K5IxwrSO.js            133.80 kB │ gzip: 43.19 kB
dist/assets/react-vendor-rQA_ESBx.js          192.36 kB │ gzip: 60.29 kB
✓ built in 1.99s
