✖ T01-C01: resolved project belongs to the authorized TRAEWORK root (1.5308ms)
✖ T01-C02: all five pinned revisions have independently verified snapshots (0.3272ms)
✖ T01-C03: every source has a license disposition and evidence (0.2269ms)
✖ T01-C04: canvas MIT copyright remains byte-for-byte in third-party evidence (0.8367ms)
✖ T01-C05: write policy denies external/source paths, traversal and symlinks (0.3362ms)
ℹ tests 5
ℹ suites 0
ℹ pass 0
ℹ fail 5
ℹ cancelled 0
ℹ skipped 0
ℹ todo 0
ℹ duration_ms 93.6521

✖ failing tests:

test at tests\planning\source-policy.test.mjs:8:1
✖ T01-C01: resolved project belongs to the authorized TRAEWORK root (1.5308ms)
  AssertionError [ERR_ASSERTION]: Expected values to be strictly equal:
  + actual - expected
  
  + undefined
  - 'TRAEWORK/aiwork-studio'
  
      at TestContext.<anonymous> (file:///E:/trae-studio/TRAEWORK/aiwork-studio/tests/planning/source-policy.test.mjs:10:10)
      at Test.runInAsyncScope (node:async_hooks:214:14)
      at Test.run (node:internal/test_runner/test:1106:25)
      at Test.start (node:internal/test_runner/test:1003:17)
      at startSubtestAfterBootstrap (node:internal/test_runner/harness:358:17) {
    generatedMessage: true,
    code: 'ERR_ASSERTION',
    actual: undefined,
    expected: 'TRAEWORK/aiwork-studio',
    operator: 'strictEqual',
    diff: 'simple'
  }

test at tests\planning\source-policy.test.mjs:14:1
✖ T01-C02: all five pinned revisions have independently verified snapshots (0.3272ms)
  AssertionError [ERR_ASSERTION]: Expected values to be strictly equal:
  
  undefined !== 5
  
      at TestContext.<anonymous> (file:///E:/trae-studio/TRAEWORK/aiwork-studio/tests/planning/source-policy.test.mjs:16:10)
      at Test.runInAsyncScope (node:async_hooks:214:14)
      at Test.run (node:internal/test_runner/test:1106:25)
      at Test.processPendingSubtests (node:internal/test_runner/test:788:18)
      at Test.postRun (node:internal/test_runner/test:1235:19)
      at Test.run (node:internal/test_runner/test:1163:12)
      at async startSubtestAfterBootstrap (node:internal/test_runner/harness:358:3) {
    generatedMessage: true,
    code: 'ERR_ASSERTION',
    actual: undefined,
    expected: 5,
    operator: 'strictEqual',
    diff: 'simple'
  }

test at tests\planning\source-policy.test.mjs:25:1
✖ T01-C03: every source has a license disposition and evidence (0.2269ms)
  AssertionError [ERR_ASSERTION]: Expected values to be strictly equal:
  
  undefined !== 5
  
      at TestContext.<anonymous> (file:///E:/trae-studio/TRAEWORK/aiwork-studio/tests/planning/source-policy.test.mjs:27:10)
      at Test.runInAsyncScope (node:async_hooks:214:14)
      at Test.run (node:internal/test_runner/test:1106:25)
      at Test.processPendingSubtests (node:internal/test_runner/test:788:18)
      at Test.postRun (node:internal/test_runner/test:1235:19)
      at Test.run (node:internal/test_runner/test:1163:12)
      at async Test.processPendingSubtests (node:internal/test_runner/test:788:7) {
    generatedMessage: true,
    code: 'ERR_ASSERTION',
    actual: undefined,
    expected: 5,
    operator: 'strictEqual',
    diff: 'simple'
  }

test at tests\planning\source-policy.test.mjs:34:1
✖ T01-C04: canvas MIT copyright remains byte-for-byte in third-party evidence (0.8367ms)
  AssertionError [ERR_ASSERTION]: canvas source is registered
      at TestContext.<anonymous> (file:///E:/trae-studio/TRAEWORK/aiwork-studio/tests/planning/source-policy.test.mjs:37:10)
      at Test.runInAsyncScope (node:async_hooks:214:14)
      at Test.run (node:internal/test_runner/test:1106:25)
      at Test.processPendingSubtests (node:internal/test_runner/test:788:18)
      at Test.postRun (node:internal/test_runner/test:1235:19)
      at Test.run (node:internal/test_runner/test:1163:12)
      at async Test.processPendingSubtests (node:internal/test_runner/test:788:7) {
    generatedMessage: false,
    code: 'ERR_ASSERTION',
    actual: undefined,
    expected: true,
    operator: '==',
    diff: 'simple'
  }

test at tests\planning\source-policy.test.mjs:44:1
✖ T01-C05: write policy denies external/source paths, traversal and symlinks (0.3362ms)
  AssertionError [ERR_ASSERTION]: workspace write guard is implemented
      at TestContext.<anonymous> (file:///E:/trae-studio/TRAEWORK/aiwork-studio/tests/planning/source-policy.test.mjs:45:10)
      at Test.runInAsyncScope (node:async_hooks:214:14)
      at Test.run (node:internal/test_runner/test:1106:25)
      at Test.processPendingSubtests (node:internal/test_runner/test:788:18)
      at Test.postRun (node:internal/test_runner/test:1235:19)
      at Test.run (node:internal/test_runner/test:1163:12)
      at async Test.processPendingSubtests (node:internal/test_runner/test:788:7) {
    generatedMessage: false,
    code: 'ERR_ASSERTION',
    actual: false,
    expected: true,
    operator: '==',
    diff: 'simple'
  }
