✔ T01-C01: resolved project belongs to the authorized TRAEWORK root (1.0509ms)
✔ T01-C02: all five pinned revisions have independently verified snapshots (1.2815ms)
✔ T01-C03: every source has a license disposition and evidence (0.6772ms)
✔ T01-C04: canvas MIT copyright remains byte-for-byte in third-party evidence (0.4411ms)
✖ T01-C05: write policy denies external/source paths, traversal and symlinks (3.3377ms)
ℹ tests 5
ℹ suites 0
ℹ pass 4
ℹ fail 1
ℹ cancelled 0
ℹ skipped 0
ℹ todo 0
ℹ duration_ms 98.8083

✖ failing tests:

test at tests\planning\source-policy.test.mjs:44:1
✖ T01-C05: write policy denies external/source paths, traversal and symlinks (3.3377ms)
  AssertionError [ERR_ASSERTION]: Missing expected exception.
      at TestContext.<anonymous> (file:///E:/trae-studio/TRAEWORK/aiwork-studio/tests/planning/source-policy.test.mjs:53:10)
      at async Test.run (node:internal/test_runner/test:1113:7)
      at async Test.processPendingSubtests (node:internal/test_runner/test:788:7) {
    generatedMessage: false,
    code: 'ERR_ASSERTION',
    actual: undefined,
    expected: /outside_authorized_project/,
    operator: 'throws',
    diff: 'simple'
  }
