[feat/aiwork-studio 31a6a6f] docs(t02): prepare concrete visual states; approval gate pending
 193 files changed, 3323 insertions(+)
 create mode 100644 docs/design/captures/D01-1440-dark.png
 create mode 100644 docs/design/captures/D02-1440-dark.png
 create mode 100644 docs/design/captures/D03-1440-dark.png
 create mode 100644 docs/design/captures/D04-1440-dark.png
 create mode 100644 docs/design/captures/D05-1440-dark.png
 create mode 100644 docs/design/captures/D06-1440-dark.png
 create mode 100644 docs/design/captures/D07-1440-dark.png
 create mode 100644 docs/design/captures/D08-1440-dark.png
 create mode 100644 docs/design/captures/D09-1440-dark.png
 create mode 100644 docs/design/captures/D10-1440-dark.png
 create mode 100644 docs/design/captures/D11-1440-dark.png
 create mode 100644 docs/design/captures/D12-1440-dark.png
 create mode 100644 docs/design/captures/D13-1440-dark.png
 create mode 100644 docs/design/captures/D14-1440-dark.png
 create mode 100644 docs/design/captures/D15-1440-dark.png
 create mode 100644 docs/design/captures/D16-1440-dark.png
 create mode 100644 docs/design/captures/D17-1440-dark.png
 create mode 100644 docs/design/captures/D18-1440-dark.png
 create mode 100644 docs/design/captures/D19-1440-dark.png
 create mode 100644 docs/design/captures/D20-1440-dark.png
 create mode 100644 docs/design/captures/D21-1440-dark.png
 create mode 100644 docs/design/captures/D22-1440-dark.png
 create mode 100644 docs/design/captures/D23-1440-dark.png
 create mode 100644 docs/design/captures/D24-1440-dark.png
 create mode 100644 docs/design/captures/P01-empty-1440-dark.png
 create mode 100644 docs/design/captures/P01-error-1440-dark.png
 create mode 100644 docs/design/captures/P01-loading-1440-dark.png
 create mode 100644 docs/design/captures/P01-normal-1440-dark.png
 create mode 100644 docs/design/captures/P02-empty-1440-dark.png
 create mode 100644 docs/design/captures/P02-error-1440-dark.png
 create mode 100644 docs/design/captures/P02-loading-1440-dark.png
 create mode 100644 docs/design/captures/P02-normal-1440-dark.png
 create mode 100644 docs/design/captures/P03-empty-1440-dark.png
 create mode 100644 docs/design/captures/P03-error-1440-dark.png
 create mode 100644 docs/design/captures/P03-loading-1440-dark.png
 create mode 100644 docs/design/captures/P03-normal-1440-dark.png
 create mode 100644 docs/design/captures/P04-empty-1440-dark.png
 create mode 100644 docs/design/captures/P04-error-1440-dark.png
 create mode 100644 docs/design/captures/P04-loading-1440-dark.png
 create mode 100644 docs/design/captures/P04-normal-1440-dark.png
 create mode 100644 docs/design/captures/P05-empty-1440-dark.png
 create mode 100644 docs/design/captures/P05-error-1440-dark.png
 create mode 100644 docs/design/captures/P05-loading-1440-dark.png
 create mode 100644 docs/design/captures/P05-normal-1440-dark.png
 create mode 100644 docs/design/captures/P06-empty-1440-dark.png
 create mode 100644 docs/design/captures/P06-error-1440-dark.png
 create mode 100644 docs/design/captures/P06-loading-1440-dark.png
 create mode 100644 docs/design/captures/P06-normal-1440-dark.png
 create mode 100644 docs/design/captures/P07-empty-1440-dark.png
 create mode 100644 docs/design/captures/P07-error-1440-dark.png
 create mode 100644 docs/design/captures/P07-loading-1440-dark.png
 create mode 100644 docs/design/captures/P07-normal-1440-dark.png
 create mode 100644 docs/design/captures/P08-empty-1440-dark.png
 create mode 100644 docs/design/captures/P08-error-1440-dark.png
 create mode 100644 docs/design/captures/P08-loading-1440-dark.png
 create mode 100644 docs/design/captures/P08-normal-1440-dark.png
 create mode 100644 docs/design/captures/P09-empty-1440-dark.png
 create mode 100644 docs/design/captures/P09-error-1440-dark.png
 create mode 100644 docs/design/captures/P09-loading-1440-dark.png
 create mode 100644 docs/design/captures/P09-normal-1440-dark.png
 create mode 100644 docs/design/captures/P10-empty-1440-dark.png
 create mode 100644 docs/design/captures/P10-error-1440-dark.png
 create mode 100644 docs/design/captures/P10-loading-1440-dark.png
 create mode 100644 docs/design/captures/P10-normal-1440-dark.png
 create mode 100644 docs/design/captures/P11-empty-1440-dark.png
 create mode 100644 docs/design/captures/P11-error-1440-dark.png
 create mode 100644 docs/design/captures/P11-loading-1440-dark.png
 create mode 100644 docs/design/captures/P11-normal-1440-dark.png
 create mode 100644 docs/design/captures/P12-empty-1440-dark.png
 create mode 100644 docs/design/captures/P12-error-1440-dark.png
 create mode 100644 docs/design/captures/P12-loading-1440-dark.png
 create mode 100644 docs/design/captures/P12-normal-1440-dark.png
 create mode 100644 docs/design/captures/P13-empty-1440-dark.png
 create mode 100644 docs/design/captures/P13-error-1440-dark.png
 create mode 100644 docs/design/captures/P13-loading-1440-dark.png
 create mode 100644 docs/design/captures/P13-normal-1440-dark.png
 create mode 100644 docs/design/captures/P14-empty-1440-dark.png
 create mode 100644 docs/design/captures/P14-error-1440-dark.png
 create mode 100644 docs/design/captures/P14-loading-1440-dark.png
 create mode 100644 docs/design/captures/P14-normal-1440-dark.png
 create mode 100644 docs/design/captures/P15-empty-1440-dark.png
 create mode 100644 docs/design/captures/P15-error-1440-dark.png
 create mode 100644 docs/design/captures/P15-loading-1440-dark.png
 create mode 100644 docs/design/captures/P15-normal-1440-dark.png
 create mode 100644 docs/design/captures/P16-empty-1440-dark.png
 create mode 100644 docs/design/captures/P16-error-1440-dark.png
 create mode 100644 docs/design/captures/P16-loading-1440-dark.png
 create mode 100644 docs/design/captures/P16-normal-1440-dark.png
 create mode 100644 docs/design/captures/P17-empty-1440-dark.png
 create mode 100644 docs/design/captures/P17-error-1440-dark.png
 create mode 100644 docs/design/captures/P17-loading-1440-dark.png
 create mode 100644 docs/design/captures/P17-normal-1440-dark.png
 create mode 100644 docs/design/captures/P18-empty-1440-dark.png
 create mode 100644 docs/design/captures/P18-error-1440-dark.png
 create mode 100644 docs/design/captures/P18-loading-1440-dark.png
 create mode 100644 docs/design/captures/P18-normal-1440-dark.png
 create mode 100644 docs/design/captures/P19-empty-1440-dark.png
 create mode 100644 docs/design/captures/P19-error-1440-dark.png
 create mode 100644 docs/design/captures/P19-loading-1440-dark.png
 create mode 100644 docs/design/captures/P19-normal-1440-dark.png
 create mode 100644 docs/design/captures/P20-empty-1440-dark.png
 create mode 100644 docs/design/captures/P20-error-1440-dark.png
 create mode 100644 docs/design/captures/P20-loading-1440-dark.png
 create mode 100644 docs/design/captures/P20-normal-1440-dark.png
 create mode 100644 docs/design/captures/P21-empty-1440-dark.png
 create mode 100644 docs/design/captures/P21-error-1440-dark.png
 create mode 100644 docs/design/captures/P21-loading-1440-dark.png
 create mode 100644 docs/design/captures/P21-normal-1440-dark.png
 create mode 100644 docs/design/captures/P22-empty-1440-dark.png
 create mode 100644 docs/design/captures/P22-error-1440-dark.png
 create mode 100644 docs/design/captures/P22-loading-1440-dark.png
 create mode 100644 docs/design/captures/P22-normal-1440-dark.png
 create mode 100644 docs/design/captures/P23-empty-1440-dark.png
 create mode 100644 docs/design/captures/P23-error-1440-dark.png
 create mode 100644 docs/design/captures/P23-loading-1440-dark.png
 create mode 100644 docs/design/captures/P23-normal-1440-dark.png
 create mode 100644 docs/design/captures/PGD01-1440-dark.png
 create mode 100644 docs/design/captures/PGD02-1440-dark.png
 create mode 100644 docs/design/captures/PGD03-1440-dark.png
 create mode 100644 docs/design/captures/PGD04-1440-dark.png
 create mode 100644 docs/design/captures/PGD05-1440-dark.png
 create mode 100644 docs/design/captures/PGD06-1440-dark.png
 create mode 100644 docs/design/captures/agent-revision-conflict-1024-dark.png
 create mode 100644 docs/design/captures/agent-revision-conflict-1024-light.png
 create mode 100644 docs/design/captures/agent-revision-conflict-1280-dark.png
 create mode 100644 docs/design/captures/agent-revision-conflict-1280-light.png
 create mode 100644 docs/design/captures/agent-revision-conflict-1440-dark.png
 create mode 100644 docs/design/captures/agent-revision-conflict-1440-light.png
 create mode 100644 docs/design/captures/canvas-readonly-1024-dark.png
 create mode 100644 docs/design/captures/canvas-readonly-1024-light.png
 create mode 100644 docs/design/captures/canvas-readonly-1280-dark.png
 create mode 100644 docs/design/captures/canvas-readonly-1280-light.png
 create mode 100644 docs/design/captures/canvas-readonly-1440-dark.png
 create mode 100644 docs/design/captures/canvas-readonly-1440-light.png
 create mode 100644 docs/design/captures/canvas-save-failed-1024-dark.png
 create mode 100644 docs/design/captures/canvas-save-failed-1024-light.png
 create mode 100644 docs/design/captures/canvas-save-failed-1280-dark.png
 create mode 100644 docs/design/captures/canvas-save-failed-1280-light.png
 create mode 100644 docs/design/captures/canvas-save-failed-1440-dark.png
 create mode 100644 docs/design/captures/canvas-save-failed-1440-light.png
 create mode 100644 docs/design/captures/mobile-readonly-720-dark.png
 create mode 100644 docs/design/captures/prompt-conflict-1024-dark.png
 create mode 100644 docs/design/captures/prompt-conflict-1024-light.png
 create mode 100644 docs/design/captures/prompt-conflict-1280-dark.png
 create mode 100644 docs/design/captures/prompt-conflict-1280-light.png
 create mode 100644 docs/design/captures/prompt-conflict-1440-dark.png
 create mode 100644 docs/design/captures/prompt-conflict-1440-light.png
 create mode 100644 docs/design/captures/prompt-saving-failed-1024-dark.png
 create mode 100644 docs/design/captures/prompt-saving-failed-1024-light.png
 create mode 100644 docs/design/captures/prompt-saving-failed-1280-dark.png
 create mode 100644 docs/design/captures/prompt-saving-failed-1280-light.png
 create mode 100644 docs/design/captures/prompt-saving-failed-1440-dark.png
 create mode 100644 docs/design/captures/prompt-saving-failed-1440-light.png
 create mode 100644 docs/design/captures/submission-unknown-1024-dark.png
 create mode 100644 docs/design/captures/submission-unknown-1024-light.png
 create mode 100644 docs/design/captures/submission-unknown-1280-dark.png
 create mode 100644 docs/design/captures/submission-unknown-1280-light.png
 create mode 100644 docs/design/captures/submission-unknown-1440-dark.png
 create mode 100644 docs/design/captures/submission-unknown-1440-light.png
 create mode 100644 docs/design/captures/text-confirmation-1024-dark.png
 create mode 100644 docs/design/captures/text-confirmation-1024-light.png
 create mode 100644 docs/design/captures/text-confirmation-1280-dark.png
 create mode 100644 docs/design/captures/text-confirmation-1280-light.png
 create mode 100644 docs/design/captures/text-confirmation-1440-dark.png
 create mode 100644 docs/design/captures/text-confirmation-1440-light.png
 create mode 100644 docs/design/captures/video-confirmation-1024-dark.png
 create mode 100644 docs/design/captures/video-confirmation-1024-light.png
 create mode 100644 docs/design/captures/video-confirmation-1280-dark.png
 create mode 100644 docs/design/captures/video-confirmation-1280-light.png
 create mode 100644 docs/design/captures/video-confirmation-1440-dark.png
 create mode 100644 docs/design/captures/video-confirmation-1440-light.png
 create mode 100644 docs/design/review-data.js
 create mode 100644 docs/design/review-data.json
 create mode 100644 docs/design/visual-manifest.json
 create mode 100644 docs/design/visual-review.css
 create mode 100644 docs/design/visual-review.html
 create mode 100644 docs/design/visual-review.js
 create mode 100644 docs/review/evidence/T02.json
 create mode 100644 docs/review/logs/T01-T02-regression.log
 create mode 100644 docs/review/logs/T02-baseline-pending.log
 create mode 100644 docs/review/logs/T02-browser-check.json
 create mode 100644 docs/review/logs/T02-browser-green.log
 create mode 100644 docs/review/logs/T02-browser-initial-failure.json
 create mode 100644 docs/review/logs/T02-browser-red.log
 create mode 100644 docs/review/logs/T02-red.log
 create mode 100644 docs/review/logs/T02-review-tool-install.log
 create mode 100644 docs/review/toolchain/visual-review.package-lock.json
 create mode 100644 docs/review/toolchain/visual-review.package.json
 create mode 100644 docs/review/visual-signoff.md
 create mode 100644 scripts/build-visual-review.mjs
 create mode 100644 scripts/capture-visual-review.mjs
 create mode 100644 scripts/serve-review.mjs
 create mode 100644 tests/planning/visual-baseline.test.mjs
