TAP version 13
# Subtest: T03-C01: public and foreign-loopback requests fail closed
ok 1 - T03-C01: public and foreign-loopback requests fail closed
  ---
  duration_ms: 0.7323
  type: 'test'
  ...
# Subtest: T03-C02: server reuse is disabled
ok 2 - T03-C02: server reuse is disabled
  ---
  duration_ms: 0.4313
  type: 'test'
  ...
# Subtest: T03-C03: isolated mock tooling exposes all commands without credentials
ok 3 - T03-C03: isolated mock tooling exposes all commands without credentials
  ---
  duration_ms: 0.7723
  type: 'test'
  ...
# Subtest: T03-C04: empty suites and missing dependencies cannot pass
ok 4 - T03-C04: empty suites and missing dependencies cannot pass
  ---
  duration_ms: 0.26
  type: 'test'
  ...
# Subtest: T03-C05: one npm lock contains exact declared dependencies
ok 5 - T03-C05: one npm lock contains exact declared dependencies
  ---
  duration_ms: 2.0936
  type: 'test'
  ...
1..5
# tests 5
# suites 0
# pass 5
# fail 0
# cancelled 0
# skipped 0
# todo 0
# duration_ms 106.2573
