
> aiwork-studio@0.0.1 test:unit
> vitest run tests/unit/project-lease.test.ts


 RUN  v4.1.11 E:/trae-studio/TRAEWORK/aiwork-studio

 ❯ tests/unit/project-lease.test.ts (7 tests | 7 failed) 31ms
   × T06-C01: only one tab obtains writer ownership 16ms
   × T06-C02: force takeover increments epoch and denies old writer at database 2ms
   × T06-C03: sleeping expired writer cannot renew or write 2ms
   × T06-C04: run dispatch is single flight across tabs 2ms
   × T06-C05: no broadcast is needed for database enforcement 6ms
   × dispatch sent marker survives lease expiry and project takeover 1ms
   × unsent expired claim can transfer, while old claimant cannot mark dispatch 1ms

⎯⎯⎯⎯⎯⎯⎯ Failed Tests 7 ⎯⎯⎯⎯⎯⎯⎯

 FAIL  tests/unit/project-lease.test.ts > T06-C01: only one tab obtains writer ownership
AssertionError: expected [ { ok: true, epoch: 1, …(3) }, …(1) ] to have a length of 1 but got 2

- Expected
+ Received

- 1
+ 2

 ❯ tests/unit/project-lease.test.ts:16:147
     14| afterEach(()=>{db.close();vi.restoreAllMocks();});
     15| it('T06-C01: only one tab obtains writer ownership',async()=>{
     16|  const results=await Promise.all([acquireProjectLease('p1','a',now,{db…
       |                                                                                                                                                   ^
     17| });
     18| it('T06-C02: force takeover increments epoch and denies old writer at …

⎯⎯⎯⎯⎯⎯⎯⎯⎯⎯⎯⎯⎯⎯⎯⎯⎯⎯⎯⎯⎯⎯⎯⎯[1/7]⎯

 FAIL  tests/unit/project-lease.test.ts > T06-C02: force takeover increments epoch and denies old writer at database
AssertionError: expected false to be true // Object.is equality

- Expected
+ Received

- true
+ false

 ❯ tests/unit/project-lease.test.ts:19:145
     17| });
     18| it('T06-C02: force takeover increments epoch and denies old writer at …
     19|  const a=await acquireProjectLease('p1','a',now,{db});const b=await ta…
       |                                                                                                                                                 ^
     20|  if(!a.ok)throw new Error('setup');const result=await saveProject(f.pr…
     21| });

⎯⎯⎯⎯⎯⎯⎯⎯⎯⎯⎯⎯⎯⎯⎯⎯⎯⎯⎯⎯⎯⎯⎯⎯[2/7]⎯

 FAIL  tests/unit/project-lease.test.ts > T06-C03: sleeping expired writer cannot renew or write
AssertionError: expected true to be false // Object.is equality

- Expected
+ Received

- false
+ true

 ❯ tests/unit/project-lease.test.ts:24:57
     22| it('T06-C03: sleeping expired writer cannot renew or write',async()=>{
     23|  const a=await acquireProjectLease('p1','a',now,{db});if(!a.ok)throw n…
     24|  expect((await renewProjectLease(a.token,now,{db})).ok).toBe(false);
       |                                                         ^
     25|  expect((await saveProject(f.project({revision:2}),1,{db,...{lease:a.t…
     26| });

⎯⎯⎯⎯⎯⎯⎯⎯⎯⎯⎯⎯⎯⎯⎯⎯⎯⎯⎯⎯⎯⎯⎯⎯[3/7]⎯

 FAIL  tests/unit/project-lease.test.ts > T06-C04: run dispatch is single flight across tabs
AssertionError: expected [ { ok: true, epoch: 1, …(2) }, …(1) ] to have a length of 1 but got 2

- Expected
+ Received

- 1
+ 2

 ❯ tests/unit/project-lease.test.ts:28:141
     26| });
     27| it('T06-C04: run dispatch is single flight across tabs',async()=>{
     28|  const results=await Promise.all([claimRunDispatch('r1','a',{db,now}),…
       |                                                                                                                                             ^
     29| });
     30| it('T06-C05: no broadcast is needed for database enforcement',async()=…

⎯⎯⎯⎯⎯⎯⎯⎯⎯⎯⎯⎯⎯⎯⎯⎯⎯⎯⎯⎯⎯⎯⎯⎯[4/7]⎯

 FAIL  tests/unit/project-lease.test.ts > T06-C05: no broadcast is needed for database enforcement
AssertionError: expected 'saved' to be 'failed' // Object.is equality

Expected: "failed"
Received: "saved"

 ❯ tests/unit/project-lease.test.ts:31:69
     29| });
     30| it('T06-C05: no broadcast is needed for database enforcement',async()=…
     31|  expect((await saveProject(f.project({revision:2}),1,{db})).status).to…
       |                                                                     ^
     32| });
     33| it('dispatch sent marker survives lease expiry and project takeover',a…

⎯⎯⎯⎯⎯⎯⎯⎯⎯⎯⎯⎯⎯⎯⎯⎯⎯⎯⎯⎯⎯⎯⎯⎯[5/7]⎯

 FAIL  tests/unit/project-lease.test.ts > dispatch sent marker survives lease expiry and project takeover
AssertionError: expected true to be false // Object.is equality

- Expected
+ Received

- false
+ true

 ❯ tests/unit/project-lease.test.ts:35:114
     33| it('dispatch sent marker survives lease expiry and project takeover',a…
     34|  const claim=await claimRunDispatch('r1','a',{db,now});if(!claim.ok)th…
     35|  now=100000;await takeoverProjectLease('p1','b',now,{db});expect((awai…
       |                                                                                                                  ^
     36| });
     37| it('unsent expired claim can transfer, while old claimant cannot mark …

⎯⎯⎯⎯⎯⎯⎯⎯⎯⎯⎯⎯⎯⎯⎯⎯⎯⎯⎯⎯⎯⎯⎯⎯[6/7]⎯

 FAIL  tests/unit/project-lease.test.ts > unsent expired claim can transfer, while old claimant cannot mark dispatch
AssertionError: expected true to be false // Object.is equality

- Expected
+ Received

- false
+ true

 ❯ tests/unit/project-lease.test.ts:38:225


⎯⎯⎯⎯⎯⎯⎯⎯⎯⎯⎯⎯⎯⎯⎯⎯⎯⎯⎯⎯⎯⎯⎯⎯[7/7]⎯


 Test Files  1 failed (1)
      Tests  7 failed (7)
   Start at  18:19:03
   Duration  481ms (transform 128ms, setup 42ms, import 196ms, tests 31ms, environment 0ms)

