
> aiwork-studio@0.0.1 test:unit
> vitest run tests/unit/project-lease.test.ts


 RUN  v4.1.11 E:/trae-studio/TRAEWORK/aiwork-studio

 ❯ tests/unit/project-lease.test.ts (11 tests | 1 failed) 119ms
   × invalid renewal time is rejected rather than poisoning the lease record 8ms

⎯⎯⎯⎯⎯⎯⎯ Failed Tests 1 ⎯⎯⎯⎯⎯⎯⎯

 FAIL  tests/unit/project-lease.test.ts > invalid renewal time is rejected rather than poisoning the lease record
AssertionError: expected true to be false // Object.is equality

- Expected
+ Received

- false
+ true

 ❯ tests/unit/project-lease.test.ts:22:144
     20| });
     21| it('invalid renewal time is rejected rather than poisoning the lease r…
     22|  const a=await acquireProjectLease('p1','a',now,{db});if(!a.ok)throw n…
       |                                                                                                                                                ^
     23| });
     24| it('foreground renews every 5s; hidden tabs do not renew; expired fore…

⎯⎯⎯⎯⎯⎯⎯⎯⎯⎯⎯⎯⎯⎯⎯⎯⎯⎯⎯⎯⎯⎯⎯⎯[1/1]⎯


 Test Files  1 failed (1)
      Tests  1 failed | 10 passed (11)
   Start at  18:31:59
   Duration  557ms (transform 132ms, setup 45ms, import 199ms, tests 119ms, environment 0ms)

