
> aiwork-studio@0.0.1 test:unit
> vitest run tests/unit/credential-session.test.ts


 RUN  v4.1.11 E:/trae-studio/TRAEWORK/aiwork-studio

 ❯ tests/unit/credential-session.test.ts (9 tests | 1 failed) 22ms
   × diagnostics redact signed URLs embedded inside an error message, not just URL fields 5ms

⎯⎯⎯⎯⎯⎯⎯ Failed Tests 1 ⎯⎯⎯⎯⎯⎯⎯

 FAIL  tests/unit/credential-session.test.ts > diagnostics redact signed URLs embedded inside an error message, not just URL fields
AssertionError: expected '{"message":"下载错误 https://host.invalid…' not to contain 'unregistered-signed-secret'

Expected: "unregistered-signed-secret"
Received: "{"message":"下载错误 https://host.invalid/content?X-Amz-Signature=unregistered-signed-secret&Expires=123"}"

 ❯ tests/unit/credential-session.test.ts:48:25
     46| it('diagnostics redact signed URLs embedded inside an error message, n…
     47|  const diagnostic=JSON.stringify(redact({message:'下载错误 https://host.in…
     48|  expect(diagnostic).not.toContain('unregistered-signed-secret');expect…
       |                         ^
     49| });
     50| it('ordinary-user binding and config copy cannot grant bridge/admin ac…

⎯⎯⎯⎯⎯⎯⎯⎯⎯⎯⎯⎯⎯⎯⎯⎯⎯⎯⎯⎯⎯⎯⎯⎯[1/1]⎯


 Test Files  1 failed (1)
      Tests  1 failed | 8 passed (9)
   Start at  19:25:45
   Duration  398ms (transform 93ms, setup 39ms, import 150ms, tests 22ms, environment 0ms)

