
> aiwork-studio@0.0.1 test:unit
> vitest run tests/unit/project-library.test.ts


 RUN  v4.1.11 E:/trae-studio/TRAEWORK/aiwork-studio

 ❯ tests/unit/project-library.test.ts (4 tests | 1 failed) 30ms
   × clone retains explicitly imported project attachments even when they are not placed on the graph 6ms

⎯⎯⎯⎯⎯⎯⎯ Failed Tests 1 ⎯⎯⎯⎯⎯⎯⎯

 FAIL  tests/unit/project-library.test.ts > clone retains explicitly imported project attachments even when they are not placed on the graph
AssertionError: expected [] to deep equally contain ObjectContaining{…}

- Expected:
ObjectContaining {
  "assetId": "a1",
  "kind": "project-import",
  "projectId": "65c7c29d-dfd6-4eb2-b658-106643720ded",
}

+ Received:
[]

 ❯ tests/unit/project-library.test.ts:25:16


⎯⎯⎯⎯⎯⎯⎯⎯⎯⎯⎯⎯⎯⎯⎯⎯⎯⎯⎯⎯⎯⎯⎯⎯[1/1]⎯


 Test Files  1 failed (1)
      Tests  1 failed | 3 passed (4)
   Start at  20:19:20
   Duration  512ms (transform 162ms, setup 44ms, import 241ms, tests 30ms, environment 0ms)

