
> aiwork-studio@0.0.1 test:e2e
> playwright test tests/e2e/canvas-viewport.spec.ts tests/e2e/app-shell.spec.ts tests/e2e/project-library.spec.ts

[WebServer] (node:33556) Warning: The 'NO_COLOR' env is ignored due to the 'FORCE_COLOR' env being set.
[WebServer] (Use `node --trace-warnings ...` to show where the warning was created)

Running 23 tests using 1 worker

(node:28096) Warning: The 'NO_COLOR' env is ignored due to the 'FORCE_COLOR' env being set.
(Use `node --trace-warnings ...` to show where the warning was created)
(node:28096) Warning: The 'NO_COLOR' env is ignored due to the 'FORCE_COLOR' env being set.
(Use `node --trace-warnings ...` to show where the warning was created)
  ok  1 tests\e2e\app-shell.spec.ts:2:1 › T11-C01/C02: local mode enters projects and eight owned navigation entries are available (798ms)
  ok  2 tests\e2e\app-shell.spec.ts:8:1 › T11 welcome: unsafe address is rejected, Key visibility resets on blur and no credentials persist (662ms)
  ok  3 tests\e2e\app-shell.spec.ts:14:1 › T11 global search uses local data and returns actual project titles without network (955ms)
  ok  4 tests\e2e\app-shell.spec.ts:22:1 › T11-C03: unknown routes show owned 404 and a working return (548ms)
  ok  5 tests\e2e\app-shell.spec.ts:25:1 › T11-C04: nested dialogs trap focus, Esc closes the top layer and restores its trigger (824ms)
  ok  6 tests\e2e\app-shell.spec.ts:32:1 › T11-C05: composing and editable targets do not trigger global keyboard commands (574ms)
  ok  7 tests\e2e\app-shell.spec.ts:37:1 › T11-C06: entry/navigation never opens external links automatically (632ms)
  ok  8 tests\e2e\app-shell.spec.ts:42:1 › T11: accepted font size, dark/light themes and narrow layout remain readable (977ms)
  ok  9 tests\e2e\canvas-viewport.spec.ts:6:1 › T13-C01: invalid zoom restores value; bounds disable buttons and persist without creative revision (1.1s)
  ok 10 tests\e2e\canvas-viewport.spec.ts:10:1 › T13-C02: fit leaves 48px and keyboard outline is equivalent to box selection (912ms)
  ok 11 tests\e2e\canvas-viewport.spec.ts:14:1 › T13-C04: space in input is retained and canvas pan is separate from graph edits (835ms)
  ok 12 tests\e2e\canvas-viewport.spec.ts:17:1 › T13-C05: dragging previews in memory, mouseup commits once; undo/redo does not submit (925ms)
  ok 13 tests\e2e\canvas-viewport.spec.ts:20:1 › T13-C06: another writer makes canvas readonly; takeover requires explicit dialog (943ms)
  ok 14 tests\e2e\canvas-viewport.spec.ts:23:1 › T13 controls: text paste treats URL as text, minimap/background persist and no fetch occurs (1.2s)
  ok 15 tests\e2e\canvas-viewport.spec.ts:27:1 › T13 navigation: quota failure retains draft and blocks browser Back until explicit discard (1.0s)
  ok 16 tests\e2e\project-library.spec.ts:4:1 › T12-C01/C06: create validates name, survives reload and does not submit a model (1.2s)
  ok 17 tests\e2e\project-library.spec.ts:10:1 › T12-C02: clone shares media but copies neither Run nor Key nor queue (941ms)
  ok 18 tests\e2e\project-library.spec.ts:17:1 › T12-C03/C04: soft deletion preserves unknown tracking and shared blob, permanent removal remains blocked (1.2s)
  ok 19 tests\e2e\project-library.spec.ts:23:1 › T12-C05: search, view changes and multi-select retain exact selection scope (1.2s)
  ok 20 tests\e2e\project-library.spec.ts:29:1 › T12 templates are original local structures and never come with execution approval (594ms)
  ok 21 tests\e2e\project-library.spec.ts:32:1 › T12 Z03: batch permanent removal separately confirms safe items and reports blocked tracking (910ms)
  ok 22 tests\e2e\project-library.spec.ts:38:1 › T12 / W06: welcome opens the real new-project dialog; rename Escape preserves the stored name (926ms)
  ok 23 tests\e2e\project-library.spec.ts:43:1 › T12 batch archive: locked project is reported by name and remains unmodified (1.0s)

  23 passed (24.5s)
