
> aiwork-studio@0.0.1 test:e2e
> playwright test tests/e2e/canvas-layout.spec.ts tests/e2e/canvas-viewport.spec.ts tests/e2e/typed-nodes.spec.ts

[WebServer] (node:19700) Warning: The 'NO_COLOR' env is ignored due to the 'FORCE_COLOR' env being set.
[WebServer] (Use `node --trace-warnings ...` to show where the warning was created)

Running 25 tests using 1 worker

(node:36788) Warning: The 'NO_COLOR' env is ignored due to the 'FORCE_COLOR' env being set.
(Use `node --trace-warnings ...` to show where the warning was created)
(node:36788) Warning: The 'NO_COLOR' env is ignored due to the 'FORCE_COLOR' env being set.
(Use `node --trace-warnings ...` to show where the warning was created)
  ok  1 tests\e2e\canvas-layout.spec.ts:6:1 › T15-C01: duplicate uses new ID and 24px offset, without creating an execution (1.3s)
  ok  2 tests\e2e\canvas-layout.spec.ts:7:1 › T15-C02/C03: grouping/ungrouping preserves world positions; collapse preserves dependencies (1.2s)
  ok  3 tests\e2e\canvas-layout.spec.ts:8:1 › T15-C04: layout is previewed, Cancel preserves revision, Apply commits once without topology changes (1.2s)
  ok  4 tests\e2e\canvas-layout.spec.ts:9:1 › T15-C05: deleting a node preserves shared media and original Run, undo restores placement (1.1s)
  ok  5 tests\e2e\canvas-layout.spec.ts:10:1 › T15-C06: marking a fixed result changes only selection revision and downstream drafts (1.0s)
  ok  6 tests\e2e\canvas-layout.spec.ts:11:1 › T15 menu: lock rejects movement; branch duplicates draft inputs with no approval (1.1s)
  ok  7 tests\e2e\canvas-layout.spec.ts:12:1 › T15 clipboard: omitted external inputs remain a persisted warning after refresh (1.4s)
  x   8 tests\e2e\canvas-layout.spec.ts:13:1 › T15 outline filters and sort preserve graph/references and indicate empty results (3.4s)
(node:19716) Warning: The 'NO_COLOR' env is ignored due to the 'FORCE_COLOR' env being set.
(Use `node --trace-warnings ...` to show where the warning was created)
(node:19716) Warning: The 'NO_COLOR' env is ignored due to the 'FORCE_COLOR' env being set.
(Use `node --trace-warnings ...` to show where the warning was created)
  ok  9 tests\e2e\canvas-viewport.spec.ts:6:1 › T13-C01: invalid zoom restores value; bounds disable buttons and persist without creative revision (1.4s)
  ok 10 tests\e2e\canvas-viewport.spec.ts:10:1 › T13-C02: fit leaves 48px and keyboard outline is equivalent to box selection (1.0s)
  ok 11 tests\e2e\canvas-viewport.spec.ts:14:1 › T13-C04: space in input is retained and canvas pan is separate from graph edits (992ms)
  ok 12 tests\e2e\canvas-viewport.spec.ts:17:1 › T13-C05: dragging previews in memory, mouseup commits once; undo/redo does not submit (1.1s)
  ok 13 tests\e2e\canvas-viewport.spec.ts:20:1 › T13-C06: another writer makes canvas readonly; takeover requires explicit dialog (992ms)
  ok 14 tests\e2e\canvas-viewport.spec.ts:23:1 › T13 controls: text paste treats URL as text, minimap/background persist and no fetch occurs (1.3s)
  ok 15 tests\e2e\canvas-viewport.spec.ts:27:1 › T13 navigation: quota failure retains draft and blocks browser Back until explicit discard (1.3s)
  ok 16 tests\e2e\typed-nodes.spec.ts:5:1 › T14-C04: unknown capabilities keep video drafts editable without an execution button (871ms)
  ok 17 tests\e2e\typed-nodes.spec.ts:8:1 › T14-C05: debounced local text saves; UTF-8 overflow keeps persisted text intact (2.0s)
  ok 18 tests\e2e\typed-nodes.spec.ts:11:1 › T14-C01/C02: explicit ordered inputs persist through layout; disconnect never rewrites Run (1.2s)
  ok 19 tests\e2e\typed-nodes.spec.ts:14:1 › T14-C03: result node displays fixed asset and run; preview does not replace history (873ms)
  ok 20 tests\e2e\typed-nodes.spec.ts:17:1 › T14 N02/T02: title validates Unicode length and display font does not edit content (1.1s)
  ok 21 tests\e2e\typed-nodes.spec.ts:20:1 › T14 N13: ports support keyboard and pointer equivalents; invalid type stays unconnected (993ms)
  ok 22 tests\e2e\typed-nodes.spec.ts:21:1 › T14 node creation: local asset and fixed result references use existing identities (1.1s)
  ok 23 tests\e2e\typed-nodes.spec.ts:22:1 › T14 tab identity: a duplicated session identity is fenced, while reload keeps the original writer (1.7s)
  ok 24 tests\e2e\typed-nodes.spec.ts:23:1 › T14 N13: real pointer drag from text output to text input creates one dependency (945ms)
  ok 25 tests\e2e\typed-nodes.spec.ts:24:1 › T14 identity fallback: without Web Locks a copied session cannot reuse another writer identity (1.4s)


  1) tests\e2e\canvas-layout.spec.ts:13:1 › T15 outline filters and sort preserve graph/references and indicate empty results 

    TimeoutError: locator.selectOption: Timeout 2500ms exceeded.
    Call log:
    [2m  - waiting for getByLabel('节点类型', { exact: true })[22m


      11 | test('T15 menu: lock rejects movement; branch duplicates draft inputs with no approval',async({page,networkCounter})=>{await page.getByTestId('node-video-1').getByTestId('node-handle').click({button:'right'});const menu=page.getByRole('dialog',{name:'节点操作'});await menu.getByRole('button',{name:'复制为分支',exact:true}).click();await expect(page.locator('[data-node-type="video-generation"]')).toHaveCount(2);expect((await stored(page)).runs).toHaveLength(1);await page.getByLabel('选择 镜头文字',{exact:true}).check();await page.getByRole('button',{name:'锁定选中',exact:true}).click();await expect(page.getByTestId('node-text-1').getByTestId('node-handle')).toContainText('已锁定');expect(networkCounter.paidRequests).toHaveLength(0);});
      12 | test('T15 clipboard: omitted external inputs remain a persisted warning after refresh',async({page})=>{const video=page.getByTestId('node-video-1');await video.getByRole('button',{name:'选择输入',exact:true}).click();await page.getByRole('dialog',{name:'选择输入'}).getByRole('button',{name:'连接 镜头文字',exact:true}).click();await page.getByLabel('选择 视频草稿',{exact:true}).check();await page.getByTestId('canvas-stage').focus();await page.keyboard.press('Control+d');await expect(page.locator('[data-node-type="video-generation"]')).toHaveCount(2);await page.reload();await expect(page.getByText('缺少复制前的外部输入，请明确重新连接。',{exact:true})).toBeVisible();});
    > 13 | test('T15 outline filters and sort preserve graph/references and indicate empty results',async({page})=>{const before=await stored(page);await page.getByLabel('节点类型',{exact:true}).selectOption('result');await expect(page.getByLabel('选择 固定结果',{exact:true})).toBeVisible();await expect(page.getByLabel('选择 镜头文字',{exact:true})).toHaveCount(0);await page.getByLabel('大纲排序',{exact:true}).selectOption('title');await page.getByLabel('查找节点',{exact:true}).fill('不存在的镜头');await expect(page.getByText('没有匹配节点',{exact:true})).toBeVisible();expect((await stored(page)).graph).toEqual(before.graph);});
         |                                                                                                                                                                                     ^
      14 |
      15 |
        at E:\trae-studio\TRAEWORK\aiwork-studio\tests\e2e\canvas-layout.spec.ts:13:181

    Error Context: test-results\canvas-layout-T15-outline--dea3b--and-indicate-empty-results\error-context.md

    attachment #2: trace (application/zip) ─────────────────────────────────────────────────────────
    test-results\canvas-layout-T15-outline--dea3b--and-indicate-empty-results\trace.zip
    Usage:

        npx playwright show-trace test-results\canvas-layout-T15-outline--dea3b--and-indicate-empty-results\trace.zip

    ────────────────────────────────────────────────────────────────────────────────────────────────

  1 failed
    tests\e2e\canvas-layout.spec.ts:13:1 › T15 outline filters and sort preserve graph/references and indicate empty results 
  24 passed (37.3s)
