
> aiwork-studio@0.0.1 test:e2e
> playwright test tests/e2e/canvas-layout.spec.ts -g omitted external

[WebServer] (node:16228) Warning: The 'NO_COLOR' env is ignored due to the 'FORCE_COLOR' env being set.
[WebServer] (Use `node --trace-warnings ...` to show where the warning was created)

Running 1 test using 1 worker

(node:28304) Warning: The 'NO_COLOR' env is ignored due to the 'FORCE_COLOR' env being set.
(Use `node --trace-warnings ...` to show where the warning was created)
(node:28304) Warning: The 'NO_COLOR' env is ignored due to the 'FORCE_COLOR' env being set.
(Use `node --trace-warnings ...` to show where the warning was created)
  x  1 tests\e2e\canvas-layout.spec.ts:12:1 › T15 clipboard: omitted external inputs remain a persisted warning after refresh (6.7s)


  1) tests\e2e\canvas-layout.spec.ts:12:1 › T15 clipboard: omitted external inputs remain a persisted warning after refresh 

    Error: [2mexpect([22m[31mlocator[39m[2m).[22mtoBeVisible[2m([22m[2m)[22m failed

    Locator: getByText('缺少复制前的外部输入，请明确重新连接。', { exact: true })
    Expected: visible
    Timeout: 5000ms
    Error: element(s) not found

    Call log:
    [2m  - Expect "toBeVisible" with timeout 5000ms[22m
    [2m  - waiting for getByText('缺少复制前的外部输入，请明确重新连接。', { exact: true })[22m


      10 | test('T15-C06: marking a fixed result changes only selection revision and downstream drafts',async({page,networkCounter})=>{await page.getByLabel('选择 固定结果',{exact:true}).check();const before=await stored(page);await page.getByRole('button',{name:'选用此结果',exact:true}).click();const dialog=page.getByRole('dialog',{name:'选用固定结果'});await dialog.getByRole('button',{name:'确认选用',exact:true}).click();await expect.poll(async()=>(await stored(page)).graph.revision).toBe(2);expect((await stored(page)).runs).toEqual(before.runs);expect((await stored(page)).graph.nodes.find((n:{id:string})=>n.id==='result-1').data).toMatchObject({assetId:'a3',runId:'r1',selectionRevision:1});expect(networkCounter.paidRequests).toHaveLength(0);});
      11 | test('T15 menu: lock rejects movement; branch duplicates draft inputs with no approval',async({page,networkCounter})=>{await page.getByTestId('node-video-1').getByTestId('node-handle').click({button:'right'});const menu=page.getByRole('dialog',{name:'节点操作'});await menu.getByRole('button',{name:'复制为分支',exact:true}).click();await expect(page.locator('[data-node-type="video-generation"]')).toHaveCount(2);expect((await stored(page)).runs).toHaveLength(1);await page.getByLabel('选择 镜头文字',{exact:true}).check();await page.getByRole('button',{name:'锁定选中',exact:true}).click();await expect(page.getByTestId('node-text-1').getByTestId('node-handle')).toContainText('已锁定');expect(networkCounter.paidRequests).toHaveLength(0);});
    > 12 | test('T15 clipboard: omitted external inputs remain a persisted warning after refresh',async({page})=>{const video=page.getByTestId('node-video-1');await video.getByRole('button',{name:'选择输入',exact:true}).click();await page.getByRole('dialog',{name:'选择输入'}).getByRole('button',{name:'连接 镜头文字',exact:true}).click();await page.getByLabel('选择 视频草稿',{exact:true}).check();await page.getByTestId('canvas-stage').focus();await page.keyboard.press('Control+d');await expect(page.locator('[data-node-type="video-generation"]')).toHaveCount(2);await page.reload();await expect(page.getByText('缺少复制前的外部输入，请明确重新连接。',{exact:true})).toBeVisible();});
         |                                                                                                                                                                                                                                                                                                                                                                                                                                                                                                                                                                                                                                             ^
      13 | test('T15 outline filters and sort preserve graph/references and indicate empty results',async({page})=>{const before=await stored(page);await page.getByLabel('节点类型',{exact:true}).selectOption('result');await expect(page.getByLabel('选择 固定结果',{exact:true})).toBeVisible();await expect(page.getByLabel('选择 镜头文字',{exact:true})).toHaveCount(0);await page.getByLabel('大纲排序',{exact:true}).selectOption('title');await page.getByLabel('查找节点',{exact:true}).fill('不存在的镜头');await expect(page.getByText('没有匹配节点',{exact:true})).toBeVisible();expect((await stored(page)).graph).toEqual(before.graph);});
      14 |
        at E:\trae-studio\TRAEWORK\aiwork-studio\tests\e2e\canvas-layout.spec.ts:12:621

    Error Context: test-results\canvas-layout-T15-clipboar-6a601-isted-warning-after-refresh\error-context.md

    attachment #2: trace (application/zip) ─────────────────────────────────────────────────────────
    test-results\canvas-layout-T15-clipboar-6a601-isted-warning-after-refresh\trace.zip
    Usage:

        npx playwright show-trace test-results\canvas-layout-T15-clipboar-6a601-isted-warning-after-refresh\trace.zip

    ────────────────────────────────────────────────────────────────────────────────────────────────

  1 failed
    tests\e2e\canvas-layout.spec.ts:12:1 › T15 clipboard: omitted external inputs remain a persisted warning after refresh 
