
> aiwork-studio@0.0.1 test:e2e
> playwright test tests/e2e/canvas-layout.spec.ts tests/e2e/canvas-viewport.spec.ts tests/e2e/typed-nodes.spec.ts

[WebServer] (node:25400) Warning: The 'NO_COLOR' env is ignored due to the 'FORCE_COLOR' env being set.
[WebServer] (Use `node --trace-warnings ...` to show where the warning was created)

Running 23 tests using 1 worker

(node:36112) Warning: The 'NO_COLOR' env is ignored due to the 'FORCE_COLOR' env being set.
(Use `node --trace-warnings ...` to show where the warning was created)
(node:36112) Warning: The 'NO_COLOR' env is ignored due to the 'FORCE_COLOR' env being set.
(Use `node --trace-warnings ...` to show where the warning was created)
  ok  1 tests\e2e\canvas-layout.spec.ts:6:1 › T15-C01: duplicate uses new ID and 24px offset, without creating an execution (1.2s)
  ok  2 tests\e2e\canvas-layout.spec.ts:7:1 › T15-C02/C03: grouping/ungrouping preserves world positions; collapse preserves dependencies (1.2s)
  ok  3 tests\e2e\canvas-layout.spec.ts:8:1 › T15-C04: layout is previewed, Cancel preserves revision, Apply commits once without topology changes (1.1s)
  ok  4 tests\e2e\canvas-layout.spec.ts:9:1 › T15-C05: deleting a node preserves shared media and original Run, undo restores placement (1.1s)
  ok  5 tests\e2e\canvas-layout.spec.ts:10:1 › T15-C06: marking a fixed result changes only selection revision and downstream drafts (925ms)
  ok  6 tests\e2e\canvas-layout.spec.ts:11:1 › T15 menu: lock rejects movement; branch duplicates draft inputs with no approval (1.0s)
  x   7 tests\e2e\canvas-viewport.spec.ts:6:1 › T13-C01: invalid zoom restores value; bounds disable buttons and persist without creative revision (6.2s)
(node:10688) Warning: The 'NO_COLOR' env is ignored due to the 'FORCE_COLOR' env being set.
(Use `node --trace-warnings ...` to show where the warning was created)
(node:10688) Warning: The 'NO_COLOR' env is ignored due to the 'FORCE_COLOR' env being set.
(Use `node --trace-warnings ...` to show where the warning was created)
  ok  8 tests\e2e\canvas-viewport.spec.ts:10:1 › T13-C02: fit leaves 48px and keyboard outline is equivalent to box selection (1.3s)
  ok  9 tests\e2e\canvas-viewport.spec.ts:14:1 › T13-C04: space in input is retained and canvas pan is separate from graph edits (913ms)
  ok 10 tests\e2e\canvas-viewport.spec.ts:17:1 › T13-C05: dragging previews in memory, mouseup commits once; undo/redo does not submit (1.1s)
  ok 11 tests\e2e\canvas-viewport.spec.ts:20:1 › T13-C06: another writer makes canvas readonly; takeover requires explicit dialog (1.0s)
  ok 12 tests\e2e\canvas-viewport.spec.ts:23:1 › T13 controls: text paste treats URL as text, minimap/background persist and no fetch occurs (1.3s)
  ok 13 tests\e2e\canvas-viewport.spec.ts:27:1 › T13 navigation: quota failure retains draft and blocks browser Back until explicit discard (1.2s)
  ok 14 tests\e2e\typed-nodes.spec.ts:5:1 › T14-C04: unknown capabilities keep video drafts editable without an execution button (849ms)
  ok 15 tests\e2e\typed-nodes.spec.ts:8:1 › T14-C05: debounced local text saves; UTF-8 overflow keeps persisted text intact (1.9s)
  ok 16 tests\e2e\typed-nodes.spec.ts:11:1 › T14-C01/C02: explicit ordered inputs persist through layout; disconnect never rewrites Run (1.2s)
  ok 17 tests\e2e\typed-nodes.spec.ts:14:1 › T14-C03: result node displays fixed asset and run; preview does not replace history (855ms)
  x  18 tests\e2e\typed-nodes.spec.ts:17:1 › T14 N02/T02: title validates Unicode length and display font does not edit content (3.4s)
(node:28920) Warning: The 'NO_COLOR' env is ignored due to the 'FORCE_COLOR' env being set.
(Use `node --trace-warnings ...` to show where the warning was created)
(node:28920) Warning: The 'NO_COLOR' env is ignored due to the 'FORCE_COLOR' env being set.
(Use `node --trace-warnings ...` to show where the warning was created)
  ok 19 tests\e2e\typed-nodes.spec.ts:20:1 › T14 N13: ports support keyboard and pointer equivalents; invalid type stays unconnected (1.3s)
  ok 20 tests\e2e\typed-nodes.spec.ts:21:1 › T14 node creation: local asset and fixed result references use existing identities (1.0s)
  ok 21 tests\e2e\typed-nodes.spec.ts:22:1 › T14 tab identity: a duplicated session identity is fenced, while reload keeps the original writer (1.8s)
  ok 22 tests\e2e\typed-nodes.spec.ts:23:1 › T14 N13: real pointer drag from text output to text input creates one dependency (935ms)
  ok 23 tests\e2e\typed-nodes.spec.ts:24:1 › T14 identity fallback: without Web Locks a copied session cannot reuse another writer identity (1.4s)


  1) tests\e2e\canvas-viewport.spec.ts:6:1 › T13-C01: invalid zoom restores value; bounds disable buttons and persist without creative revision 

    Error: [2mexpect([22m[31mlocator[39m[2m).[22mtoHaveValue[2m([22m[32mexpected[39m[2m)[22m failed

    Locator:  getByLabel('缩放百分比')
    Expected: [32m"2[7m00[27m"[39m
    Received: [31m"2[7m5[27m"[39m
    Timeout:  5000ms

    Call log:
    [2m  - Expect "toHaveValue" with timeout 5000ms[22m
    [2m  - waiting for getByLabel('缩放百分比')[22m
    [2m    8 × locator resolved to <input value="25" aria-label="缩放百分比" inputmode="decimal" data-interaction-id="C-05"/>[22m
    [2m      - unexpected value "25"[22m


       6 | test('T13-C01: invalid zoom restores value; bounds disable buttons and persist without creative revision',async({page})=>{
       7 |  await page.goto('/projects/p1/canvas');const zoom=page.getByLabel('缩放百分比');await zoom.fill('201');await zoom.press('Enter');await expect(page.getByText('缩放范围为25%–200%')).toBeVisible();await expect(zoom).toHaveValue('100');
    >  8 |  await zoom.fill('25');await zoom.press('Enter');await expect(page.getByRole('button',{name:'缩小',exact:true})).toBeDisabled();await zoom.fill('200');await zoom.press('Enter');await expect(page.getByRole('button',{name:'放大',exact:true})).toBeDisabled();await page.reload();await expect(zoom).toHaveValue('200');expect((await graphState(page)).graph.revision).toBe(1);
         |                                                                                                                                                                                                                                                                                                    ^
       9 | });
      10 | test('T13-C02: fit leaves 48px and keyboard outline is equivalent to box selection',async({page})=>{
      11 |  await page.goto('/projects/p1/canvas');await page.getByRole('button',{name:'适配全部'}).click();const stage=await page.getByTestId('canvas-stage').boundingBox(),node=await page.getByTestId('node-text-1').boundingBox();expect(stage).not.toBeNull();expect(node!.x-stage!.x).toBeGreaterThanOrEqual(47);expect(stage!.x+stage!.width-node!.x-node!.width).toBeGreaterThanOrEqual(47);
        at E:\trae-studio\TRAEWORK\aiwork-studio\tests\e2e\canvas-viewport.spec.ts:8:292

    Error Context: test-results\canvas-viewport-T13-C01-in-46125-t-without-creative-revision\error-context.md

    attachment #2: trace (application/zip) ─────────────────────────────────────────────────────────
    test-results\canvas-viewport-T13-C01-in-46125-t-without-creative-revision\trace.zip
    Usage:

        npx playwright show-trace test-results\canvas-viewport-T13-C01-in-46125-t-without-creative-revision\trace.zip

    ────────────────────────────────────────────────────────────────────────────────────────────────

  2) tests\e2e\typed-nodes.spec.ts:17:1 › T14 N02/T02: title validates Unicode length and display font does not edit content 

    TimeoutError: locator.fill: Timeout 2500ms exceeded.
    Call log:
    [2m  - waiting for getByRole('dialog', { name: '编辑节点标题' }).getByLabel('节点标题', { exact: true })[22m


      16 | });
      17 | test('T14 N02/T02: title validates Unicode length and display font does not edit content',async({page})=>{
    > 18 |  const node=page.getByTestId('node-text-1');await node.getByTestId('node-handle').dblclick();const dialog=page.getByRole('dialog',{name:'编辑节点标题'});await dialog.getByLabel('节点标题',{exact:true}).fill('中'.repeat(61));await dialog.getByRole('button',{name:'保存',exact:true}).click();await expect(dialog.getByRole('alert')).toContainText('1–60');await dialog.getByLabel('节点标题',{exact:true}).fill('镜头正文');await dialog.getByRole('button',{name:'保存',exact:true}).click();await expect(node.getByTestId('node-handle')).toContainText('镜头正文');await node.getByLabel('文本字号').selectOption('20');await expect(node.getByLabel('节点文本')).toHaveCSS('font-size','20px');await expect(node.getByLabel('节点文本')).toHaveValue('原创镜头');
         |                                                                                                                                                                                                 ^
      19 | });
      20 | test('T14 N13: ports support keyboard and pointer equivalents; invalid type stays unconnected',async({page})=>{await page.getByTestId('node-text-1').getByRole('button',{name:'输出文本',exact:true}).click();const video=page.getByTestId('node-video-1');await video.getByRole('button',{name:'接收图片',exact:true}).click();await expect(page.getByRole('alert').filter({hasText:'类型不匹配'})).toBeVisible();await expect(video.getByTestId('input-list').locator('li')).toHaveCount(0);await page.getByTestId('node-text-1').getByRole('button',{name:'输出文本',exact:true}).click();await video.getByRole('button',{name:'接收文本',exact:true}).click();await expect(video.getByTestId('input-list').locator('li')).toHaveCount(1);});
      21 | test('T14 node creation: local asset and fixed result references use existing identities',async({page,networkCounter})=>{await page.getByRole('button',{name:'添加节点',exact:true}).click();await page.getByRole('button',{name:'素材节点',exact:true}).click();await page.getByRole('dialog',{name:'选择素材节点'}).getByRole('button',{name:'插入 参考一',exact:true}).click();await expect(page.locator('[data-node-type="asset"]')).toHaveCount(3);await page.getByRole('button',{name:'添加节点',exact:true}).click();await page.getByRole('button',{name:'结果引用节点',exact:true}).click();await page.getByRole('dialog',{name:'选择结果引用'}).getByRole('button',{name:'引用 固定结果素材',exact:true}).click();await expect(page.locator('[data-node-type="result"]')).toHaveCount(2);expect(networkCounter.paidRequests).toHaveLength(0);});
        at E:\trae-studio\TRAEWORK\aiwork-studio\tests\e2e\typed-nodes.spec.ts:18:193

    Error Context: test-results\typed-nodes-T14-N02-T02-ti-89940--font-does-not-edit-content\error-context.md

    attachment #2: trace (application/zip) ─────────────────────────────────────────────────────────
    test-results\typed-nodes-T14-N02-T02-ti-89940--font-does-not-edit-content\trace.zip
    Usage:

        npx playwright show-trace test-results\typed-nodes-T14-N02-T02-ti-89940--font-does-not-edit-content\trace.zip

    ────────────────────────────────────────────────────────────────────────────────────────────────

  2 failed
    tests\e2e\canvas-viewport.spec.ts:6:1 › T13-C01: invalid zoom restores value; bounds disable buttons and persist without creative revision 
    tests\e2e\typed-nodes.spec.ts:17:1 › T14 N02/T02: title validates Unicode length and display font does not edit content 
  21 passed (41.2s)
