
> aiwork-studio@0.0.1 test:e2e
> playwright test tests/e2e/canvas-layout.spec.ts -g save acknowledgement

[WebServer] (node:35172) Warning: The 'NO_COLOR' env is ignored due to the 'FORCE_COLOR' env being set.
[WebServer] (Use `node --trace-warnings ...` to show where the warning was created)

Running 1 test using 1 worker

(node:35852) Warning: The 'NO_COLOR' env is ignored due to the 'FORCE_COLOR' env being set.
(Use `node --trace-warnings ...` to show where the warning was created)
(node:35852) Warning: The 'NO_COLOR' env is ignored due to the 'FORCE_COLOR' env being set.
(Use `node --trace-warnings ...` to show where the warning was created)
  x  1 tests\e2e\canvas-layout.spec.ts:14:1 › T15 save acknowledgement: a display read error after commit never reports an unsaved transaction (6.3s)


  1) tests\e2e\canvas-layout.spec.ts:14:1 › T15 save acknowledgement: a display read error after commit never reports an unsaved transaction 

    Error: [2mexpect([22m[31mlocator[39m[2m).[22mtoBeVisible[2m([22m[2m)[22m failed

    Locator: getByText('已保存 · 展示刷新失败', { exact: true })
    Expected: visible
    Timeout: 5000ms
    Error: element(s) not found

    Call log:
    [2m  - Expect "toBeVisible" with timeout 5000ms[22m
    [2m  - waiting for getByText('已保存 · 展示刷新失败', { exact: true })[22m


      12 | test('T15 clipboard: omitted external inputs remain a persisted warning after refresh',async({page})=>{const video=page.getByTestId('node-video-1');await video.getByRole('button',{name:'选择输入',exact:true}).click();await page.getByRole('dialog',{name:'选择输入'}).getByRole('button',{name:'连接 镜头文字',exact:true}).click();await page.getByLabel('选择 视频草稿',{exact:true}).check();await page.getByTestId('canvas-stage').focus();await page.keyboard.press('Control+d');await expect(page.locator('[data-node-type="video-generation"]')).toHaveCount(2);await page.reload();await expect(page.getByText('缺少复制前的外部输入，请明确重新连接。',{exact:true})).toBeVisible();});
      13 | test('T15 outline filters and sort preserve graph/references and indicate empty results',async({page})=>{const before=await stored(page);await page.getByRole('combobox',{name:'节点类型',exact:true}).selectOption('result');await expect(page.getByLabel('选择 固定结果',{exact:true})).toBeVisible();await expect(page.getByLabel('选择 镜头文字',{exact:true})).toHaveCount(0);await page.getByRole('combobox',{name:'大纲排序',exact:true}).selectOption('title');await page.getByLabel('查找节点',{exact:true}).fill('不存在的镜头');await expect(page.getByText('没有匹配节点',{exact:true})).toBeVisible();expect((await stored(page)).graph).toEqual(before.graph);});
    > 14 | test('T15 save acknowledgement: a display read error after commit never reports an unsaved transaction',async({page})=>{await page.getByLabel('选择 镜头文字',{exact:true}).check();await page.evaluate(()=>{const original=IDBObjectStore.prototype.getAll;let calls=0;IDBObjectStore.prototype.getAll=function(...args:Parameters<IDBObjectStore['getAll']>){if(this.name==='assets'&&++calls===2)throw new DOMException('display read fault','UnknownError');return original.apply(this,args);};});await page.getByTestId('canvas-stage').focus();await page.keyboard.press('Control+d');await expect(page.getByText('已保存 · 展示刷新失败',{exact:true})).toBeVisible();expect((await stored(page)).graph.revision).toBe(2);await page.reload();await expect(page.locator('[data-node-type="text"]')).toHaveCount(2);});
         |                                                                                                                                                                                                                                                                                                                                                                                                                                                                                                                                                                                                                                                 ^
      15 |
      16 |
      17 |
        at E:\trae-studio\TRAEWORK\aiwork-studio\tests\e2e\canvas-layout.spec.ts:14:625

    Error Context: test-results\canvas-layout-T15-save-ack-7b66b-orts-an-unsaved-transaction\error-context.md

    attachment #2: trace (application/zip) ─────────────────────────────────────────────────────────
    test-results\canvas-layout-T15-save-ack-7b66b-orts-an-unsaved-transaction\trace.zip
    Usage:

        npx playwright show-trace test-results\canvas-layout-T15-save-ack-7b66b-orts-an-unsaved-transaction\trace.zip

    ────────────────────────────────────────────────────────────────────────────────────────────────

  1 failed
    tests\e2e\canvas-layout.spec.ts:14:1 › T15 save acknowledgement: a display read error after commit never reports an unsaved transaction 
