
> aiwork-studio@0.0.1 test:e2e
> playwright test tests/e2e/canvas-layout.spec.ts tests/e2e/canvas-viewport.spec.ts

[WebServer] (node:30176) Warning: The 'NO_COLOR' env is ignored due to the 'FORCE_COLOR' env being set.
[WebServer] (Use `node --trace-warnings ...` to show where the warning was created)

Running 18 tests using 1 worker

(node:32080) Warning: The 'NO_COLOR' env is ignored due to the 'FORCE_COLOR' env being set.
(Use `node --trace-warnings ...` to show where the warning was created)
(node:32080) Warning: The 'NO_COLOR' env is ignored due to the 'FORCE_COLOR' env being set.
(Use `node --trace-warnings ...` to show where the warning was created)
  ok  1 tests\e2e\canvas-layout.spec.ts:6:1 › T15-C01: duplicate uses new ID and 24px offset, without creating an execution (1.2s)
  ok  2 tests\e2e\canvas-layout.spec.ts:7:1 › T15-C02/C03: grouping/ungrouping preserves world positions; collapse preserves dependencies (1.2s)
  ok  3 tests\e2e\canvas-layout.spec.ts:8:1 › T15-C04: layout is previewed, Cancel preserves revision, Apply commits once without topology changes (1.1s)
  ok  4 tests\e2e\canvas-layout.spec.ts:9:1 › T15-C05: deleting a node preserves shared media and original Run, undo restores placement (1.1s)
  ok  5 tests\e2e\canvas-layout.spec.ts:10:1 › T15-C06: marking a fixed result changes only selection revision and downstream drafts (965ms)
  ok  6 tests\e2e\canvas-layout.spec.ts:11:1 › T15 menu: lock rejects movement; branch duplicates draft inputs with no approval (1.0s)
  ok  7 tests\e2e\canvas-layout.spec.ts:12:1 › T15 clipboard: omitted external inputs remain a persisted warning after refresh (1.3s)
  ok  8 tests\e2e\canvas-layout.spec.ts:13:1 › T15 outline filters and sort preserve graph/references and indicate empty results (870ms)
  ok  9 tests\e2e\canvas-layout.spec.ts:14:1 › T15 save acknowledgement: a display read error after commit never reports an unsaved transaction (1.3s)
  ok 10 tests\e2e\canvas-layout.spec.ts:15:1 › T15 edit protection: invalid local text is an unsaved draft and cannot silently leave (899ms)
  ok 11 tests\e2e\canvas-layout.spec.ts:16:1 › T15 clipboard routing: an empty internal clipboard leaves external paste available without reading OS clipboard (773ms)
  ok 12 tests\e2e\canvas-viewport.spec.ts:6:1 › T13-C01: invalid zoom restores value; bounds disable buttons and persist without creative revision (1.1s)
  ok 13 tests\e2e\canvas-viewport.spec.ts:10:1 › T13-C02: fit leaves 48px and keyboard outline is equivalent to box selection (959ms)
  ok 14 tests\e2e\canvas-viewport.spec.ts:14:1 › T13-C04: space in input is retained and canvas pan is separate from graph edits (909ms)
  ok 15 tests\e2e\canvas-viewport.spec.ts:17:1 › T13-C05: dragging previews in memory, mouseup commits once; undo/redo does not submit (1.0s)
  ok 16 tests\e2e\canvas-viewport.spec.ts:20:1 › T13-C06: another writer makes canvas readonly; takeover requires explicit dialog (992ms)
  ok 17 tests\e2e\canvas-viewport.spec.ts:23:1 › T13 controls: text paste treats URL as text, minimap/background persist and no fetch occurs (1.3s)
  ok 18 tests\e2e\canvas-viewport.spec.ts:27:1 › T13 navigation: quota failure retains draft and blocks browser Back until explicit discard (1.2s)

  18 passed (22.6s)
