
> aiwork-studio@0.0.1 test:e2e
> playwright test

[WebServer] (node:2248) Warning: The 'NO_COLOR' env is ignored due to the 'FORCE_COLOR' env being set.
[WebServer] (Use `node --trace-warnings ...` to show where the warning was created)

Running 69 tests using 1 worker

(node:12160) Warning: The 'NO_COLOR' env is ignored due to the 'FORCE_COLOR' env being set.
(Use `node --trace-warnings ...` to show where the warning was created)
(node:12160) Warning: The 'NO_COLOR' env is ignored due to the 'FORCE_COLOR' env being set.
(Use `node --trace-warnings ...` to show where the warning was created)
  ok  1 tests\e2e\app-shell.spec.ts:2:1 › T11-C01/C02: local mode enters projects and eight owned navigation entries are available (950ms)
  ok  2 tests\e2e\app-shell.spec.ts:8:1 › T11 welcome: unsafe address is rejected, Key visibility resets on blur and no credentials persist (625ms)
  ok  3 tests\e2e\app-shell.spec.ts:14:1 › T11 global search uses local data and returns actual project titles without network (978ms)
  ok  4 tests\e2e\app-shell.spec.ts:22:1 › T11-C03: unknown routes show owned 404 and a working return (601ms)
  ok  5 tests\e2e\app-shell.spec.ts:25:1 › T11-C04: nested dialogs trap focus, Esc closes the top layer and restores its trigger (900ms)
  ok  6 tests\e2e\app-shell.spec.ts:32:1 › T11-C05: composing and editable targets do not trigger global keyboard commands (649ms)
  ok  7 tests\e2e\app-shell.spec.ts:37:1 › T11-C06: entry/navigation never opens external links automatically (565ms)
  ok  8 tests\e2e\app-shell.spec.ts:42:1 › T11: accepted font size, dark/light themes and narrow layout remain readable (962ms)
  ok  9 tests\e2e\asset-import.spec.ts:2:1 › T07 browser: worker hash, decoded metadata, thumbnail and individual corruption reporting without upload (472ms)
  ok 10 tests\e2e\asset-library.spec.ts:2:1 › T16 different content confirmation creates a new asset and retains original graph and source (1.8s)
  ok 11 tests\e2e\asset-library.spec.ts:3:1 › T16 input replacement previews downstream then changes draft binding with historical Run unchanged (1.6s)
  ok 12 tests\e2e\asset-library.spec.ts:4:1 › T16 player cleanup: hiding active media pauses the detached element and releases its object URL (922ms)
  ok 13 tests\e2e\asset-library.spec.ts:5:1 › T16 tags and metadata: shared limits reject invalid tags and stale undo instead of overwriting (1.1s)
  ok 14 tests\e2e\asset-library.spec.ts:6:1 › T16 canvas files: native file paste saves blob, identity and node together; quota rollback keeps original state (1.5s)
  ok 15 tests\e2e\asset-library.spec.ts:7:1 › T16 readonly target: insert is blocked by another writer without creating nodes or media (999ms)
  ok 16 tests\e2e\asset-library.spec.ts:10:1 › T16-C01/C02: native audio is initially muted without autoplay and only one player stays active (1.0s)
  ok 17 tests\e2e\asset-library.spec.ts:11:1 › T16-C05: filtering, selection, view switch and reference navigation are keyboard accessible (1.0s)
  ok 18 tests\e2e\asset-library.spec.ts:12:1 › T16-C03: same hash restores original identity; same filename with different content does not replace silently (2.2s)
  ok 19 tests\e2e\asset-library.spec.ts:13:1 › T16-M07: metadata saves and undo keeps content hash and synchronizes canvas display (1.1s)
  ok 20 tests\e2e\asset-library.spec.ts:14:1 › T16-M03/M08: image fit/original preview and insertion only adds an asset node (1.1s)
  ok 21 tests\e2e\canvas-layout.spec.ts:6:1 › T15-C01: duplicate uses new ID and 24px offset, without creating an execution (1.0s)
  ok 22 tests\e2e\canvas-layout.spec.ts:7:1 › T15-C02/C03: grouping/ungrouping preserves world positions; collapse preserves dependencies (1.3s)
  ok 23 tests\e2e\canvas-layout.spec.ts:8:1 › T15-C04: layout is previewed, Cancel preserves revision, Apply commits once without topology changes (1.1s)
  ok 24 tests\e2e\canvas-layout.spec.ts:9:1 › T15-C05: deleting a node preserves shared media and original Run, undo restores placement (1.1s)
  ok 25 tests\e2e\canvas-layout.spec.ts:10:1 › T15-C06: marking a fixed result changes only selection revision and downstream drafts (952ms)
  ok 26 tests\e2e\canvas-layout.spec.ts:11:1 › T15 menu: lock rejects movement; branch duplicates draft inputs with no approval (1.0s)
  ok 27 tests\e2e\canvas-layout.spec.ts:12:1 › T15 clipboard: omitted external inputs remain a persisted warning after refresh (1.3s)
  ok 28 tests\e2e\canvas-layout.spec.ts:13:1 › T15 outline filters and sort preserve graph/references and indicate empty results (892ms)
  ok 29 tests\e2e\canvas-layout.spec.ts:14:1 › T15 save acknowledgement: a display read error after commit never reports an unsaved transaction (1.3s)
  ok 30 tests\e2e\canvas-layout.spec.ts:15:1 › T15 edit protection: invalid local text is an unsaved draft and cannot silently leave (895ms)
  ok 31 tests\e2e\canvas-layout.spec.ts:16:1 › T15 clipboard routing: an empty internal clipboard leaves external paste available without reading OS clipboard (784ms)
  ok 32 tests\e2e\canvas-viewport.spec.ts:6:1 › T13-C01: invalid zoom restores value; bounds disable buttons and persist without creative revision (1.2s)
  ok 33 tests\e2e\canvas-viewport.spec.ts:10:1 › T13-C02: fit leaves 48px and keyboard outline is equivalent to box selection (968ms)
  ok 34 tests\e2e\canvas-viewport.spec.ts:14:1 › T13-C04: space in input is retained and canvas pan is separate from graph edits (909ms)
  ok 35 tests\e2e\canvas-viewport.spec.ts:17:1 › T13-C05: dragging previews in memory, mouseup commits once; undo/redo does not submit (1.0s)
  ok 36 tests\e2e\canvas-viewport.spec.ts:20:1 › T13-C06: another writer makes canvas readonly; takeover requires explicit dialog (1.0s)
  ok 37 tests\e2e\canvas-viewport.spec.ts:23:1 › T13 controls: text paste treats URL as text, minimap/background persist and no fetch occurs (1.3s)
  ok 38 tests\e2e\canvas-viewport.spec.ts:27:1 › T13 navigation: quota failure retains draft and blocks browser Back until explicit discard (1.1s)
  ok 39 tests\e2e\credential-boundary.spec.ts:2:1 › T09 actual browser: refresh and second tab have no credential; storage, URL and console remain clean (528ms)
  ok 40 tests\e2e\harness.spec.ts:2:1 › T03-C03: credential-free app bootstrap and local mock counting (528ms)
  ok 41 tests\e2e\lease.spec.ts:3:1 › F-01/F-02: real second tab is readonly; explicit takeover reloads and revokes first tab (629ms)
  ok 42 tests\e2e\lease.spec.ts:14:1 › lost broadcasts and paused heartbeat cannot bypass epoch guard with stale UI (548ms)
  ok 43 tests\e2e\lease.spec.ts:20:1 › simulated sleeping clock denies old lease and lets a new tab acquire a higher epoch (461ms)
  ok 44 tests\e2e\lease.spec.ts:25:1 › one native dispatch claim; committed intent survives project takeover and clock advance (523ms)
  ok 45 tests\e2e\project-library.spec.ts:4:1 › T12-C01/C06: create validates name, survives reload and does not submit a model (1.1s)
  ok 46 tests\e2e\project-library.spec.ts:10:1 › T12-C02: clone shares media but copies neither Run nor Key nor queue (944ms)
  ok 47 tests\e2e\project-library.spec.ts:17:1 › T12-C03/C04: soft deletion preserves unknown tracking and shared blob, permanent removal remains blocked (1.2s)
  ok 48 tests\e2e\project-library.spec.ts:23:1 › T12-C05: search, view changes and multi-select retain exact selection scope (1.1s)
  ok 49 tests\e2e\project-library.spec.ts:29:1 › T12 templates are original local structures and never come with execution approval (542ms)
  ok 50 tests\e2e\project-library.spec.ts:32:1 › T12 Z03: batch permanent removal separately confirms safe items and reports blocked tracking (863ms)
  ok 51 tests\e2e\project-library.spec.ts:38:1 › T12 / W06: welcome opens the real new-project dialog; rename Escape preserves the stored name (890ms)
  ok 52 tests\e2e\project-library.spec.ts:43:1 › T12 batch archive: locked project is reported by name and remains unmodified (973ms)
  ok 53 tests\e2e\storage.spec.ts:4:1 › native commit ordering and refresh recovery with real clicks (499ms)
  ok 54 tests\e2e\storage.spec.ts:11:1 › native request success plus abort rolls back all tables (300ms)
  ok 55 tests\e2e\storage.spec.ts:18:1 › quota fault preserves visible draft, disables submission and recovers saved title (381ms)
  ok 56 tests\e2e\storage.spec.ts:23:1 › real old connection blocks native upgrade and yields actionable error (297ms)
  ok 57 tests\e2e\storage.spec.ts:26:1 › persisted unknown run survives page reopening with original idempotency and state (397ms)
  ok 58 tests\e2e\typed-nodes.spec.ts:5:1 › T14-C04: unknown capabilities keep video drafts editable without an execution button (857ms)
  ok 59 tests\e2e\typed-nodes.spec.ts:8:1 › T14-C05: debounced local text saves; UTF-8 overflow keeps persisted text intact (2.0s)
  ok 60 tests\e2e\typed-nodes.spec.ts:11:1 › T14-C01/C02: explicit ordered inputs persist through layout; disconnect never rewrites Run (1.2s)
  ok 61 tests\e2e\typed-nodes.spec.ts:14:1 › T14-C03: result node displays fixed asset and run; preview does not replace history (920ms)
  ok 62 tests\e2e\typed-nodes.spec.ts:17:1 › T14 N02/T02: title validates Unicode length and display font does not edit content (1.0s)
  ok 63 tests\e2e\typed-nodes.spec.ts:20:1 › T14 N13: ports support keyboard and pointer equivalents; invalid type stays unconnected (1.0s)
  ok 64 tests\e2e\typed-nodes.spec.ts:21:1 › T14 node creation: local asset and fixed result references use existing identities (1.1s)
  ok 65 tests\e2e\typed-nodes.spec.ts:22:1 › T14 tab identity: a duplicated session identity is fenced, while reload keeps the original writer (1.8s)
  ok 66 tests\e2e\typed-nodes.spec.ts:23:1 › T14 N13: real pointer drag from text output to text input creates one dependency (904ms)
  ok 67 tests\e2e\typed-nodes.spec.ts:24:1 › T14 identity fallback: without Web Locks a copied session cannot reuse another writer identity (1.3s)
  ok 68 tests\e2e\ui-controls.spec.ts:2:1 › T11 buttons: busy is single flight, disabled reason remains accessible and error notification persists (402ms)
(node:10704) Warning: The 'NO_COLOR' env is ignored due to the 'FORCE_COLOR' env being set.
(Use `node --trace-warnings ...` to show where the warning was created)
(node:10704) Warning: The 'NO_COLOR' env is ignored due to the 'FORCE_COLOR' env being set.
(Use `node --trace-warnings ...` to show where the warning was created)
  ok 69 tests\e2e\asset-download.spec.ts:4:1 › T16-C04: original download acknowledges browser trigger and preserves bytes and filename (1.1s)

  69 passed (1.2m)
