
> aiwork-studio@0.0.1 test:e2e
> playwright test tests/e2e/prompt-library.spec.ts tests/e2e/asset-library.spec.ts tests/e2e/asset-download.spec.ts

[WebServer] (node:19952) Warning: The 'NO_COLOR' env is ignored due to the 'FORCE_COLOR' env being set.
[WebServer] (Use `node --trace-warnings ...` to show where the warning was created)

Running 21 tests using 1 worker

(node:19440) Warning: The 'NO_COLOR' env is ignored due to the 'FORCE_COLOR' env being set.
(Use `node --trace-warnings ...` to show where the warning was created)
(node:19440) Warning: The 'NO_COLOR' env is ignored due to the 'FORCE_COLOR' env being set.
(Use `node --trace-warnings ...` to show where the warning was created)
  ok  1 tests\e2e\asset-download.spec.ts:4:1 › T16-C04: original download acknowledges browser trigger and preserves bytes and filename (1.1s)
(node:19124) Warning: The 'NO_COLOR' env is ignored due to the 'FORCE_COLOR' env being set.
(Use `node --trace-warnings ...` to show where the warning was created)
(node:19124) Warning: The 'NO_COLOR' env is ignored due to the 'FORCE_COLOR' env being set.
(Use `node --trace-warnings ...` to show where the warning was created)
  ok  2 tests\e2e\asset-library.spec.ts:2:1 › T16 different content confirmation creates a new asset and retains original graph and source (1.8s)
  ok  3 tests\e2e\asset-library.spec.ts:3:1 › T16 input replacement previews downstream then changes draft binding with historical Run unchanged (1.4s)
  ok  4 tests\e2e\asset-library.spec.ts:4:1 › T16 player cleanup: hiding active media pauses the detached element and releases its object URL (853ms)
  ok  5 tests\e2e\asset-library.spec.ts:5:1 › T16 tags and metadata: shared limits reject invalid tags and stale undo instead of overwriting (1.0s)
  ok  6 tests\e2e\asset-library.spec.ts:6:1 › T16 canvas files: native file paste saves blob, identity and node together; quota rollback keeps original state (1.6s)
  ok  7 tests\e2e\asset-library.spec.ts:7:1 › T16 readonly target: insert is blocked by another writer without creating nodes or media (947ms)
  ok  8 tests\e2e\asset-library.spec.ts:10:1 › T16-C01/C02: native audio is initially muted without autoplay and only one player stays active (922ms)
  ok  9 tests\e2e\asset-library.spec.ts:11:1 › T16-C05: filtering, selection, view switch and reference navigation are keyboard accessible (1.0s)
  ok 10 tests\e2e\asset-library.spec.ts:12:1 › T16-C03: same hash restores original identity; same filename with different content does not replace silently (2.1s)
  ok 11 tests\e2e\asset-library.spec.ts:13:1 › T16-M07: metadata saves and undo keeps content hash and synchronizes canvas display (1.1s)
  ok 12 tests\e2e\asset-library.spec.ts:14:1 › T16-M03/M08: image fit/original preview and insertion only adds an asset node (995ms)
  ok 13 tests\e2e\prompt-library.spec.ts:2:1 › T17 nested navigation: closing a prompt editor preserves the canvas invalid-draft leave guard (1.3s)
  ok 14 tests\e2e\prompt-library.spec.ts:3:1 › T17 source preferences: disable survives refresh and removing source cache preserves user entries (1.5s)
  ok 15 tests\e2e\prompt-library.spec.ts:4:1 › T17 editor: cancel asks to discard and clipboard denial retains filled final text without reading OS clipboard (1.3s)
  ok 16 tests\e2e\prompt-library.spec.ts:7:1 › T17-C01/C02/C05: required variables gate final copy and insertion only creates a source-attributed text node (1.1s)
  ok 17 tests\e2e\prompt-library.spec.ts:8:1 › T17-C04: create validates tag lengths/count and persists only after explicit save (1.6s)
  ok 18 tests\e2e\prompt-library.spec.ts:9:1 › T17-C03/C05: JSON import previews and saves same-name entry under a new identity while retaining source (1.1s)
  ok 19 tests\e2e\prompt-library.spec.ts:10:1 › T17-C06/L05: local debounced search and source management do not automatically load remote sources (1.5s)
  ok 20 tests\e2e\prompt-library.spec.ts:11:1 › T17 L02/L03/L04: favorite, versioned edit, soft-delete and restore retain inserted data (1.1s)
  ok 21 tests\e2e\prompt-library.spec.ts:12:1 › T17 T05: canvas save-to-library captures current local text without clearing unsaved canvas status or generating (1.3s)

  21 passed (31.2s)
