
> aiwork-studio@0.0.1 test:e2e
> playwright test tests/e2e/prompt-library.spec.ts

[WebServer] (node:16836) Warning: The 'NO_COLOR' env is ignored due to the 'FORCE_COLOR' env being set.
[WebServer] (Use `node --trace-warnings ...` to show where the warning was created)

Running 11 tests using 1 worker

(node:9772) Warning: The 'NO_COLOR' env is ignored due to the 'FORCE_COLOR' env being set.
(Use `node --trace-warnings ...` to show where the warning was created)
(node:9772) Warning: The 'NO_COLOR' env is ignored due to the 'FORCE_COLOR' env being set.
(Use `node --trace-warnings ...` to show where the warning was created)
  ok  1 tests\e2e\prompt-library.spec.ts:2:1 › T17 L09: apply requires old/new diff and refuses a stale project revision (1.2s)
  ok  2 tests\e2e\prompt-library.spec.ts:3:1 › T17 import boundaries: unknown credential fields fail without writes; literal HTML remains inert in preview (842ms)
  ok  3 tests\e2e\prompt-library.spec.ts:4:1 › T17 nested navigation: closing a prompt editor preserves the canvas invalid-draft leave guard (1.2s)
  ok  4 tests\e2e\prompt-library.spec.ts:5:1 › T17 source preferences: disable survives refresh and removing source cache preserves user entries (1.2s)
  ok  5 tests\e2e\prompt-library.spec.ts:6:1 › T17 editor: cancel asks to discard and clipboard denial retains filled final text without reading OS clipboard (1.2s)
  ok  6 tests\e2e\prompt-library.spec.ts:9:1 › T17-C01/C02/C05: required variables gate final copy and insertion only creates a source-attributed text node (1.2s)
  ok  7 tests\e2e\prompt-library.spec.ts:10:1 › T17-C04: create validates tag lengths/count and persists only after explicit save (2.0s)
  ok  8 tests\e2e\prompt-library.spec.ts:11:1 › T17-C03/C05: JSON import previews and saves same-name entry under a new identity while retaining source (1.8s)
  ok  9 tests\e2e\prompt-library.spec.ts:12:1 › T17-C06/L05: local debounced search and source management do not automatically load remote sources (2.8s)
  ok 10 tests\e2e\prompt-library.spec.ts:13:1 › T17 L02/L03/L04: favorite, versioned edit, soft-delete and restore retain inserted data (3.3s)
  ok 11 tests\e2e\prompt-library.spec.ts:14:1 › T17 T05: canvas save-to-library captures current local text without clearing unsaved canvas status or generating (2.8s)

  11 passed (23.3s)
