
> aiwork-studio@0.0.1 test:e2e
> playwright test tests/e2e/prompt-library.spec.ts tests/e2e/prompt-download.spec.ts tests/e2e/lease.spec.ts

[WebServer] (node:1340) Warning: The 'NO_COLOR' env is ignored due to the 'FORCE_COLOR' env being set.
[WebServer] (Use `node --trace-warnings ...` to show where the warning was created)

Running 18 tests using 1 worker

(node:23152) Warning: The 'NO_COLOR' env is ignored due to the 'FORCE_COLOR' env being set.
(Use `node --trace-warnings ...` to show where the warning was created)
(node:23152) Warning: The 'NO_COLOR' env is ignored due to the 'FORCE_COLOR' env being set.
(Use `node --trace-warnings ...` to show where the warning was created)
  ok  1 tests\e2e\lease.spec.ts:3:1 › F-01/F-02: real second tab is readonly; explicit takeover reloads and revokes first tab (758ms)
  ok  2 tests\e2e\lease.spec.ts:14:1 › lost broadcasts and paused heartbeat cannot bypass epoch guard with stale UI (537ms)
  ok  3 tests\e2e\lease.spec.ts:20:1 › simulated sleeping clock denies old lease and lets a new tab acquire a higher epoch (414ms)
  ok  4 tests\e2e\lease.spec.ts:25:1 › one native dispatch claim; committed intent survives project takeover and clock advance (463ms)
  ok  5 tests\e2e\prompt-library.spec.ts:2:1 › T17 P05: prompt details use the source-preserving right inspector and category navigation stays keyboard reachable (878ms)
  ok  6 tests\e2e\prompt-library.spec.ts:3:1 › T17 delete impact: source-attributed inserted copies are counted and survive library soft deletion (829ms)
  ok  7 tests\e2e\prompt-library.spec.ts:4:1 › T17 L09: apply requires old/new diff and refuses a stale project revision (949ms)
  ok  8 tests\e2e\prompt-library.spec.ts:5:1 › T17 import boundaries: unknown credential fields fail without writes; literal HTML remains inert in preview (818ms)
  ok  9 tests\e2e\prompt-library.spec.ts:6:1 › T17 nested navigation: closing a prompt editor preserves the canvas invalid-draft leave guard (1.2s)
  ok 10 tests\e2e\prompt-library.spec.ts:7:1 › T17 source preferences: disable survives refresh and removing source cache preserves user entries (1.1s)
  ok 11 tests\e2e\prompt-library.spec.ts:8:1 › T17 editor: cancel asks to discard and clipboard denial retains filled final text without reading OS clipboard (1.0s)
  ok 12 tests\e2e\prompt-library.spec.ts:11:1 › T17-C01/C02/C05: required variables gate final copy and insertion only creates a source-attributed text node (848ms)
  ok 13 tests\e2e\prompt-library.spec.ts:12:1 › T17-C04: create validates tag lengths/count and persists only after explicit save (1.2s)
  ok 14 tests\e2e\prompt-library.spec.ts:13:1 › T17-C03/C05: JSON import previews and saves same-name entry under a new identity while retaining source (783ms)
  ok 15 tests\e2e\prompt-library.spec.ts:14:1 › T17-C06/L05: local debounced search and source management do not automatically load remote sources (1.2s)
  ok 16 tests\e2e\prompt-library.spec.ts:15:1 › T17 L02/L03/L04: favorite, versioned edit, soft-delete and restore retain inserted data (909ms)
  ok 17 tests\e2e\prompt-library.spec.ts:16:1 › T17 T05: canvas save-to-library captures current local text without clearing unsaved canvas status or generating (1.1s)
(node:7056) Warning: The 'NO_COLOR' env is ignored due to the 'FORCE_COLOR' env being set.
(Use `node --trace-warnings ...` to show where the warning was created)
(node:7056) Warning: The 'NO_COLOR' env is ignored due to the 'FORCE_COLOR' env being set.
(Use `node --trace-warnings ...` to show where the warning was created)
  ok 18 tests\e2e\prompt-download.spec.ts:4:1 › T17 L11: actual prompt export download contains only transfer fields and retains template/source (1.0s)

  18 passed (20.5s)
