
> aiwork-studio@0.0.1 test:e2e
> playwright test tests/e2e/download-diagnostic.spec.ts tests/e2e/prompt-download.spec.ts

[WebServer] (node:22104) Warning: The 'NO_COLOR' env is ignored due to the 'FORCE_COLOR' env being set.
[WebServer] (Use `node --trace-warnings ...` to show where the warning was created)

Running 2 tests using 1 worker

(node:23448) Warning: The 'NO_COLOR' env is ignored due to the 'FORCE_COLOR' env being set.
(Use `node --trace-warnings ...` to show where the warning was created)
(node:23448) Warning: The 'NO_COLOR' env is ignored due to the 'FORCE_COLOR' env being set.
(Use `node --trace-warnings ...` to show where the warning was created)
{"mime":"application/json","extension":"json","failure":null,"blockedRequests":0}
{"mime":"text/plain","extension":"json","failure":null,"blockedRequests":0}
{"mime":"application/octet-stream","extension":"json","failure":null,"blockedRequests":0}
{"mime":"text/plain","extension":"txt","failure":null,"blockedRequests":0}
  ok 1 tests\e2e\download-diagnostic.spec.ts:4:1 › diagnostic only: native blob download lifecycle (941ms)
(node:22548) Warning: The 'NO_COLOR' env is ignored due to the 'FORCE_COLOR' env being set.
(Use `node --trace-warnings ...` to show where the warning was created)
(node:22548) Warning: The 'NO_COLOR' env is ignored due to the 'FORCE_COLOR' env being set.
(Use `node --trace-warnings ...` to show where the warning was created)
  ok 2 tests\e2e\prompt-download.spec.ts:4:1 › T17 L11: actual prompt export download contains only transfer fields and retains template/source (1.1s)

  2 passed (6.4s)
