[WebServer] (node:26656) Warning: The 'NO_COLOR' env is ignored due to the 'FORCE_COLOR' env being set.
[WebServer] (Use `node --trace-warnings ...` to show where the warning was created)

Running 2 tests using 1 worker

(node:5496) Warning: The 'NO_COLOR' env is ignored due to the 'FORCE_COLOR' env being set.
(Use `node --trace-warnings ...` to show where the warning was created)
(node:5496) Warning: The 'NO_COLOR' env is ignored due to the 'FORCE_COLOR' env being set.
(Use `node --trace-warnings ...` to show where the warning was created)
  x  1 tests\e2e\prompt-workspace.spec.ts:4:1 › T21 PG02: video config opens the shared panel and snapshots only its specification and chosen upstream text (30.1s)
(node:26804) Warning: The 'NO_COLOR' env is ignored due to the 'FORCE_COLOR' env being set.
(Use `node --trace-warnings ...` to show where the warning was created)
(node:26804) Warning: The 'NO_COLOR' env is ignored due to the 'FORCE_COLOR' env being set.
(Use `node --trace-warnings ...` to show where the warning was created)
  x  2 tests\e2e\prompt-workspace.spec.ts:5:1 › T21 PG02: opening from text preserves an existing draft and offers the current unsaved text explicitly (30.1s)


  1) tests\e2e\prompt-workspace.spec.ts:4:1 › T21 PG02: video config opens the shared panel and snapshots only its specification and chosen upstream text 

    [31mTest timeout of 30000ms exceeded.[39m

    Error: locator.click: Test timeout of 30000ms exceeded.
    Call log:
    [2m  - waiting for getByTestId('node-video-1').getByRole('button', { name: '提示词生成', exact: true })[22m


      2 | import type {Page} from '@playwright/test';
      3 | const stored=(page:Page)=>page.evaluate(async()=>{const url='/tests/fixtures/prompt-workspace.ts';return (await import(url)).promptWorkspaceState();});
    > 4 | test('T21 PG02: video config opens the shared panel and snapshots only its specification and chosen upstream text',async({page})=>{await page.evaluate(async()=>{const url='/src/infrastructure/storage/database.ts';const {openStudioDb,transact,requestResult}=await import(url);const db=await openStudioDb();try{await transact(db,['graphs'],'readwrite',async(tx:IDBTransaction)=>{const graph=await requestResult(tx.objectStore('graphs').get('p1'));graph.nodes.push({id:'video-1',title:'视频配置',type:'video-generation',x:400,y:40,locked:false,data:{kind:'video-generation',draft:{modelId:'unverified-only',durationSeconds:5,ratio:'9:16'},inputBindings:[],stale:true}});graph.edges.push({id:'edge1',sourceId:'text-1',targetId:'video-1',port:'text',order:0});tx.objectStore('graphs').put(graph);});}finally{db.close();}});await page.goto('/projects/p1/canvas');await page.getByTestId('node-video-1').getByRole('button',{name:'提示词生成',exact:true}).click();const panel=page.getByRole('complementary',{name:'提示词生成面板',exact:true});await expect(panel.getByLabel('时长目标（秒）',{exact:true})).toHaveValue('5');await expect(panel.getByLabel('原始创意',{exact:true})).toHaveValue('');await panel.getByText('本地参考素材与用途',{exact:true}).click();await panel.getByRole('button',{name:'读取上游文字 原始需求',exact:true}).click();await expect(panel.getByLabel('原始创意',{exact:true})).toHaveValue(/康济健葆/);expect((await stored(page)).runs).toEqual([]);});
        |                                                                                                                                                                                                                                                                                                                                                                                                                                                                                                                                                                                                                                                                                                                                                                                                                                                                                                                                                                           ^
      5 | test('T21 PG02: opening from text preserves an existing draft and offers the current unsaved text explicitly',async({page})=>{await page.goto('/projects/p1/canvas');const node=page.getByTestId('node-text-1');await node.getByLabel('节点文本',{exact:true}).fill('尚未保存的新创意');await node.getByRole('button',{name:'提示词生成',exact:true}).click();const panel=page.getByRole('complementary',{name:'提示词生成面板',exact:true});await expect(panel.getByLabel('原始创意',{exact:true})).toHaveValue(/康济健葆/);await panel.getByRole('button',{name:'读取源节点当前文字',exact:true}).click();await expect(panel.getByLabel('原始创意',{exact:true})).toHaveValue('尚未保存的新创意');});
      6 | test('T21 PG06/PG08: canvas source excludes unrelated library assets until explicit selection; external notes stay unbound',async({page})=>{await page.evaluate(async()=>{const url='/src/infrastructure/storage/database.ts';const {openStudioDb,transact}=await import(url);const db=await openStudioDb();try{await transact(db,['assets'],'readwrite',(tx:IDBTransaction)=>tx.objectStore('assets').put({id:'unrelated',sha256:'c'.repeat(64),mediaType:'image',mimeType:'image/png',bytes:0,blobKey:'missing-unrelated',title:'无关素材',createdAt:1000}));}finally{db.close();}});await page.reload();await page.getByText('本地参考素材与用途',{exact:true}).click();await expect(page.getByText('无关素材',{exact:true})).toBeHidden();await page.getByRole('button',{name:'选择本地素材',exact:true}).click();await expect(page.getByText('无关素材',{exact:true})).toBeVisible();await page.getByLabel('外部参考说明',{exact:true}).fill('人物参考尚待提供素材');await page.getByRole('button',{name:'新增未绑定参考说明',exact:true}).click();await page.getByRole('button',{name:'保存草稿',exact:true}).click();const refs=(await stored(page)).drafts[0].references;expect(refs).toHaveLength(1);expect(refs[0]).toMatchObject({description:'人物参考尚待提供素材',unbound:true,available:false});expect(refs[0].assetId).toBeUndefined();});
      7 | test('T21 PG05: composition input does not persist before composition ends',async({page})=>{const field=page.getByLabel('原始创意',{exact:true});await field.dispatchEvent('compositionstart');await field.fill('输入法组合中的品牌汉字');await page.waitForTimeout(650);expect((await stored(page)).drafts[0].revision).toBe(1);await field.dispatchEvent('compositionend');await expect.poll(async()=>(await stored(page)).drafts[0].userRequest).toBe('输入法组合中的品牌汉字');});
        at E:\trae-studio\TRAEWORK\aiwork-studio\tests\e2e\prompt-workspace.spec.ts:4:939

    Error Context: test-results\prompt-workspace-T21-PG02--801bd-on-and-chosen-upstream-text\error-context.md

    attachment #2: trace (application/zip) ─────────────────────────────────────────────────────────
    test-results\prompt-workspace-T21-PG02--801bd-on-and-chosen-upstream-text\trace.zip
    Usage:

        npx playwright show-trace test-results\prompt-workspace-T21-PG02--801bd-on-and-chosen-upstream-text\trace.zip

    ────────────────────────────────────────────────────────────────────────────────────────────────

  2) tests\e2e\prompt-workspace.spec.ts:5:1 › T21 PG02: opening from text preserves an existing draft and offers the current unsaved text explicitly 

    [31mTest timeout of 30000ms exceeded.[39m

    Error: locator.click: Test timeout of 30000ms exceeded.
    Call log:
    [2m  - waiting for getByRole('complementary', { name: '提示词生成面板', exact: true }).getByRole('button', { name: '读取源节点当前文字', exact: true })[22m


      3 | const stored=(page:Page)=>page.evaluate(async()=>{const url='/tests/fixtures/prompt-workspace.ts';return (await import(url)).promptWorkspaceState();});
      4 | test('T21 PG02: video config opens the shared panel and snapshots only its specification and chosen upstream text',async({page})=>{await page.evaluate(async()=>{const url='/src/infrastructure/storage/database.ts';const {openStudioDb,transact,requestResult}=await import(url);const db=await openStudioDb();try{await transact(db,['graphs'],'readwrite',async(tx:IDBTransaction)=>{const graph=await requestResult(tx.objectStore('graphs').get('p1'));graph.nodes.push({id:'video-1',title:'视频配置',type:'video-generation',x:400,y:40,locked:false,data:{kind:'video-generation',draft:{modelId:'unverified-only',durationSeconds:5,ratio:'9:16'},inputBindings:[],stale:true}});graph.edges.push({id:'edge1',sourceId:'text-1',targetId:'video-1',port:'text',order:0});tx.objectStore('graphs').put(graph);});}finally{db.close();}});await page.goto('/projects/p1/canvas');await page.getByTestId('node-video-1').getByRole('button',{name:'提示词生成',exact:true}).click();const panel=page.getByRole('complementary',{name:'提示词生成面板',exact:true});await expect(panel.getByLabel('时长目标（秒）',{exact:true})).toHaveValue('5');await expect(panel.getByLabel('原始创意',{exact:true})).toHaveValue('');await panel.getByText('本地参考素材与用途',{exact:true}).click();await panel.getByRole('button',{name:'读取上游文字 原始需求',exact:true}).click();await expect(panel.getByLabel('原始创意',{exact:true})).toHaveValue(/康济健葆/);expect((await stored(page)).runs).toEqual([]);});
    > 5 | test('T21 PG02: opening from text preserves an existing draft and offers the current unsaved text explicitly',async({page})=>{await page.goto('/projects/p1/canvas');const node=page.getByTestId('node-text-1');await node.getByLabel('节点文本',{exact:true}).fill('尚未保存的新创意');await node.getByRole('button',{name:'提示词生成',exact:true}).click();const panel=page.getByRole('complementary',{name:'提示词生成面板',exact:true});await expect(panel.getByLabel('原始创意',{exact:true})).toHaveValue(/康济健葆/);await panel.getByRole('button',{name:'读取源节点当前文字',exact:true}).click();await expect(panel.getByLabel('原始创意',{exact:true})).toHaveValue('尚未保存的新创意');});
        |                                                                                                                                                                                                                                                                                                                                                                                                                                                                                                                                                            ^
      6 | test('T21 PG06/PG08: canvas source excludes unrelated library assets until explicit selection; external notes stay unbound',async({page})=>{await page.evaluate(async()=>{const url='/src/infrastructure/storage/database.ts';const {openStudioDb,transact}=await import(url);const db=await openStudioDb();try{await transact(db,['assets'],'readwrite',(tx:IDBTransaction)=>tx.objectStore('assets').put({id:'unrelated',sha256:'c'.repeat(64),mediaType:'image',mimeType:'image/png',bytes:0,blobKey:'missing-unrelated',title:'无关素材',createdAt:1000}));}finally{db.close();}});await page.reload();await page.getByText('本地参考素材与用途',{exact:true}).click();await expect(page.getByText('无关素材',{exact:true})).toBeHidden();await page.getByRole('button',{name:'选择本地素材',exact:true}).click();await expect(page.getByText('无关素材',{exact:true})).toBeVisible();await page.getByLabel('外部参考说明',{exact:true}).fill('人物参考尚待提供素材');await page.getByRole('button',{name:'新增未绑定参考说明',exact:true}).click();await page.getByRole('button',{name:'保存草稿',exact:true}).click();const refs=(await stored(page)).drafts[0].references;expect(refs).toHaveLength(1);expect(refs[0]).toMatchObject({description:'人物参考尚待提供素材',unbound:true,available:false});expect(refs[0].assetId).toBeUndefined();});
      7 | test('T21 PG05: composition input does not persist before composition ends',async({page})=>{const field=page.getByLabel('原始创意',{exact:true});await field.dispatchEvent('compositionstart');await field.fill('输入法组合中的品牌汉字');await page.waitForTimeout(650);expect((await stored(page)).drafts[0].revision).toBe(1);await field.dispatchEvent('compositionend');await expect.poll(async()=>(await stored(page)).drafts[0].userRequest).toBe('输入法组合中的品牌汉字');});
      8 | test('T21 PG32: invalid unsaved input retains old storage and navigation requires an explicit choice',async({page})=>{await page.getByLabel('原始创意',{exact:true}).fill('中'.repeat(21846));await page.getByRole('button',{name:'保存草稿',exact:true}).click();await expect(page.getByRole('alert')).toContainText('保存失败');expect((await stored(page)).drafts[0].userRequest).toContain('康济健葆');await page.getByRole('link',{name:'提示词库',exact:true}).click();const dialog=page.getByRole('dialog',{name:'离开未保存提示词草稿'});await dialog.getByRole('button',{name:'继续编辑',exact:true}).click();await expect(page.getByLabel('原始创意',{exact:true})).toHaveValue('中'.repeat(21846));await page.getByRole('link',{name:'提示词库',exact:true}).click();await page.getByRole('dialog',{name:'离开未保存提示词草稿'}).getByRole('button',{name:'放弃未保存修改',exact:true}).click();await expect(page).toHaveURL(/\/prompts/);expect((await stored(page)).drafts[0].revision).toBe(1);});
        at E:\trae-studio\TRAEWORK\aiwork-studio\tests\e2e\prompt-workspace.spec.ts:5:540

    Error Context: test-results\prompt-workspace-T21-PG02--13f50-ent-unsaved-text-explicitly\error-context.md

    attachment #2: trace (application/zip) ─────────────────────────────────────────────────────────
    test-results\prompt-workspace-T21-PG02--13f50-ent-unsaved-text-explicitly\trace.zip
    Usage:

        npx playwright show-trace test-results\prompt-workspace-T21-PG02--13f50-ent-unsaved-text-explicitly\trace.zip

    ────────────────────────────────────────────────────────────────────────────────────────────────

  2 failed
    tests\e2e\prompt-workspace.spec.ts:4:1 › T21 PG02: video config opens the shared panel and snapshots only its specification and chosen upstream text 
    tests\e2e\prompt-workspace.spec.ts:5:1 › T21 PG02: opening from text preserves an existing draft and offers the current unsaved text explicitly 
