
> aiwork-studio@0.0.1 test:e2e
> playwright test tests/e2e/prompt-workspace.spec.ts

[WebServer] (node:6168) Warning: The 'NO_COLOR' env is ignored due to the 'FORCE_COLOR' env being set.
[WebServer] (Use `node --trace-warnings ...` to show where the warning was created)

Running 7 tests using 1 worker

(node:25444) Warning: The 'NO_COLOR' env is ignored due to the 'FORCE_COLOR' env being set.
(Use `node --trace-warnings ...` to show where the warning was created)
(node:25444) Warning: The 'NO_COLOR' env is ignored due to the 'FORCE_COLOR' env being set.
(Use `node --trace-warnings ...` to show where the warning was created)
  ok 1 tests\e2e\prompt-workspace.spec.ts:5:1 › T21-C02/C03: native offline local rules preserve identity, labelled fields and history after refresh (1.4s)
  ok 2 tests\e2e\prompt-workspace.spec.ts:6:1 › T21-C01: canvas panel expands the same saved draft identity without duplication (1.2s)
  x  3 tests\e2e\prompt-workspace.spec.ts:7:1 › T21-C04: editing output persists a new manual result and invalidates previous checks (888ms)
(node:10080) Warning: The 'NO_COLOR' env is ignored due to the 'FORCE_COLOR' env being set.
(Use `node --trace-warnings ...` to show where the warning was created)
(node:10080) Warning: The 'NO_COLOR' env is ignored due to the 'FORCE_COLOR' env being set.
(Use `node --trace-warnings ...` to show where the warning was created)
  ok 4 tests\e2e\prompt-workspace.spec.ts:8:1 › T21-C05: clear requires confirmation, preserves history and restoring creates a new manual version (1.3s)
  ok 5 tests\e2e\prompt-workspace.spec.ts:9:1 › T21-C06: unavailable AI cannot claim success or create either paid record type (774ms)
  x  6 tests\e2e\prompt-workspace.spec.ts:10:1 › T21: original/form conflict has no preselected resolution and confirmed choices stay explicit (30.1s)
(node:21840) Warning: The 'NO_COLOR' env is ignored due to the 'FORCE_COLOR' env being set.
(Use `node --trace-warnings ...` to show where the warning was created)
(node:21840) Warning: The 'NO_COLOR' env is ignored due to the 'FORCE_COLOR' env being set.
(Use `node --trace-warnings ...` to show where the warning was created)
  ok 7 tests\e2e\prompt-workspace.spec.ts:11:1 › T21: image placeholder saves independently and never activates video rules or image generation (1.1s)


  1) tests\e2e\prompt-workspace.spec.ts:7:1 › T21-C04: editing output persists a new manual result and invalidates previous checks 

    Error: [2mexpect([22m[31mlocator[39m[2m).[22mtoBeVisible[2m([22m[2m)[22m failed

    Locator: getByText('检查已更新', { exact: true })
    Expected: visible
    Error: strict mode violation: getByText('检查已更新', { exact: true }) resolved to 2 elements:
        1) <p role="status">检查已更新</p> aka getByRole('complementary', { name: '参数与检查' }).getByRole('status')
        2) <p role="status">检查已更新</p> aka getByText('检查已更新').nth(1)

    Call log:
    [2m  - Expect "toBeVisible" with timeout 5000ms[22m
    [2m  - waiting for getByText('检查已更新', { exact: true })[22m


       5 | test('T21-C02/C03: native offline local rules preserve identity, labelled fields and history after refresh',async({page,context,networkCounter})=>{await expect(page.getByLabel('原始创意',{exact:true})).toHaveValue(/康济健葆/);await page.getByLabel('创作方向',{exact:true}).focus();await expect(page.getByLabel('创作方向',{exact:true})).toBeFocused();await context.setOffline(true);await page.getByRole('button',{name:'本地整理',exact:true}).click();await expect(page.getByText('规则整理草稿',{exact:true})).toBeVisible();await expect(page.getByLabel('最终提示词正文',{exact:true})).toHaveValue(/康济健葆/);await context.setOffline(false);await page.reload();await expect(page.getByLabel('最终提示词正文',{exact:true})).toHaveValue(/康济健葆/);expect((await stored(page)).drafts[0].resultVersions).toHaveLength(1);expect(networkCounter.paidRequests).toEqual([]);await page.screenshot({path:'docs/review/screenshots/T21-prompt-workspace.png',fullPage:true});});
       6 | test('T21-C01: canvas panel expands the same saved draft identity without duplication',async({page})=>{await page.goto('/projects/p1/canvas');await page.getByTestId('node-text-1').getByRole('button',{name:'提示词生成',exact:true}).click();const panel=page.getByRole('complementary',{name:'提示词生成面板',exact:true});await expect(panel.getByLabel('原始创意',{exact:true})).toHaveValue(/康济健葆/);await panel.getByRole('button',{name:'展开工作台',exact:true}).click();await expect(page).toHaveURL(/draftId=d1/);expect((await stored(page)).drafts).toHaveLength(1);});
    >  7 | test('T21-C04: editing output persists a new manual result and invalidates previous checks',async({page})=>{await page.getByRole('button',{name:'本地整理',exact:true}).click();await page.getByRole('button',{name:'检查当前结果',exact:true}).click();await expect(page.getByText('检查已更新',{exact:true})).toBeVisible();await page.getByLabel('最终提示词正文',{exact:true}).fill('人工修订仍保留康济健葆，1位人物，不切镜。');await expect(page.getByText('待重新检查',{exact:true})).toBeVisible();await expect.poll(async()=>(await stored(page)).drafts[0].resultVersions.length).toBe(2);const versions=(await stored(page)).drafts[0].resultVersions;expect(versions[0].origin).toBe('local');expect(versions[1].origin).toBe('manual');expect(versions[1].validationState).toBe('unchecked');await page.reload();await expect(page.getByLabel('最终提示词正文',{exact:true})).toHaveValue('人工修订仍保留康济健葆，1位人物，不切镜。');});
         |                                                                                                                                                                                                                                                                                                  ^
       8 | test('T21-C05: clear requires confirmation, preserves history and restoring creates a new manual version',async({page})=>{await page.getByRole('button',{name:'本地整理',exact:true}).click();await page.getByRole('button',{name:'清空输入',exact:true}).click();const dialog=page.getByRole('dialog',{name:'清空提示词输入'});await dialog.getByRole('button',{name:'返回编辑',exact:true}).click();await expect(page.getByLabel('原始创意',{exact:true})).toHaveValue(/康济健葆/);await page.getByRole('button',{name:'清空输入',exact:true}).click();await page.getByRole('dialog',{name:'清空提示词输入'}).getByRole('button',{name:'确认清空输入',exact:true}).click();await expect(page.getByLabel('原始创意',{exact:true})).toHaveValue('');expect((await stored(page)).drafts[0].resultVersions).toHaveLength(1);await page.getByRole('button',{name:'查看历史',exact:true}).click();await page.getByRole('dialog',{name:'提示词结果历史'}).getByRole('button',{name:'恢复结果',exact:true}).first().click();await expect.poll(async()=>(await stored(page)).drafts[0].resultVersions.length).toBe(2);expect((await stored(page)).drafts[0].userRequest).toBe('');});
       9 | test('T21-C06: unavailable AI cannot claim success or create either paid record type',async({page,networkCounter})=>{await expect(page.getByRole('button',{name:'AI优化',exact:true})).toBeDisabled();await expect(page.getByText('文字通道尚未接入',{exact:false})).toBeVisible();expect((await stored(page)).promptRuns).toEqual([]);expect((await stored(page)).runs).toEqual([]);expect(networkCounter.paidRequests).toEqual([]);});
      10 | test('T21: original/form conflict has no preselected resolution and confirmed choices stay explicit',async({page})=>{await page.getByLabel('时长目标（秒）',{exact:true}).fill('15');await page.getByLabel('画幅目标',{exact:true}).fill('16:9');await page.getByRole('button',{name:'本地整理',exact:true}).click();const dialog=page.getByRole('dialog',{name:'确认需求与表单冲突'});await expect(dialog.getByRole('button',{name:'采用所选值',exact:true})).toBeDisabled();await dialog.getByLabel('时长采用值',{exact:true}).selectOption('15');await dialog.getByLabel('画幅采用值',{exact:true}).selectOption('16:9');await dialog.getByRole('button',{name:'采用所选值',exact:true}).click();await expect(page.getByLabel('最终提示词正文',{exact:true})).toHaveValue(/时长 15 秒；画幅 16:9/);expect((await stored(page)).drafts[0].lockedConstraints.map((c:{acceptedValue?:string})=>c.acceptedValue)).toEqual(expect.arrayContaining(['15','16:9']));});
        at E:\trae-studio\TRAEWORK\aiwork-studio\tests\e2e\prompt-workspace.spec.ts:7:290

    Error Context: test-results\prompt-workspace-T21-C04-e-0251a-invalidates-previous-checks\error-context.md

    attachment #2: trace (application/zip) ─────────────────────────────────────────────────────────
    test-results\prompt-workspace-T21-C04-e-0251a-invalidates-previous-checks\trace.zip
    Usage:

        npx playwright show-trace test-results\prompt-workspace-T21-C04-e-0251a-invalidates-previous-checks\trace.zip

    ────────────────────────────────────────────────────────────────────────────────────────────────

  2) tests\e2e\prompt-workspace.spec.ts:10:1 › T21: original/form conflict has no preselected resolution and confirmed choices stay explicit 

    [31mTest timeout of 30000ms exceeded.[39m

    Error: locator.selectOption: Test timeout of 30000ms exceeded.
    Call log:
    [2m  - waiting for getByRole('dialog', { name: '确认需求与表单冲突' }).getByLabel('时长采用值', { exact: true })[22m


       8 | test('T21-C05: clear requires confirmation, preserves history and restoring creates a new manual version',async({page})=>{await page.getByRole('button',{name:'本地整理',exact:true}).click();await page.getByRole('button',{name:'清空输入',exact:true}).click();const dialog=page.getByRole('dialog',{name:'清空提示词输入'});await dialog.getByRole('button',{name:'返回编辑',exact:true}).click();await expect(page.getByLabel('原始创意',{exact:true})).toHaveValue(/康济健葆/);await page.getByRole('button',{name:'清空输入',exact:true}).click();await page.getByRole('dialog',{name:'清空提示词输入'}).getByRole('button',{name:'确认清空输入',exact:true}).click();await expect(page.getByLabel('原始创意',{exact:true})).toHaveValue('');expect((await stored(page)).drafts[0].resultVersions).toHaveLength(1);await page.getByRole('button',{name:'查看历史',exact:true}).click();await page.getByRole('dialog',{name:'提示词结果历史'}).getByRole('button',{name:'恢复结果',exact:true}).first().click();await expect.poll(async()=>(await stored(page)).drafts[0].resultVersions.length).toBe(2);expect((await stored(page)).drafts[0].userRequest).toBe('');});
       9 | test('T21-C06: unavailable AI cannot claim success or create either paid record type',async({page,networkCounter})=>{await expect(page.getByRole('button',{name:'AI优化',exact:true})).toBeDisabled();await expect(page.getByText('文字通道尚未接入',{exact:false})).toBeVisible();expect((await stored(page)).promptRuns).toEqual([]);expect((await stored(page)).runs).toEqual([]);expect(networkCounter.paidRequests).toEqual([]);});
    > 10 | test('T21: original/form conflict has no preselected resolution and confirmed choices stay explicit',async({page})=>{await page.getByLabel('时长目标（秒）',{exact:true}).fill('15');await page.getByLabel('画幅目标',{exact:true}).fill('16:9');await page.getByRole('button',{name:'本地整理',exact:true}).click();const dialog=page.getByRole('dialog',{name:'确认需求与表单冲突'});await expect(dialog.getByRole('button',{name:'采用所选值',exact:true})).toBeDisabled();await dialog.getByLabel('时长采用值',{exact:true}).selectOption('15');await dialog.getByLabel('画幅采用值',{exact:true}).selectOption('16:9');await dialog.getByRole('button',{name:'采用所选值',exact:true}).click();await expect(page.getByLabel('最终提示词正文',{exact:true})).toHaveValue(/时长 15 秒；画幅 16:9/);expect((await stored(page)).drafts[0].lockedConstraints.map((c:{acceptedValue?:string})=>c.acceptedValue)).toEqual(expect.arrayContaining(['15','16:9']));});
         |                                                                                                                                                                                                                                                                                                                                                                                                                                                                                                ^
      11 | test('T21: image placeholder saves independently and never activates video rules or image generation',async({page})=>{await page.getByRole('button',{name:'图片提示词（暂未开放）',exact:true}).click();await page.getByLabel('原始创意',{exact:true}).fill('图片占位草稿');await page.getByRole('button',{name:'保存草稿',exact:true}).click();await expect(page.getByRole('button',{name:'本地整理',exact:true})).toBeDisabled();await expect(page.getByText('图片编译与生成尚未开放',{exact:false})).toBeVisible();const rows=(await stored(page)).drafts;expect(rows.find((d:{type:string})=>d.type==='image').userRequest).toBe('图片占位草稿');expect(rows.find((d:{type:string})=>d.type==='video').userRequest).toContain('康济健葆');});
      12 |
        at E:\trae-studio\TRAEWORK\aiwork-studio\tests\e2e\prompt-workspace.spec.ts:10:480

    Error Context: test-results\prompt-workspace-T21-origi-ac0f6-irmed-choices-stay-explicit\error-context.md

    attachment #2: trace (application/zip) ─────────────────────────────────────────────────────────
    test-results\prompt-workspace-T21-origi-ac0f6-irmed-choices-stay-explicit\trace.zip
    Usage:

        npx playwright show-trace test-results\prompt-workspace-T21-origi-ac0f6-irmed-choices-stay-explicit\trace.zip

    ────────────────────────────────────────────────────────────────────────────────────────────────

  2 failed
    tests\e2e\prompt-workspace.spec.ts:7:1 › T21-C04: editing output persists a new manual result and invalidates previous checks 
    tests\e2e\prompt-workspace.spec.ts:10:1 › T21: original/form conflict has no preselected resolution and confirmed choices stay explicit 
  5 passed (42.3s)
