[WebServer] (node:3756) Warning: The 'NO_COLOR' env is ignored due to the 'FORCE_COLOR' env being set.
[WebServer] (Use `node --trace-warnings ...` to show where the warning was created)

Running 1 test using 1 worker

(node:22924) Warning: The 'NO_COLOR' env is ignored due to the 'FORCE_COLOR' env being set.
(Use `node --trace-warnings ...` to show where the warning was created)
(node:22924) Warning: The 'NO_COLOR' env is ignored due to the 'FORCE_COLOR' env being set.
(Use `node --trace-warnings ...` to show where the warning was created)
  x  1 tests\e2e\prompt-workspace.spec.ts:4:1 › T21 PG06/PG08: canvas source excludes unrelated library assets until explicit selection; external notes stay unbound (6.3s)


  1) tests\e2e\prompt-workspace.spec.ts:4:1 › T21 PG06/PG08: canvas source excludes unrelated library assets until explicit selection; external notes stay unbound 

    Error: [2mexpect([22m[31mlocator[39m[2m).[22mtoBeHidden[2m([22m[2m)[22m failed

    Locator:  getByText('无关素材', { exact: true })
    Expected: hidden
    Received: visible
    Timeout:  5000ms

    Call log:
    [2m  - Expect "toBeHidden" with timeout 5000ms[22m
    [2m  - waiting for getByText('无关素材', { exact: true })[22m
    [2m    9 × locator resolved to <label class="prompt-reference-choice">…</label>[22m
    [2m      - unexpected value "visible"[22m


      2 | import type {Page} from '@playwright/test';
      3 | const stored=(page:Page)=>page.evaluate(async()=>{const url='/tests/fixtures/prompt-workspace.ts';return (await import(url)).promptWorkspaceState();});
    > 4 | test('T21 PG06/PG08: canvas source excludes unrelated library assets until explicit selection; external notes stay unbound',async({page})=>{await page.evaluate(async()=>{const url='/src/infrastructure/storage/database.ts';const {openStudioDb,transact}=await import(url);const db=await openStudioDb();try{await transact(db,['assets'],'readwrite',(tx:IDBTransaction)=>tx.objectStore('assets').put({id:'unrelated',sha256:'c'.repeat(64),mediaType:'image',mimeType:'image/png',bytes:0,blobKey:'missing-unrelated',title:'无关素材',createdAt:1000}));}finally{db.close();}});await page.reload();await page.getByText('本地参考素材与用途',{exact:true}).click();await expect(page.getByText('无关素材',{exact:true})).toBeHidden();await page.getByRole('button',{name:'选择本地素材',exact:true}).click();await expect(page.getByText('无关素材',{exact:true})).toBeVisible();await page.getByLabel('外部参考说明',{exact:true}).fill('人物参考尚待提供素材');await page.getByRole('button',{name:'新增未绑定参考说明',exact:true}).click();await page.getByRole('button',{name:'保存草稿',exact:true}).click();const refs=(await stored(page)).drafts[0].references;expect(refs).toHaveLength(1);expect(refs[0]).toMatchObject({description:'人物参考尚待提供素材',unbound:true,available:false});expect(refs[0].assetId).toBeUndefined();});
        |                                                                                                                                                                                                                                                                                                                                                                                                                                                                                                                                                                                                                                                                                                                 ^
      5 | test('T21 PG05: composition input does not persist before composition ends',async({page})=>{const field=page.getByLabel('原始创意',{exact:true});await field.dispatchEvent('compositionstart');await field.fill('输入法组合中的品牌汉字');await page.waitForTimeout(650);expect((await stored(page)).drafts[0].revision).toBe(1);await field.dispatchEvent('compositionend');await expect.poll(async()=>(await stored(page)).drafts[0].userRequest).toBe('输入法组合中的品牌汉字');});
      6 | test('T21 PG32: invalid unsaved input retains old storage and navigation requires an explicit choice',async({page})=>{await page.getByLabel('原始创意',{exact:true}).fill('中'.repeat(21846));await page.getByRole('button',{name:'保存草稿',exact:true}).click();await expect(page.getByRole('alert')).toContainText('保存失败');expect((await stored(page)).drafts[0].userRequest).toContain('康济健葆');await page.getByRole('link',{name:'提示词库',exact:true}).click();const dialog=page.getByRole('dialog',{name:'离开未保存提示词草稿'});await dialog.getByRole('button',{name:'继续编辑',exact:true}).click();await expect(page.getByLabel('原始创意',{exact:true})).toHaveValue('中'.repeat(21846));await page.getByRole('link',{name:'提示词库',exact:true}).click();await page.getByRole('dialog',{name:'离开未保存提示词草稿'}).getByRole('button',{name:'放弃未保存修改',exact:true}).click();await expect(page).toHaveURL(/\/prompts/);expect((await stored(page)).drafts[0].revision).toBe(1);});
      7 | test('T21 P23: original input snapshot is shown independently of current edited input',async({page})=>{await page.getByRole('button',{name:'本地整理',exact:true}).click();await page.getByLabel('原始创意',{exact:true}).fill('新的创意');await page.getByRole('button',{name:'保存草稿',exact:true}).click();await page.getByRole('button',{name:'查看历史',exact:true}).click();await page.getByRole('dialog',{name:'提示词结果历史'}).getByRole('button',{name:'查看输入快照',exact:true}).first().click();await expect(page.getByRole('dialog',{name:'历史输入快照'})).toContainText('康济健葆');await expect(page.getByRole('dialog',{name:'历史输入快照'})).toContainText('输入修订 1');});
        at E:\trae-studio\TRAEWORK\aiwork-studio\tests\e2e\prompt-workspace.spec.ts:4:689

    Error Context: test-results\prompt-workspace-T21-PG06--8ee94-external-notes-stay-unbound\error-context.md

    attachment #2: trace (application/zip) ─────────────────────────────────────────────────────────
    test-results\prompt-workspace-T21-PG06--8ee94-external-notes-stay-unbound\trace.zip
    Usage:

        npx playwright show-trace test-results\prompt-workspace-T21-PG06--8ee94-external-notes-stay-unbound\trace.zip

    ────────────────────────────────────────────────────────────────────────────────────────────────

  1 failed
    tests\e2e\prompt-workspace.spec.ts:4:1 › T21 PG06/PG08: canvas source excludes unrelated library assets until explicit selection; external notes stay unbound 
