
> aiwork-studio@0.0.1 test:e2e
> playwright test tests/e2e/prompt-canvas-commands.spec.ts

[WebServer] (node:10388) Warning: The 'NO_COLOR' env is ignored due to the 'FORCE_COLOR' env being set.
[WebServer] (Use `node --trace-warnings ...` to show where the warning was created)

Running 7 tests using 1 worker

(node:22892) Warning: The 'NO_COLOR' env is ignored due to the 'FORCE_COLOR' env being set.
(Use `node --trace-warnings ...` to show where the warning was created)
(node:22892) Warning: The 'NO_COLOR' env is ignored due to the 'FORCE_COLOR' env being set.
(Use `node --trace-warnings ...` to show where the warning was created)
  ok 1 tests\e2e\prompt-canvas-commands.spec.ts:6:1 › T22-C03: browser storage fault leaves zero partial nodes and retries the same command safely (1.3s)
  ok 2 tests\e2e\prompt-canvas-commands.spec.ts:7:1 › T22-C06: replaying an applied command in the actual browser never adds a second node (1.1s)
  x  3 tests\e2e\prompt-canvas-commands.spec.ts:8:1 › T22: applying from the canvas panel retains its writer lease and selected historical body (15.1s)
(node:28692) Warning: The 'NO_COLOR' env is ignored due to the 'FORCE_COLOR' env being set.
(Use `node --trace-warnings ...` to show where the warning was created)
(node:28692) Warning: The 'NO_COLOR' env is ignored due to the 'FORCE_COLOR' env being set.
(Use `node --trace-warnings ...` to show where the warning was created)
  ok 4 tests\e2e\prompt-canvas-commands.spec.ts:9:1 › T22-C01: insertion requires an explicit project and previews position before committing (1.3s)
  ok 5 tests\e2e\prompt-canvas-commands.spec.ts:10:1 › T22-C02: applying previews old/new text and rejects a revision changed after preview (1.1s)
  ok 6 tests\e2e\prompt-canvas-commands.spec.ts:11:1 › T22-C04: reviewed local mock capability builds one atomic group with no POST or Run (1.5s)
  ok 7 tests\e2e\prompt-canvas-commands.spec.ts:12:1 › T22-C05: unknown capabilities and unbound references cannot become executable flows (898ms)


  1) tests\e2e\prompt-canvas-commands.spec.ts:8:1 › T22: applying from the canvas panel retains its writer lease and selected historical body 

    [31mTest timeout of 15000ms exceeded.[39m

    Error: locator.click: Test timeout of 15000ms exceeded.
    Call log:
    [2m  - waiting for getByRole('dialog', { name: '提示词结果历史' }).getByRole('button', { name: '选择结果', exact: true }).first()[22m


       6 | test('T22-C03: browser storage fault leaves zero partial nodes and retries the same command safely',async({page})=>{await page.getByRole('button',{name:'插入画布',exact:true}).click();const d=page.getByRole('dialog',{name:'选择插入目标'});await d.getByLabel('目标项目',{exact:true}).selectOption('p1');await expect(d.getByRole('button',{name:'确认插入文本',exact:true})).toBeEnabled();await page.evaluate(()=>{const original=IDBObjectStore.prototype.put;IDBObjectStore.prototype.put=function(...args:Parameters<typeof original>){if(this.name==='projects'){IDBObjectStore.prototype.put=original;throw new DOMException('injected storage quota','QuotaExceededError');}return original.apply(this,args);};});await d.getByRole('button',{name:'确认插入文本',exact:true}).click();await expect(d.getByRole('alert')).toContainText('没有留下节点');const before=await state(page);expect(before.graph.revision).toBe(1);expect(before.graph.nodes).toHaveLength(1);expect(before.receipts.filter((r:{kind?:string})=>r.kind==='prompt-canvas-request')).toEqual([]);await d.getByRole('button',{name:'确认插入文本',exact:true}).click();await expect(page).toHaveURL(/canvas\?node=/);expect((await state(page)).graph.nodes).toHaveLength(2);});
       7 | test('T22-C06: replaying an applied command in the actual browser never adds a second node',async({page})=>{await page.getByRole('button',{name:'插入画布',exact:true}).click();const d=page.getByRole('dialog',{name:'选择插入目标'});await d.getByLabel('目标项目',{exact:true}).selectOption('p1');await d.getByRole('button',{name:'确认插入文本',exact:true}).click();await expect(page).toHaveURL(/canvas\?node=/);await expect(page.getByText('只读 · 另一标签持有写权',{exact:true})).toHaveCount(0);const replay=await page.evaluate(async()=>{const dbUrl='/src/infrastructure/storage/database.ts';const {openStudioDb,transact,requestResult}=await import(dbUrl);const url='/src/application/commands/prompt-to-canvas.ts';const {applyPromptToCanvas}=await import(url);const db=await openStudioDb();try{const stored=await transact(db,['receipts','leases'],'readonly',async(tx:IDBTransaction)=>({request:(await requestResult(tx.objectStore('receipts').getAll())).find((r:{kind?:string})=>r.kind==='prompt-canvas-request'),lease:await requestResult(tx.objectStore('leases').get('project:p1'))}));const {projectId,tabId,epoch}=stored.lease;return await applyPromptToCanvas(stored.request.input,{db,lease:{projectId,tabId,epoch}});}finally{db.close();}});expect(replay.status).toBe('replayed');expect((await state(page)).graph.nodes).toHaveLength(2);});
    >  8 | test('T22: applying from the canvas panel retains its writer lease and selected historical body',async({page})=>{await page.getByLabel('最终提示词正文',{exact:true}).fill('第二个人工结果，原品牌康济健葆。');await page.getByRole('button',{name:'保存草稿',exact:true}).click();await page.getByRole('button',{name:'查看历史',exact:true}).click();await page.getByRole('dialog',{name:'提示词结果历史'}).getByRole('button',{name:'选择结果',exact:true}).first().click();await page.getByRole('button',{name:'检查当前结果',exact:true}).click();const checked=await page.evaluate(async()=>{const url='/src/infrastructure/storage/database.ts';const {openStudioDb,transact,requestResult}=await import(url);const db=await openStudioDb();try{return await transact(db,['receipts'],'readonly',async(tx:IDBTransaction)=>(await requestResult(tx.objectStore('receipts').getAll())).filter((r:{kind?:string})=>r.kind==='prompt-validation'));}finally{db.close();}});expect(checked[0].resultId).toBe((await page.evaluate(async()=>{const url='/tests/fixtures/prompt-workspace.ts';return(await(await import(url)).promptWorkspaceState()).drafts[0].resultVersions[0].id;})));await page.goto('/projects/p1/canvas');await page.getByTestId('node-text-1').getByRole('button',{name:'提示词生成',exact:true}).click();const panel=page.getByRole('complementary',{name:'提示词生成面板',exact:true});await panel.getByRole('button',{name:'应用到源节点',exact:true}).click();await page.getByRole('dialog',{name:'应用提示词到节点'}).getByRole('button',{name:'接受并应用',exact:true}).click();await expect(page).toHaveURL(/canvas\?node=text-1/);await page.getByTestId('node-text-1').getByLabel('节点文本',{exact:true}).fill('继续修改验证写权');await expect.poll(async()=>(await state(page)).graph.nodes[0].data.text).toBe('继续修改验证写权');expect((await state(page)).graph.revision).toBe(3);});
         |                                                                                                                                                                                                                                                                                                                                                                                                                              ^
       9 | test('T22-C01: insertion requires an explicit project and previews position before committing',async({page,networkCounter})=>{await page.getByRole('button',{name:'插入画布',exact:true}).click();const d=page.getByRole('dialog',{name:'选择插入目标'});await expect(d.getByRole('button',{name:'确认插入文本',exact:true})).toBeDisabled();await d.getByLabel('目标项目',{exact:true}).selectOption('p1');await expect(d.locator('section').getByText('提示词源项目',{exact:false})).toBeVisible();await d.getByRole('button',{name:'确认插入文本',exact:true}).click();await expect(page).toHaveURL(/projects\/p1\/canvas\?node=/);await expect(page.locator('[data-node-type="text"]')).toHaveCount(2);const s=await state(page);expect(s.graph.revision).toBe(2);expect(s.runs).toEqual([]);expect(s.promptRuns).toEqual([]);expect(networkCounter.requests.filter(r=>r.method==='POST')).toEqual([]);await page.screenshot({path:'docs/review/screenshots/T22-text-insert.png'});});
      10 | test('T22-C02: applying previews old/new text and rejects a revision changed after preview',async({page})=>{await page.getByRole('button',{name:'应用到源节点',exact:true}).click();const d=page.getByRole('dialog',{name:'应用提示词到节点'});await expect(d.getByLabel('原节点文字',{exact:true})).toHaveValue('康济健葆，1位人物，不切镜，5秒、9:16');await expect(d.getByLabel('将应用的文字',{exact:true})).toHaveValue(/康济健葆/);await page.evaluate(async()=>{const url='/src/infrastructure/storage/database.ts';const {openStudioDb,transact,requestResult}=await import(url);const db=await openStudioDb();try{await transact(db,['projects','graphs'],'readwrite',async(tx:IDBTransaction)=>{for(const table of ['projects','graphs']){const item=await requestResult(tx.objectStore(table).get('p1'));item.revision++;if(table==='graphs')item.nodes[0].data.text='另一标签已保存的文字';tx.objectStore(table).put(item);}});}finally{db.close();}});await d.getByRole('button',{name:'接受并应用',exact:true}).click();await expect(d.getByRole('alert')).toContainText('版本已变化');expect((await state(page)).graph.nodes[0].data.text).toBe('另一标签已保存的文字');await d.getByRole('button',{name:'重新比较',exact:true}).click();await expect(d.getByLabel('原节点文字',{exact:true})).toHaveValue('另一标签已保存的文字');await d.getByRole('button',{name:'接受并应用',exact:true}).click();await expect(page).toHaveURL(/canvas\?node=text-1/);expect((await state(page)).graph.nodes).toHaveLength(1);});
      11 | test('T22-C04: reviewed local mock capability builds one atomic group with no POST or Run',async({page,networkCounter})=>{await page.evaluate(async()=>{const url='/src/infrastructure/storage/database.ts';const {openStudioDb,transact}=await import(url);const fixtures='/tests/helpers/fixtures.ts';const {f}=await import(fixtures);const db=await openStudioDb();try{await transact(db,['diagnostics'],'readwrite',(tx:IDBTransaction)=>tx.objectStore('diagnostics').put({id:'capability:current',capability:f.caps({videoSpecs:[{modelId:'fake-video-only',durationSeconds:5,ratio:'9:16'}]})}));}finally{db.close();}});await page.reload();await page.getByRole('button',{name:'仅建流程',exact:true}).click();const d=page.getByRole('dialog',{name:'选择插入目标'});await d.getByLabel('目标项目',{exact:true}).selectOption('p1');await d.getByLabel('流程视频规格',{exact:true}).selectOption('0');await expect(d.getByText('流程预览',{exact:false})).toBeVisible();await d.getByRole('button',{name:'确认仅建流程',exact:true}).click();await expect(page.locator('[data-node-type="video-generation"]')).toHaveCount(1);await expect(page.locator('[data-node-type="group"]')).toHaveCount(1);const s=await state(page);expect(s.graph.revision).toBe(2);expect(s.graph.edges).toHaveLength(1);expect(s.runs).toEqual([]);expect(s.promptRuns).toEqual([]);expect(networkCounter.requests.filter(r=>r.method==='POST')).toEqual([]);await page.screenshot({path:'docs/review/screenshots/T22-flow.png'});});
        at E:\trae-studio\TRAEWORK\aiwork-studio\tests\e2e\prompt-canvas-commands.spec.ts:8:414

    Error Context: test-results\prompt-canvas-commands-T22-fc8d4-nd-selected-historical-body\error-context.md

    attachment #2: trace (application/zip) ─────────────────────────────────────────────────────────
    test-results\prompt-canvas-commands-T22-fc8d4-nd-selected-historical-body\trace.zip
    Usage:

        npx playwright show-trace test-results\prompt-canvas-commands-T22-fc8d4-nd-selected-historical-body\trace.zip

    ────────────────────────────────────────────────────────────────────────────────────────────────

  1 failed
    tests\e2e\prompt-canvas-commands.spec.ts:8:1 › T22: applying from the canvas panel retains its writer lease and selected historical body 
  6 passed (26.7s)
