
> aiwork-studio@0.0.1 test:e2e
> playwright test tests/e2e/generation-preflight.spec.ts tests/e2e/typed-nodes.spec.ts tests/e2e/prompt-canvas-commands.spec.ts

[WebServer] (node:25220) Warning: The 'NO_COLOR' env is ignored due to the 'FORCE_COLOR' env being set.
[WebServer] (Use `node --trace-warnings ...` to show where the warning was created)

Running 27 tests using 1 worker

(node:25144) Warning: The 'NO_COLOR' env is ignored due to the 'FORCE_COLOR' env being set.
(Use `node --trace-warnings ...` to show where the warning was created)
(node:25144) Warning: The 'NO_COLOR' env is ignored due to the 'FORCE_COLOR' env being set.
(Use `node --trace-warnings ...` to show where the warning was created)
  ok  1 tests\e2e\generation-preflight.spec.ts:10:1 › T26-C01/C06: actual preflight lists visible inputs and unknown fee with zero uploads or paid requests (1.3s)
  ok  2 tests\e2e\generation-preflight.spec.ts:11:1 › T26-C02/C05: deliberate double click persists one approval bound to revision, count, input and hash (1.2s)
  ok  3 tests\e2e\generation-preflight.spec.ts:12:1 › T26-C03: unsupported duration produces an explicit blocker without clamping the draft (1.3s)
  ok  4 tests\e2e\generation-preflight.spec.ts:13:1 › T26-C04: persisted graph changes after preview invalidate the approval and create no Run (1.1s)
  ok  5 tests\e2e\generation-preflight.spec.ts:14:1 › T26 V-10: Escape cancels without approval or Run and restores the preflight button focus (1.1s)
  ok  6 tests\e2e\generation-preflight.spec.ts:15:1 › T26: confirmation remains disabled until the exact fee/input acknowledgment is selected (1.0s)
  ok  7 tests\e2e\generation-preflight.spec.ts:16:1 › T26: readable checkbox stays beside its acknowledgment rather than spanning the dialog (1.0s)
  ok  8 tests\e2e\generation-preflight.spec.ts:17:1 › T26: quota failure atomically preserves draft and refuses approval/Run creation (1.1s)
  ok  9 tests\e2e\generation-preflight.spec.ts:18:1 › T26: changing text even without revision bump invalidates the reviewed input snapshot (1.1s)
  ok 10 tests\e2e\prompt-canvas-commands.spec.ts:6:1 › T22: video-source diff keeps parameters unless explicitly accepted and replaces only text connections (1.7s)
  ok 11 tests\e2e\prompt-canvas-commands.spec.ts:7:1 › T22-C03: browser storage fault leaves zero partial nodes and retries the same command safely (1.3s)
  ok 12 tests\e2e\prompt-canvas-commands.spec.ts:8:1 › T22-C06: replaying an applied command in the actual browser never adds a second node (1.1s)
  ok 13 tests\e2e\prompt-canvas-commands.spec.ts:9:1 › T22: applying from the canvas panel retains its writer lease and selected historical body (2.1s)
  ok 14 tests\e2e\prompt-canvas-commands.spec.ts:10:1 › T22-C01: insertion requires an explicit project and previews position before committing (1.2s)
  ok 15 tests\e2e\prompt-canvas-commands.spec.ts:11:1 › T22-C02: applying previews old/new text and rejects a revision changed after preview (1.2s)
  ok 16 tests\e2e\prompt-canvas-commands.spec.ts:12:1 › T22-C04: reviewed local mock capability builds one atomic group with no POST or Run (1.5s)
  ok 17 tests\e2e\prompt-canvas-commands.spec.ts:13:1 › T22-C05: unknown capabilities and unbound references cannot become executable flows (958ms)
  ok 18 tests\e2e\typed-nodes.spec.ts:5:1 › T14-C04: unknown capabilities keep video drafts editable without an execution button (871ms)
  ok 19 tests\e2e\typed-nodes.spec.ts:8:1 › T14-C05: debounced local text saves; UTF-8 overflow keeps persisted text intact (2.1s)
  ok 20 tests\e2e\typed-nodes.spec.ts:11:1 › T14-C01/C02: explicit ordered inputs persist through layout; disconnect never rewrites Run (1.3s)
  ok 21 tests\e2e\typed-nodes.spec.ts:14:1 › T14-C03: result node displays fixed asset and run; preview does not replace history (904ms)
  ok 22 tests\e2e\typed-nodes.spec.ts:17:1 › T14 N02/T02: title validates Unicode length and display font does not edit content (1.1s)
  ok 23 tests\e2e\typed-nodes.spec.ts:20:1 › T14 N13: ports support keyboard and pointer equivalents; invalid type stays unconnected (991ms)
  ok 24 tests\e2e\typed-nodes.spec.ts:21:1 › T14 node creation: local asset and fixed result references use existing identities (1.1s)
  ok 25 tests\e2e\typed-nodes.spec.ts:22:1 › T14 tab identity: a duplicated session identity is fenced, while reload keeps the original writer (1.8s)
  ok 26 tests\e2e\typed-nodes.spec.ts:23:1 › T14 N13: real pointer drag from text output to text input creates one dependency (1.0s)
  ok 27 tests\e2e\typed-nodes.spec.ts:24:1 › T14 identity fallback: without Web Locks a copied session cannot reuse another writer identity (1.4s)

  27 passed (36.8s)
