
> aiwork-studio@0.0.1 test:unit
> vitest run tests/unit/video-submit.test.ts


 RUN  v4.1.11 E:/trae-studio/TRAEWORK/aiwork-studio

 ❯ tests/unit/video-submit.test.ts (9 tests | 9 failed) 76ms
   × T27-C01: concurrent double dispatch sends exactly one POST with the persisted original key 41ms
   × T27-C02: send-intent quota failure produces zero video POST 9ms
   × T27-C03/C06: accepted but lost response persists unknown and never automatically resends 4ms
   × T27-C04: definite idempotency conflict preserves original body/key and does not pretend refund 5ms
   × T27-C05: an explicit new confirmation creates a fresh key while preserving the accepted prior Run 3ms
   × T27: no persisted user approval means no upload or submit even if a Run exists 4ms
   × T27: malformed success remains unknown with no invented task ID or automatic new key 2ms
   × T27: unknown task without an identity offers manual check and invents no GET lookup endpoint 2ms
   × T27: replay is blocked without separately verified deployment idempotency support 3ms

⎯⎯⎯⎯⎯⎯⎯ Failed Tests 9 ⎯⎯⎯⎯⎯⎯⎯

 FAIL  tests/unit/video-submit.test.ts > T27-C01: concurrent double dispatch sends exactly one POST with the persisted original key
AssertionError: expected [] to have a length of 1 but got +0

- Expected
+ Received

- 1
+ 0

 ❯ tests/unit/video-submit.test.ts:24:363


⎯⎯⎯⎯⎯⎯⎯⎯⎯⎯⎯⎯⎯⎯⎯⎯⎯⎯⎯⎯⎯⎯⎯⎯[1/9]⎯

 FAIL  tests/unit/video-submit.test.ts > T27-C02: send-intent quota failure produces zero video POST
AssertionError: expected [Function] to throw error including 'storage_quota_exceeded' but got 'video_submit_not_implemented'

Expected: "storage_quota_exceeded"
Received: "video_submit_not_implemented"

 ❯ tests/unit/video-submit.test.ts:25:507


⎯⎯⎯⎯⎯⎯⎯⎯⎯⎯⎯⎯⎯⎯⎯⎯⎯⎯⎯⎯⎯⎯⎯⎯[2/9]⎯

 FAIL  tests/unit/video-submit.test.ts > T27-C03/C06: accepted but lost response persists unknown and never automatically resends
Error: video_submit_not_implemented
 ❯ submitVideo src/application/runs/submit-video.ts:4:117
      2| import type {PrepareOptions} from './prepare-request';
      3| export type SubmitOptions=PrepareOptions&{tabId?:string};
      4| export async function submitVideo(runId:string,options:SubmitOptions={…
       |                                                                                                                     ^
      5|
 ❯ tests/unit/video-submit.test.ts:26:157

⎯⎯⎯⎯⎯⎯⎯⎯⎯⎯⎯⎯⎯⎯⎯⎯⎯⎯⎯⎯⎯⎯⎯⎯[3/9]⎯

 FAIL  tests/unit/video-submit.test.ts > T27-C04: definite idempotency conflict preserves original body/key and does not pretend refund
Error: video_submit_not_implemented
 ❯ submitVideo src/application/runs/submit-video.ts:4:117
      2| import type {PrepareOptions} from './prepare-request';
      3| export type SubmitOptions=PrepareOptions&{tabId?:string};
      4| export async function submitVideo(runId:string,options:SubmitOptions={…
       |                                                                                                                     ^
      5|
 ❯ tests/unit/video-submit.test.ts:27:245

⎯⎯⎯⎯⎯⎯⎯⎯⎯⎯⎯⎯⎯⎯⎯⎯⎯⎯⎯⎯⎯⎯⎯⎯[4/9]⎯

 FAIL  tests/unit/video-submit.test.ts > T27-C05: an explicit new confirmation creates a fresh key while preserving the accepted prior Run
Error: video_submit_not_implemented
 ❯ submitVideo src/application/runs/submit-video.ts:4:117
      2| import type {PrepareOptions} from './prepare-request';
      3| export type SubmitOptions=PrepareOptions&{tabId?:string};
      4| export async function submitVideo(runId:string,options:SubmitOptions={…
       |                                                                                                                     ^
      5|
 ❯ tests/unit/video-submit.test.ts:28:132

⎯⎯⎯⎯⎯⎯⎯⎯⎯⎯⎯⎯⎯⎯⎯⎯⎯⎯⎯⎯⎯⎯⎯⎯[5/9]⎯

 FAIL  tests/unit/video-submit.test.ts > T27: no persisted user approval means no upload or submit even if a Run exists
AssertionError: expected [Function] to throw error including 'video_approval_required' but got 'video_submit_not_implemented'

Expected: "video_approval_required"
Received: "video_submit_not_implemented"

 ❯ tests/unit/video-submit.test.ts:29:358


⎯⎯⎯⎯⎯⎯⎯⎯⎯⎯⎯⎯⎯⎯⎯⎯⎯⎯⎯⎯⎯⎯⎯⎯[6/9]⎯

 FAIL  tests/unit/video-submit.test.ts > T27: malformed success remains unknown with no invented task ID or automatic new key
Error: video_submit_not_implemented
 ❯ submitVideo src/application/runs/submit-video.ts:4:117
      2| import type {PrepareOptions} from './prepare-request';
      3| export type SubmitOptions=PrepareOptions&{tabId?:string};
      4| export async function submitVideo(runId:string,options:SubmitOptions={…
       |                                                                                                                     ^
      5|
 ❯ tests/unit/video-submit.test.ts:30:151

⎯⎯⎯⎯⎯⎯⎯⎯⎯⎯⎯⎯⎯⎯⎯⎯⎯⎯⎯⎯⎯⎯⎯⎯[7/9]⎯

 FAIL  tests/unit/video-submit.test.ts > T27: unknown task without an identity offers manual check and invents no GET lookup endpoint
Error: video_submit_not_implemented
 ❯ submitVideo src/application/runs/submit-video.ts:4:117
      2| import type {PrepareOptions} from './prepare-request';
      3| export type SubmitOptions=PrepareOptions&{tabId?:string};
      4| export async function submitVideo(runId:string,options:SubmitOptions={…
       |                                                                                                                     ^
      5|
 ❯ tests/unit/video-submit.test.ts:31:161

⎯⎯⎯⎯⎯⎯⎯⎯⎯⎯⎯⎯⎯⎯⎯⎯⎯⎯⎯⎯⎯⎯⎯⎯[8/9]⎯

 FAIL  tests/unit/video-submit.test.ts > T27: replay is blocked without separately verified deployment idempotency support
Error: video_submit_not_implemented
 ❯ submitVideo src/application/runs/submit-video.ts:4:117
      2| import type {PrepareOptions} from './prepare-request';
      3| export type SubmitOptions=PrepareOptions&{tabId?:string};
      4| export async function submitVideo(runId:string,options:SubmitOptions={…
       |                                                                                                                     ^
      5|
 ❯ tests/unit/video-submit.test.ts:32:140

⎯⎯⎯⎯⎯⎯⎯⎯⎯⎯⎯⎯⎯⎯⎯⎯⎯⎯⎯⎯⎯⎯⎯⎯[9/9]⎯


 Test Files  1 failed (1)
      Tests  9 failed (9)
   Start at  03:46:49
   Duration  621ms (transform 204ms, setup 45ms, import 300ms, tests 76ms, environment 0ms)

