[WebServer] (node:29456) Warning: The 'NO_COLOR' env is ignored due to the 'FORCE_COLOR' env being set.
[WebServer] (Use `node --trace-warnings ...` to show where the warning was created)

Running 1 test using 1 worker

(node:28964) Warning: The 'NO_COLOR' env is ignored due to the 'FORCE_COLOR' env being set.
(Use `node --trace-warnings ...` to show where the warning was created)
(node:28964) Warning: The 'NO_COLOR' env is ignored due to the 'FORCE_COLOR' env being set.
(Use `node --trace-warnings ...` to show where the warning was created)
  x  1 tests\e2e\video-submit.spec.ts:12:1 › T27 D21: after a response save fault the durable journal enables querying the known original task without resubmission (6.5s)


  1) tests\e2e\video-submit.spec.ts:12:1 › T27 D21: after a response save fault the durable journal enables querying the known original task without resubmission 

    Error: [2mexpect([22m[31mlocator[39m[2m).[22mtoBeEnabled[2m([22m[2m)[22m failed

    Locator:  getByRole('dialog', { name: '任务未知结果' }).getByRole('button', { name: '查询原任务', exact: true })
    Expected: enabled
    Received: disabled
    Timeout:  5000ms

    Call log:
    [2m  - Expect "toBeEnabled" with timeout 5000ms[22m
    [2m  - waiting for getByRole('dialog', { name: '任务未知结果' }).getByRole('button', { name: '查询原任务', exact: true })[22m
    [2m    9 × locator resolved to <button disabled aria-busy="false" class="button secondary " aria-describedby="_r_48_">查询原任务</button>[22m
    [2m      - unexpected value "disabled"[22m


      10 | test('T27 D21: lost actual browser response preserves unknown state, original identity and disabled unverified replay',async({page,networkCounter})=>{await page.route('**/core-api/v1/videos/generations',route=>route.abort('connectionclosed'));await page.getByTestId('node-video-1').locator('[data-interaction-id="V-08"]').click();const dialog=page.getByRole('dialog',{name:'生成确认单'});await dialog.getByLabel('我确认以上输入，并知悉可能消耗积分且金额未知').check();await dialog.getByRole('button',{name:'确认提交 1 项',exact:true}).click();const unknown=page.getByRole('dialog',{name:'任务未知结果'});await expect(unknown).toBeVisible();await expect(unknown).toContainText('原请求');await expect(unknown.getByRole('button',{name:'重放原请求',exact:true})).toBeDisabled();expect(networkCounter.paidRequests).toHaveLength(1);await page.screenshot({path:'docs/review/screenshots/T27-submit-unknown.png'});await unknown.getByRole('button',{name:'暂存待核对',exact:true}).click();expect(networkCounter.paidRequests).toHaveLength(1);});
      11 | test('T27 V-14: a deliberate new attempt warns about the unknown prior charge and requires separate risk acknowledgment',async({page,networkCounter})=>{await page.route('**/core-api/v1/videos/generations',route=>route.abort('connectionclosed'));const open=()=>page.getByTestId('node-video-1').locator('[data-interaction-id="V-08"]').click();await open();let dialog=page.getByRole('dialog',{name:'生成确认单'});await dialog.getByLabel('我确认以上输入，并知悉可能消耗积分且金额未知').check();await dialog.getByRole('button',{name:'确认提交 1 项',exact:true}).click();await page.getByRole('dialog',{name:'任务未知结果'}).getByRole('button',{name:'暂存待核对',exact:true}).click();await open();dialog=page.getByRole('dialog',{name:'生成确认单'});await expect(dialog).toContainText('原任务结果仍不明');await dialog.getByLabel('我确认以上输入，并知悉可能消耗积分且金额未知').check();await expect(dialog.getByRole('button',{name:'确认提交 1 项',exact:true})).toBeDisabled();await dialog.getByLabel('我明确要创建新尝试，已知原任务可能仍在执行且可能再次计费').check();await expect(dialog.getByRole('button',{name:'确认提交 1 项',exact:true})).toBeEnabled();await dialog.getByRole('button',{name:'返回编辑',exact:true}).click();expect(networkCounter.paidRequests).toHaveLength(1);});
    > 12 | test('T27 D21: after a response save fault the durable journal enables querying the known original task without resubmission',async({page,networkCounter})=>{await page.route('**/core-api/v1/videos/generations',route=>route.fulfill({status:202,contentType:'application/json',body:JSON.stringify({task:{id:'mock-journal-video-1',status:'queued'}})}));await page.route('**/core-api/v1/videos/mock-journal-video-1',route=>route.fulfill({status:200,contentType:'application/json',body:JSON.stringify({task:{id:'mock-journal-video-1',status:'completed',content_url:'/core-api/v1/videos/mock-journal-video-1/content'}})}));await page.evaluate(()=>{const original=IDBObjectStore.prototype.put;IDBObjectStore.prototype.put=function(...args:Parameters<typeof original>){if(this.name==='runs'&&(args[0] as {executionState?:string}).executionState==='accepted'){IDBObjectStore.prototype.put=original;throw new DOMException('injected response save','QuotaExceededError');}return original.apply(this,args);};});await page.getByTestId('node-video-1').locator('[data-interaction-id="V-08"]').click();const confirm=page.getByRole('dialog',{name:'生成确认单'});await confirm.getByLabel('我确认以上输入，并知悉可能消耗积分且金额未知').check();await confirm.getByRole('button',{name:'确认提交 1 项',exact:true}).click();const unknown=page.getByRole('dialog',{name:'任务未知结果'});await expect(unknown).toBeVisible();await expect(unknown.getByRole('button',{name:'查询原任务',exact:true})).toBeEnabled();await unknown.getByRole('button',{name:'查询原任务',exact:true}).click();await expect(unknown).not.toBeVisible();await expect(page.getByText('原任务已恢复 · 继续追踪',{exact:true})).toBeVisible();expect(networkCounter.paidRequests).toHaveLength(1);expect(networkCounter.requests.filter(r=>r.method==='GET'&&r.url.endsWith('/v1/videos/mock-journal-video-1'))).toHaveLength(1);});
         |                                                                                                                                                                                                                                                                                                                                                                                                                                                                                                                                                                                                                                                                                                                                                                                                                                                                                                                                                                                                                                                                                                                                                                                                                                                                                                                                                                                                                                                                                    ^
      13 |
        at E:\trae-studio\TRAEWORK\aiwork-studio\tests\e2e\video-submit.spec.ts:12:1428

    Error Context: test-results\video-submit-T27-D21-after-bb28b-l-task-without-resubmission\error-context.md

    attachment #2: trace (application/zip) ─────────────────────────────────────────────────────────
    test-results\video-submit-T27-D21-after-bb28b-l-task-without-resubmission\trace.zip
    Usage:

        npx playwright show-trace test-results\video-submit-T27-D21-after-bb28b-l-task-without-resubmission\trace.zip

    ────────────────────────────────────────────────────────────────────────────────────────────────

  1 failed
    tests\e2e\video-submit.spec.ts:12:1 › T27 D21: after a response save fault the durable journal enables querying the known original task without resubmission 
