
> aiwork-studio@0.0.1 test:unit
> vitest run tests/unit/text-optimization.test.ts


 RUN  v4.1.11 E:/trae-studio/TRAEWORK/aiwork-studio

 ❯ tests/unit/text-optimization.test.ts (6 tests | 3 failed) 134ms
   × T30-C03: actual outgoing chat observes durable sending PromptRun, original body/key and no new video Run 14ms
   × T30-C06: the same confirmation is consumed once; double invocation never sends twice 13ms
   × T30: changed persisted draft invalidates preview without a chat 13ms

⎯⎯⎯⎯⎯⎯⎯ Failed Tests 3 ⎯⎯⎯⎯⎯⎯⎯

 FAIL  tests/unit/text-optimization.test.ts > T30-C03: actual outgoing chat observes durable sending PromptRun, original body/key and no new video Run
Error: prompt_plan_hash_mismatch
 ❯ optimizePrompt src/application/prompts/optimize-text.ts:34:188

 ❯ tests/unit/text-optimization.test.ts:16:795

⎯⎯⎯⎯⎯⎯⎯⎯⎯⎯⎯⎯⎯⎯⎯⎯⎯⎯⎯⎯⎯⎯⎯⎯[1/3]⎯

 FAIL  tests/unit/text-optimization.test.ts > T30-C06: the same confirmation is consumed once; double invocation never sends twice
AssertionError: expected [] to have a length of 1 but got +0

- Expected
+ Received

- 1
+ 0

 ❯ tests/unit/text-optimization.test.ts:17:319


⎯⎯⎯⎯⎯⎯⎯⎯⎯⎯⎯⎯⎯⎯⎯⎯⎯⎯⎯⎯⎯⎯⎯⎯[2/3]⎯

 FAIL  tests/unit/text-optimization.test.ts > T30: changed persisted draft invalidates preview without a chat
AssertionError: expected [Function] to throw error including 'prompt_approval_expired' but got 'prompt_plan_hash_mismatch'

Expected: "prompt_approval_expired"
Received: "prompt_plan_hash_mismatch"

 ❯ tests/unit/text-optimization.test.ts:18:278


⎯⎯⎯⎯⎯⎯⎯⎯⎯⎯⎯⎯⎯⎯⎯⎯⎯⎯⎯⎯⎯⎯⎯⎯[3/3]⎯


 Test Files  1 failed (1)
      Tests  3 failed | 3 passed (6)
   Start at  05:09:31
   Duration  758ms (transform 281ms, setup 43ms, import 391ms, tests 134ms, environment 0ms)

