
> aiwork-studio@0.0.1 test:e2e
> playwright test tests/e2e/prompt-result-parser.spec.ts tests/e2e/prompt-workspace.spec.ts tests/e2e/prompt-canvas-commands.spec.ts

[WebServer] (node:13988) Warning: The 'NO_COLOR' env is ignored due to the 'FORCE_COLOR' env being set.
[WebServer] (Use `node --trace-warnings ...` to show where the warning was created)

Running 30 tests using 1 worker

(node:12700) Warning: The 'NO_COLOR' env is ignored due to the 'FORCE_COLOR' env being set.
(Use `node --trace-warnings ...` to show where the warning was created)
(node:12700) Warning: The 'NO_COLOR' env is ignored due to the 'FORCE_COLOR' env being set.
(Use `node --trace-warnings ...` to show where the warning was created)
  ok  1 tests\e2e\prompt-canvas-commands.spec.ts:6:1 › T22: video-source diff keeps parameters unless explicitly accepted and replaces only text connections (2.1s)
  ok  2 tests\e2e\prompt-canvas-commands.spec.ts:7:1 › T22-C03: browser storage fault leaves zero partial nodes and retries the same command safely (1.3s)
  ok  3 tests\e2e\prompt-canvas-commands.spec.ts:8:1 › T22-C06: replaying an applied command in the actual browser never adds a second node (1.1s)
  ok  4 tests\e2e\prompt-canvas-commands.spec.ts:9:1 › T22: applying from the canvas panel retains its writer lease and selected historical body (2.2s)
  ok  5 tests\e2e\prompt-canvas-commands.spec.ts:10:1 › T22-C01: insertion requires an explicit project and previews position before committing (1.2s)
  ok  6 tests\e2e\prompt-canvas-commands.spec.ts:11:1 › T22-C02: applying previews old/new text and rejects a revision changed after preview (1.1s)
  ok  7 tests\e2e\prompt-canvas-commands.spec.ts:12:1 › T22-C04: reviewed local mock capability builds one atomic group with no POST or Run (1.5s)
  ok  8 tests\e2e\prompt-canvas-commands.spec.ts:13:1 › T22-C05: unknown capabilities and unbound references cannot become executable flows (999ms)
  ok  9 tests\e2e\prompt-result-parser.spec.ts:6:1 › T31: actual candidate save quota preserves its response and explicit local parse retry sends no second request (1.3s)
  ok 10 tests\e2e\prompt-result-parser.spec.ts:7:1 › T31: invalid response and raw inspection restore from saved storage after refresh without a chat (1.8s)
  ok 11 tests\e2e\prompt-result-parser.spec.ts:8:1 › T31 PGD02: reviewed request is shown before charging; Escape restores focus and leaves zero PromptRuns (1.2s)
  ok 12 tests\e2e\prompt-result-parser.spec.ts:9:1 › T31-C01/C04: parsed candidate keeps brand/dialogue changes visible and never submits a video (1.5s)
  ok 13 tests\e2e\prompt-result-parser.spec.ts:10:1 › T31-C03: invalid actual response stays plain raw text, old draft retained and no automatic repair request (1.3s)
  ok 14 tests\e2e\prompt-result-parser.spec.ts:11:1 › T31-C05: late response saves an original-revision candidate while newer input and manual output stay intact (1.4s)
  ok 15 tests\e2e\prompt-result-parser.spec.ts:12:1 › T31-C06: stopping waiting preserves unknown billing and requires extra risk consent for a new request (1.4s)
  ok 16 tests\e2e\prompt-workspace.spec.ts:4:1 › T21 PG01: navigation restores the currently active source draft instead of silently creating a blank one (1.0s)
  ok 17 tests\e2e\prompt-workspace.spec.ts:5:1 › T21 PG02: video config opens the shared panel and snapshots only its specification and chosen upstream text (1.4s)
  ok 18 tests\e2e\prompt-workspace.spec.ts:6:1 › T21 PG02: opening from text preserves an existing draft and offers the current unsaved text explicitly (1.3s)
  ok 19 tests\e2e\prompt-workspace.spec.ts:7:1 › T21 PG06/PG08: canvas source excludes unrelated library assets until explicit selection; external notes stay unbound (1.3s)
  ok 20 tests\e2e\prompt-workspace.spec.ts:8:1 › T21 PG05: composition input does not persist before composition ends (2.5s)
  ok 21 tests\e2e\prompt-workspace.spec.ts:9:1 › T21 PG32: invalid unsaved input retains old storage and navigation requires an explicit choice (1.1s)
  ok 22 tests\e2e\prompt-workspace.spec.ts:10:1 › T21 P23: original input snapshot is shown independently of current edited input (1.1s)
  ok 23 tests\e2e\prompt-workspace.spec.ts:11:1 › T21 P21/P22: responsive check drawer and shared typography work in actual light and narrow pages (1.3s)
  ok 24 tests\e2e\prompt-workspace.spec.ts:13:1 › T21-C02/C03: native offline local rules preserve identity, labelled fields and history after refresh (1.4s)
  ok 25 tests\e2e\prompt-workspace.spec.ts:14:1 › T21-C01: canvas panel expands the same saved draft identity without duplication (1.5s)
  ok 26 tests\e2e\prompt-workspace.spec.ts:15:1 › T21-C04: editing output persists a new manual result and invalidates previous checks (1.7s)
  ok 27 tests\e2e\prompt-workspace.spec.ts:16:1 › T21-C05: clear requires confirmation, preserves history and restoring creates a new manual version (1.1s)
  ok 28 tests\e2e\prompt-workspace.spec.ts:17:1 › T21-C06: unavailable AI cannot claim success or create either paid record type (983ms)
  ok 29 tests\e2e\prompt-workspace.spec.ts:18:1 › T21: original/form conflict has no preselected resolution and confirmed choices stay explicit (1.0s)
  ok 30 tests\e2e\prompt-workspace.spec.ts:19:1 › T21: image placeholder saves independently and never activates video rules or image generation (952ms)

  30 passed (44.7s)
