
> aiwork-studio@0.0.1 test:e2e
> playwright test tests/e2e/video-work-context.spec.ts tests/e2e/video-submit.spec.ts tests/e2e/asset-download.spec.ts

[WebServer] (node:25732) Warning: The 'NO_COLOR' env is ignored due to the 'FORCE_COLOR' env being set.
[WebServer] (Use `node --trace-warnings ...` to show where the warning was created)

Running 6 tests using 1 worker

(node:9564) Warning: The 'NO_COLOR' env is ignored due to the 'FORCE_COLOR' env being set.
(Use `node --trace-warnings ...` to show where the warning was created)
(node:9564) Warning: The 'NO_COLOR' env is ignored due to the 'FORCE_COLOR' env being set.
(Use `node --trace-warnings ...` to show where the warning was created)
  ok 1 tests\e2e\asset-download.spec.ts:5:1 › T16-C04: original download acknowledges browser trigger and preserves bytes and filename (1.4s)
(node:28384) Warning: The 'NO_COLOR' env is ignored due to the 'FORCE_COLOR' env being set.
(Use `node --trace-warnings ...` to show where the warning was created)
(node:28384) Warning: The 'NO_COLOR' env is ignored due to the 'FORCE_COLOR' env being set.
(Use `node --trace-warnings ...` to show where the warning was created)
  ok 2 tests\e2e\video-submit.spec.ts:5:1 › T27 actual UI: confirming frozen inputs sends exactly one same-origin fake video request after intent is durable (1.6s)
  ok 3 tests\e2e\video-submit.spec.ts:10:1 › T27 D21: lost actual browser response preserves unknown state, original identity and disabled unverified replay (1.4s)
  ok 4 tests\e2e\video-submit.spec.ts:11:1 › T27 V-14: a deliberate new attempt warns about the unknown prior charge and requires separate risk acknowledgment (1.5s)
  ok 5 tests\e2e\video-submit.spec.ts:12:1 › T27 D21: after a response save fault the durable journal enables querying the known original task without resubmission (1.5s)
  ok 6 tests\e2e\video-work-context.spec.ts:3:1 › T32 D08: original result opens bounded work dialog; absent capability disables execution and Escape restores focus, zero POST (1.1s)

  6 passed (14.6s)
