
> aiwork-studio@0.0.1 test:e2e
> playwright test tests/e2e/task-center.spec.ts

[WebServer] (node:1632) Warning: The 'NO_COLOR' env is ignored due to the 'FORCE_COLOR' env being set.
[WebServer] (Use `node --trace-warnings ...` to show where the warning was created)

Running 6 tests using 1 worker

(node:22708) Warning: The 'NO_COLOR' env is ignored due to the 'FORCE_COLOR' env being set.
(Use `node --trace-warnings ...` to show where the warning was created)
(node:22708) Warning: The 'NO_COLOR' env is ignored due to the 'FORCE_COLOR' env being set.
(Use `node --trace-warnings ...` to show where the warning was created)
  x  1 tests\e2e\task-center.spec.ts:5:1 › T34-C01/C02: local video and text records and independent filters, no full-Core claim or request on filtering (6.0s)
(node:19744) Warning: The 'NO_COLOR' env is ignored due to the 'FORCE_COLOR' env being set.
(Use `node --trace-warnings ...` to show where the warning was created)
(node:19744) Warning: The 'NO_COLOR' env is ignored due to the 'FORCE_COLOR' env being set.
(Use `node --trace-warnings ...` to show where the warning was created)
  x  2 tests\e2e\task-center.spec.ts:6:1 › T34 details: four dimensions, original IDs and deleted-node history, Escape restores focus (3.5s)
(node:21204) Warning: The 'NO_COLOR' env is ignored due to the 'FORCE_COLOR' env being set.
(Use `node --trace-warnings ...` to show where the warning was created)
(node:21204) Warning: The 'NO_COLOR' env is ignored due to the 'FORCE_COLOR' env being set.
(Use `node --trace-warnings ...` to show where the warning was created)
  x  3 tests\e2e\task-center.spec.ts:7:1 › T34-C03/C05: selected refresh groups original bindings, skips other Key and unknown submission, exactly one original GET and no paid retry (3.5s)
(node:18784) Warning: The 'NO_COLOR' env is ignored due to the 'FORCE_COLOR' env being set.
(Use `node --trace-warnings ...` to show where the warning was created)
(node:18784) Warning: The 'NO_COLOR' env is ignored due to the 'FORCE_COLOR' env being set.
(Use `node --trace-warnings ...` to show where the warning was created)
  x  4 tests\e2e\task-center.spec.ts:8:1 › T34-C06: local completed archive hides presentation but never removes Run or unknown history (3.6s)
(node:27396) Warning: The 'NO_COLOR' env is ignored due to the 'FORCE_COLOR' env being set.
(Use `node --trace-warnings ...` to show where the warning was created)
(node:27396) Warning: The 'NO_COLOR' env is ignored due to the 'FORCE_COLOR' env being set.
(Use `node --trace-warnings ...` to show where the warning was created)
  x  5 tests\e2e\task-center.spec.ts:9:1 › T34 CSV: actual native export prevents title formula injection and omits request body and ordinary Key (3.5s)
(node:9304) Warning: The 'NO_COLOR' env is ignored due to the 'FORCE_COLOR' env being set.
(Use `node --trace-warnings ...` to show where the warning was created)
(node:9304) Warning: The 'NO_COLOR' env is ignored due to the 'FORCE_COLOR' env being set.
(Use `node --trace-warnings ...` to show where the warning was created)
  x  6 tests\e2e\task-center.spec.ts:10:1 › T34 drawer: same persisted records limited to project, no duplicate records or paid operation after opening and refresh (3.9s)


  1) tests\e2e\task-center.spec.ts:5:1 › T34-C01/C02: local video and text records and independent filters, no full-Core claim or request on filtering 

    Error: [2mexpect([22m[31mlocator[39m[2m).[22mtoBeVisible[2m([22m[2m)[22m failed

    Locator: getByText('仅此浏览器创建或导入的任务记录，范围不包含全部 Core 历史。', { exact: true })
    Expected: visible
    Timeout: 5000ms
    Error: element(s) not found

    Call log:
    [2m  - Expect "toBeVisible" with timeout 5000ms[22m
    [2m  - waiting for getByText('仅此浏览器创建或导入的任务记录，范围不包含全部 Core 历史。', { exact: true })[22m


      3 | test.use({actionTimeout:2500,launchOptions:{downloadsPath:resolve('E:/trae-studio/tools/temp/playwright-downloads/tasks')}});
      4 | test.beforeEach(async({page})=>{await page.goto('/tasks');await page.evaluate(async()=>{const path='/tests/fixtures/task-history.ts';await(await import(path)).seedTaskHistory();});await page.reload();});
    > 5 | test('T34-C01/C02: local video and text records and independent filters, no full-Core claim or request on filtering',async({page,networkCounter})=>{await expect(page.getByText('仅此浏览器创建或导入的任务记录，范围不包含全部 Core 历史。',{exact:true})).toBeVisible();await expect(page.getByTestId('video-run-1')).toBeVisible();await page.getByRole('button',{name:'文字优化',exact:true}).click();await expect(page.getByTestId('prompt-run-1')).toBeVisible();await expect(page.getByTestId('video-run-1')).toHaveCount(0);await page.getByRole('button',{name:'视频任务',exact:true}).click();await page.getByLabel('执行状态筛选',{exact:true}).selectOption('submit_unknown');await expect(page.getByTestId('video-run-unknown')).toBeVisible();await expect(page.getByTestId('video-run-1')).toHaveCount(0);expect(networkCounter.requests.filter(r=>r.method==='POST')).toHaveLength(0);});
        |                                                                                                                                                                                                                                   ^
      6 | test('T34 details: four dimensions, original IDs and deleted-node history, Escape restores focus',async({page,networkCounter})=>{const trigger=page.getByTestId('video-run-completed').getByRole('button',{name:'详情',exact:true});await trigger.click();const dialog=page.getByRole('dialog',{name:'任务详情',exact:true});await expect(dialog).toContainText('视频已完成');await expect(dialog).toContainText('账务未提供');await expect(dialog.getByRole('button',{name:'定位原节点',exact:true})).toBeDisabled();await expect(dialog).toContainText('mock-core-1');await expect(dialog).toContainText('core-original-1');await dialog.getByText('技术详情',{exact:true}).click();await expect(dialog).toContainText('cached_local');await page.screenshot({path:'docs/review/screenshots/T34-task-detail.png'});await page.keyboard.press('Escape');await expect(trigger).toBeFocused();expect(networkCounter.requests.filter(r=>r.method==='POST')).toHaveLength(0);});
      7 | test('T34-C03/C05: selected refresh groups original bindings, skips other Key and unknown submission, exactly one original GET and no paid retry',async({page,networkCounter})=>{await page.evaluate(async()=>{const path='/tests/fixtures/task-history.ts';(await import(path)).connectTaskHistory();});await page.route('**/core-api/v1/videos/mock-core-1',route=>route.fulfill({status:200,contentType:'application/json',body:JSON.stringify({task:{id:'mock-core-1',status:'completed'},request_id:'different-query-request'})}));for(const id of ['video-run-1','video-run-foreign','video-run-unknown'])await page.getByTestId(id).getByRole('checkbox').check();await page.getByRole('button',{name:'刷新所选已知任务',exact:true}).click();await expect(page.getByRole('status').filter({hasText:'查询完成 1，跳过 2'})).toBeVisible();const state=await page.evaluate(async()=>{const path='/tests/fixtures/task-history.ts';return(await import(path)).taskHistoryState();});expect(state.runs.find((r:{id:string})=>r.id==='video-run-1')).toMatchObject({executionState:'succeeded',coreRequestId:'core-original-1',billingState:'not_provided'});expect(state.runs.find((r:{id:string})=>r.id==='video-run-unknown').executionState).toBe('submit_unknown');expect(networkCounter.requests.filter(r=>r.url.endsWith('/v1/videos/mock-core-1'))).toHaveLength(1);expect(networkCounter.requests.filter(r=>r.method==='POST')).toHaveLength(0);});
      8 | test('T34-C06: local completed archive hides presentation but never removes Run or unknown history',async({page,networkCounter})=>{await page.getByTestId('video-run-completed').getByRole('button',{name:'归档记录',exact:true}).click();await expect(page.getByTestId('video-run-completed')).toHaveCount(0);await page.getByLabel('显示归档记录',{exact:true}).check();await expect(page.getByTestId('video-run-completed')).toBeVisible();await expect(page.getByTestId('video-run-unknown').getByRole('button',{name:'归档记录',exact:true})).toBeDisabled();const state=await page.evaluate(async()=>{const path='/tests/fixtures/task-history.ts';return(await import(path)).taskHistoryState();});expect(state.runs).toHaveLength(4);expect(state.runs.find((r:{id:string})=>r.id==='video-run-foreign').executionState).toBe('running');expect(networkCounter.requests.filter(r=>r.method==='POST')).toHaveLength(0);});
        at E:\trae-studio\TRAEWORK\aiwork-studio\tests\e2e\task-center.spec.ts:5:227

    Error Context: test-results\task-center-T34-C01-C02-lo-bcaef-aim-or-request-on-filtering\error-context.md

    attachment #2: trace (application/zip) ─────────────────────────────────────────────────────────
    test-results\task-center-T34-C01-C02-lo-bcaef-aim-or-request-on-filtering\trace.zip
    Usage:

        npx playwright show-trace test-results\task-center-T34-C01-C02-lo-bcaef-aim-or-request-on-filtering\trace.zip

    ────────────────────────────────────────────────────────────────────────────────────────────────

  2) tests\e2e\task-center.spec.ts:6:1 › T34 details: four dimensions, original IDs and deleted-node history, Escape restores focus 

    TimeoutError: locator.click: Timeout 2500ms exceeded.
    Call log:
    [2m  - waiting for getByTestId('video-run-completed').getByRole('button', { name: '详情', exact: true })[22m


      4 | test.beforeEach(async({page})=>{await page.goto('/tasks');await page.evaluate(async()=>{const path='/tests/fixtures/task-history.ts';await(await import(path)).seedTaskHistory();});await page.reload();});
      5 | test('T34-C01/C02: local video and text records and independent filters, no full-Core claim or request on filtering',async({page,networkCounter})=>{await expect(page.getByText('仅此浏览器创建或导入的任务记录，范围不包含全部 Core 历史。',{exact:true})).toBeVisible();await expect(page.getByTestId('video-run-1')).toBeVisible();await page.getByRole('button',{name:'文字优化',exact:true}).click();await expect(page.getByTestId('prompt-run-1')).toBeVisible();await expect(page.getByTestId('video-run-1')).toHaveCount(0);await page.getByRole('button',{name:'视频任务',exact:true}).click();await page.getByLabel('执行状态筛选',{exact:true}).selectOption('submit_unknown');await expect(page.getByTestId('video-run-unknown')).toBeVisible();await expect(page.getByTestId('video-run-1')).toHaveCount(0);expect(networkCounter.requests.filter(r=>r.method==='POST')).toHaveLength(0);});
    > 6 | test('T34 details: four dimensions, original IDs and deleted-node history, Escape restores focus',async({page,networkCounter})=>{const trigger=page.getByTestId('video-run-completed').getByRole('button',{name:'详情',exact:true});await trigger.click();const dialog=page.getByRole('dialog',{name:'任务详情',exact:true});await expect(dialog).toContainText('视频已完成');await expect(dialog).toContainText('账务未提供');await expect(dialog.getByRole('button',{name:'定位原节点',exact:true})).toBeDisabled();await expect(dialog).toContainText('mock-core-1');await expect(dialog).toContainText('core-original-1');await dialog.getByText('技术详情',{exact:true}).click();await expect(dialog).toContainText('cached_local');await page.screenshot({path:'docs/review/screenshots/T34-task-detail.png'});await page.keyboard.press('Escape');await expect(trigger).toBeFocused();expect(networkCounter.requests.filter(r=>r.method==='POST')).toHaveLength(0);});
        |                                                                                                                                                                                                                                                 ^
      7 | test('T34-C03/C05: selected refresh groups original bindings, skips other Key and unknown submission, exactly one original GET and no paid retry',async({page,networkCounter})=>{await page.evaluate(async()=>{const path='/tests/fixtures/task-history.ts';(await import(path)).connectTaskHistory();});await page.route('**/core-api/v1/videos/mock-core-1',route=>route.fulfill({status:200,contentType:'application/json',body:JSON.stringify({task:{id:'mock-core-1',status:'completed'},request_id:'different-query-request'})}));for(const id of ['video-run-1','video-run-foreign','video-run-unknown'])await page.getByTestId(id).getByRole('checkbox').check();await page.getByRole('button',{name:'刷新所选已知任务',exact:true}).click();await expect(page.getByRole('status').filter({hasText:'查询完成 1，跳过 2'})).toBeVisible();const state=await page.evaluate(async()=>{const path='/tests/fixtures/task-history.ts';return(await import(path)).taskHistoryState();});expect(state.runs.find((r:{id:string})=>r.id==='video-run-1')).toMatchObject({executionState:'succeeded',coreRequestId:'core-original-1',billingState:'not_provided'});expect(state.runs.find((r:{id:string})=>r.id==='video-run-unknown').executionState).toBe('submit_unknown');expect(networkCounter.requests.filter(r=>r.url.endsWith('/v1/videos/mock-core-1'))).toHaveLength(1);expect(networkCounter.requests.filter(r=>r.method==='POST')).toHaveLength(0);});
      8 | test('T34-C06: local completed archive hides presentation but never removes Run or unknown history',async({page,networkCounter})=>{await page.getByTestId('video-run-completed').getByRole('button',{name:'归档记录',exact:true}).click();await expect(page.getByTestId('video-run-completed')).toHaveCount(0);await page.getByLabel('显示归档记录',{exact:true}).check();await expect(page.getByTestId('video-run-completed')).toBeVisible();await expect(page.getByTestId('video-run-unknown').getByRole('button',{name:'归档记录',exact:true})).toBeDisabled();const state=await page.evaluate(async()=>{const path='/tests/fixtures/task-history.ts';return(await import(path)).taskHistoryState();});expect(state.runs).toHaveLength(4);expect(state.runs.find((r:{id:string})=>r.id==='video-run-foreign').executionState).toBe('running');expect(networkCounter.requests.filter(r=>r.method==='POST')).toHaveLength(0);});
      9 | test('T34 CSV: actual native export prevents title formula injection and omits request body and ordinary Key',async({page})=>{await page.evaluate(async()=>{const path='/tests/fixtures/task-history.ts';(await import(path)).connectTaskHistory();});const downloading=page.waitForEvent('download');await page.getByRole('button',{name:'导出脱敏CSV',exact:true}).click();const download=await downloading,stream=await download.createReadStream();if(!stream)throw Error('csv download unavailable');const chunks:Buffer[]=[];for await(const chunk of stream)chunks.push(Buffer.from(chunk));const csv=Buffer.concat(chunks).toString('utf8');expect(csv).toContain("'=HYPERLINK");expect(csv).not.toContain('fake-task-key');expect(csv).not.toContain('messages');expect(csv).toContain('mock-core-1');});
        at E:\trae-studio\TRAEWORK\aiwork-studio\tests\e2e\task-center.spec.ts:6:241

    Error Context: test-results\task-center-T34-details-fo-6fd36-story-Escape-restores-focus\error-context.md

    attachment #2: trace (application/zip) ─────────────────────────────────────────────────────────
    test-results\task-center-T34-details-fo-6fd36-story-Escape-restores-focus\trace.zip
    Usage:

        npx playwright show-trace test-results\task-center-T34-details-fo-6fd36-story-Escape-restores-focus\trace.zip

    ────────────────────────────────────────────────────────────────────────────────────────────────

  3) tests\e2e\task-center.spec.ts:7:1 › T34-C03/C05: selected refresh groups original bindings, skips other Key and unknown submission, exactly one original GET and no paid retry 

    TimeoutError: locator.check: Timeout 2500ms exceeded.
    Call log:
    [2m  - waiting for getByTestId('video-run-1').getByRole('checkbox')[22m


       5 | test('T34-C01/C02: local video and text records and independent filters, no full-Core claim or request on filtering',async({page,networkCounter})=>{await expect(page.getByText('仅此浏览器创建或导入的任务记录，范围不包含全部 Core 历史。',{exact:true})).toBeVisible();await expect(page.getByTestId('video-run-1')).toBeVisible();await page.getByRole('button',{name:'文字优化',exact:true}).click();await expect(page.getByTestId('prompt-run-1')).toBeVisible();await expect(page.getByTestId('video-run-1')).toHaveCount(0);await page.getByRole('button',{name:'视频任务',exact:true}).click();await page.getByLabel('执行状态筛选',{exact:true}).selectOption('submit_unknown');await expect(page.getByTestId('video-run-unknown')).toBeVisible();await expect(page.getByTestId('video-run-1')).toHaveCount(0);expect(networkCounter.requests.filter(r=>r.method==='POST')).toHaveLength(0);});
       6 | test('T34 details: four dimensions, original IDs and deleted-node history, Escape restores focus',async({page,networkCounter})=>{const trigger=page.getByTestId('video-run-completed').getByRole('button',{name:'详情',exact:true});await trigger.click();const dialog=page.getByRole('dialog',{name:'任务详情',exact:true});await expect(dialog).toContainText('视频已完成');await expect(dialog).toContainText('账务未提供');await expect(dialog.getByRole('button',{name:'定位原节点',exact:true})).toBeDisabled();await expect(dialog).toContainText('mock-core-1');await expect(dialog).toContainText('core-original-1');await dialog.getByText('技术详情',{exact:true}).click();await expect(dialog).toContainText('cached_local');await page.screenshot({path:'docs/review/screenshots/T34-task-detail.png'});await page.keyboard.press('Escape');await expect(trigger).toBeFocused();expect(networkCounter.requests.filter(r=>r.method==='POST')).toHaveLength(0);});
    >  7 | test('T34-C03/C05: selected refresh groups original bindings, skips other Key and unknown submission, exactly one original GET and no paid retry',async({page,networkCounter})=>{await page.evaluate(async()=>{const path='/tests/fixtures/task-history.ts';(await import(path)).connectTaskHistory();});await page.route('**/core-api/v1/videos/mock-core-1',route=>route.fulfill({status:200,contentType:'application/json',body:JSON.stringify({task:{id:'mock-core-1',status:'completed'},request_id:'different-query-request'})}));for(const id of ['video-run-1','video-run-foreign','video-run-unknown'])await page.getByTestId(id).getByRole('checkbox').check();await page.getByRole('button',{name:'刷新所选已知任务',exact:true}).click();await expect(page.getByRole('status').filter({hasText:'查询完成 1，跳过 2'})).toBeVisible();const state=await page.evaluate(async()=>{const path='/tests/fixtures/task-history.ts';return(await import(path)).taskHistoryState();});expect(state.runs.find((r:{id:string})=>r.id==='video-run-1')).toMatchObject({executionState:'succeeded',coreRequestId:'core-original-1',billingState:'not_provided'});expect(state.runs.find((r:{id:string})=>r.id==='video-run-unknown').executionState).toBe('submit_unknown');expect(networkCounter.requests.filter(r=>r.url.endsWith('/v1/videos/mock-core-1'))).toHaveLength(1);expect(networkCounter.requests.filter(r=>r.method==='POST')).toHaveLength(0);});
         |                                                                                                                                                                                                                                                                                                                                                                                                                                                                                                                                                                                                                                                                  ^
       8 | test('T34-C06: local completed archive hides presentation but never removes Run or unknown history',async({page,networkCounter})=>{await page.getByTestId('video-run-completed').getByRole('button',{name:'归档记录',exact:true}).click();await expect(page.getByTestId('video-run-completed')).toHaveCount(0);await page.getByLabel('显示归档记录',{exact:true}).check();await expect(page.getByTestId('video-run-completed')).toBeVisible();await expect(page.getByTestId('video-run-unknown').getByRole('button',{name:'归档记录',exact:true})).toBeDisabled();const state=await page.evaluate(async()=>{const path='/tests/fixtures/task-history.ts';return(await import(path)).taskHistoryState();});expect(state.runs).toHaveLength(4);expect(state.runs.find((r:{id:string})=>r.id==='video-run-foreign').executionState).toBe('running');expect(networkCounter.requests.filter(r=>r.method==='POST')).toHaveLength(0);});
       9 | test('T34 CSV: actual native export prevents title formula injection and omits request body and ordinary Key',async({page})=>{await page.evaluate(async()=>{const path='/tests/fixtures/task-history.ts';(await import(path)).connectTaskHistory();});const downloading=page.waitForEvent('download');await page.getByRole('button',{name:'导出脱敏CSV',exact:true}).click();const download=await downloading,stream=await download.createReadStream();if(!stream)throw Error('csv download unavailable');const chunks:Buffer[]=[];for await(const chunk of stream)chunks.push(Buffer.from(chunk));const csv=Buffer.concat(chunks).toString('utf8');expect(csv).toContain("'=HYPERLINK");expect(csv).not.toContain('fake-task-key');expect(csv).not.toContain('messages');expect(csv).toContain('mock-core-1');});
      10 | test('T34 drawer: same persisted records limited to project, no duplicate records or paid operation after opening and refresh',async({page,networkCounter})=>{await page.goto('/projects/p1/canvas');await page.getByRole('button',{name:'展开任务记录',exact:true}).click();const drawer=page.getByRole('region',{name:'当前项目任务记录',exact:true});await expect(drawer.getByTestId('video-run-1')).toBeVisible();await expect(drawer.getByTestId('prompt-run-1')).toBeVisible();await expect(drawer.getByTestId('video-run-foreign')).toHaveCount(0);await page.screenshot({path:'docs/review/screenshots/T34-task-drawer.png'});await page.reload();await page.getByRole('button',{name:'展开任务记录',exact:true}).click();await expect(page.getByRole('region',{name:'当前项目任务记录',exact:true}).getByTestId('prompt-run-1')).toBeVisible();expect(networkCounter.requests.filter(r=>r.method==='POST')).toHaveLength(0);});
        at E:\trae-studio\TRAEWORK\aiwork-studio\tests\e2e\task-center.spec.ts:7:642

    Error Context: test-results\task-center-T34-C03-C05-se-518d0-ginal-GET-and-no-paid-retry\error-context.md

    attachment #2: trace (application/zip) ─────────────────────────────────────────────────────────
    test-results\task-center-T34-C03-C05-se-518d0-ginal-GET-and-no-paid-retry\trace.zip
    Usage:

        npx playwright show-trace test-results\task-center-T34-C03-C05-se-518d0-ginal-GET-and-no-paid-retry\trace.zip

    ────────────────────────────────────────────────────────────────────────────────────────────────

  4) tests\e2e\task-center.spec.ts:8:1 › T34-C06: local completed archive hides presentation but never removes Run or unknown history 

    TimeoutError: locator.click: Timeout 2500ms exceeded.
    Call log:
    [2m  - waiting for getByTestId('video-run-completed').getByRole('button', { name: '归档记录', exact: true })[22m


       6 | test('T34 details: four dimensions, original IDs and deleted-node history, Escape restores focus',async({page,networkCounter})=>{const trigger=page.getByTestId('video-run-completed').getByRole('button',{name:'详情',exact:true});await trigger.click();const dialog=page.getByRole('dialog',{name:'任务详情',exact:true});await expect(dialog).toContainText('视频已完成');await expect(dialog).toContainText('账务未提供');await expect(dialog.getByRole('button',{name:'定位原节点',exact:true})).toBeDisabled();await expect(dialog).toContainText('mock-core-1');await expect(dialog).toContainText('core-original-1');await dialog.getByText('技术详情',{exact:true}).click();await expect(dialog).toContainText('cached_local');await page.screenshot({path:'docs/review/screenshots/T34-task-detail.png'});await page.keyboard.press('Escape');await expect(trigger).toBeFocused();expect(networkCounter.requests.filter(r=>r.method==='POST')).toHaveLength(0);});
       7 | test('T34-C03/C05: selected refresh groups original bindings, skips other Key and unknown submission, exactly one original GET and no paid retry',async({page,networkCounter})=>{await page.evaluate(async()=>{const path='/tests/fixtures/task-history.ts';(await import(path)).connectTaskHistory();});await page.route('**/core-api/v1/videos/mock-core-1',route=>route.fulfill({status:200,contentType:'application/json',body:JSON.stringify({task:{id:'mock-core-1',status:'completed'},request_id:'different-query-request'})}));for(const id of ['video-run-1','video-run-foreign','video-run-unknown'])await page.getByTestId(id).getByRole('checkbox').check();await page.getByRole('button',{name:'刷新所选已知任务',exact:true}).click();await expect(page.getByRole('status').filter({hasText:'查询完成 1，跳过 2'})).toBeVisible();const state=await page.evaluate(async()=>{const path='/tests/fixtures/task-history.ts';return(await import(path)).taskHistoryState();});expect(state.runs.find((r:{id:string})=>r.id==='video-run-1')).toMatchObject({executionState:'succeeded',coreRequestId:'core-original-1',billingState:'not_provided'});expect(state.runs.find((r:{id:string})=>r.id==='video-run-unknown').executionState).toBe('submit_unknown');expect(networkCounter.requests.filter(r=>r.url.endsWith('/v1/videos/mock-core-1'))).toHaveLength(1);expect(networkCounter.requests.filter(r=>r.method==='POST')).toHaveLength(0);});
    >  8 | test('T34-C06: local completed archive hides presentation but never removes Run or unknown history',async({page,networkCounter})=>{await page.getByTestId('video-run-completed').getByRole('button',{name:'归档记录',exact:true}).click();await expect(page.getByTestId('video-run-completed')).toHaveCount(0);await page.getByLabel('显示归档记录',{exact:true}).check();await expect(page.getByTestId('video-run-completed')).toBeVisible();await expect(page.getByTestId('video-run-unknown').getByRole('button',{name:'归档记录',exact:true})).toBeDisabled();const state=await page.evaluate(async()=>{const path='/tests/fixtures/task-history.ts';return(await import(path)).taskHistoryState();});expect(state.runs).toHaveLength(4);expect(state.runs.find((r:{id:string})=>r.id==='video-run-foreign').executionState).toBe('running');expect(networkCounter.requests.filter(r=>r.method==='POST')).toHaveLength(0);});
         |                                                                                                                                                                                                                               ^
       9 | test('T34 CSV: actual native export prevents title formula injection and omits request body and ordinary Key',async({page})=>{await page.evaluate(async()=>{const path='/tests/fixtures/task-history.ts';(await import(path)).connectTaskHistory();});const downloading=page.waitForEvent('download');await page.getByRole('button',{name:'导出脱敏CSV',exact:true}).click();const download=await downloading,stream=await download.createReadStream();if(!stream)throw Error('csv download unavailable');const chunks:Buffer[]=[];for await(const chunk of stream)chunks.push(Buffer.from(chunk));const csv=Buffer.concat(chunks).toString('utf8');expect(csv).toContain("'=HYPERLINK");expect(csv).not.toContain('fake-task-key');expect(csv).not.toContain('messages');expect(csv).toContain('mock-core-1');});
      10 | test('T34 drawer: same persisted records limited to project, no duplicate records or paid operation after opening and refresh',async({page,networkCounter})=>{await page.goto('/projects/p1/canvas');await page.getByRole('button',{name:'展开任务记录',exact:true}).click();const drawer=page.getByRole('region',{name:'当前项目任务记录',exact:true});await expect(drawer.getByTestId('video-run-1')).toBeVisible();await expect(drawer.getByTestId('prompt-run-1')).toBeVisible();await expect(drawer.getByTestId('video-run-foreign')).toHaveCount(0);await page.screenshot({path:'docs/review/screenshots/T34-task-drawer.png'});await page.reload();await page.getByRole('button',{name:'展开任务记录',exact:true}).click();await expect(page.getByRole('region',{name:'当前项目任务记录',exact:true}).getByTestId('prompt-run-1')).toBeVisible();expect(networkCounter.requests.filter(r=>r.method==='POST')).toHaveLength(0);});
      11 |
        at E:\trae-studio\TRAEWORK\aiwork-studio\tests\e2e\task-center.spec.ts:8:223

    Error Context: test-results\task-center-T34-C06-local--27e43-oves-Run-or-unknown-history\error-context.md

    attachment #2: trace (application/zip) ─────────────────────────────────────────────────────────
    test-results\task-center-T34-C06-local--27e43-oves-Run-or-unknown-history\trace.zip
    Usage:

        npx playwright show-trace test-results\task-center-T34-C06-local--27e43-oves-Run-or-unknown-history\trace.zip

    ────────────────────────────────────────────────────────────────────────────────────────────────

  5) tests\e2e\task-center.spec.ts:9:1 › T34 CSV: actual native export prevents title formula injection and omits request body and ordinary Key 

    TimeoutError: page.waitForEvent: Timeout 2500ms exceeded while waiting for event "download"
    =========================== logs ===========================
    waiting for event "download"
    ============================================================

       7 | test('T34-C03/C05: selected refresh groups original bindings, skips other Key and unknown submission, exactly one original GET and no paid retry',async({page,networkCounter})=>{await page.evaluate(async()=>{const path='/tests/fixtures/task-history.ts';(await import(path)).connectTaskHistory();});await page.route('**/core-api/v1/videos/mock-core-1',route=>route.fulfill({status:200,contentType:'application/json',body:JSON.stringify({task:{id:'mock-core-1',status:'completed'},request_id:'different-query-request'})}));for(const id of ['video-run-1','video-run-foreign','video-run-unknown'])await page.getByTestId(id).getByRole('checkbox').check();await page.getByRole('button',{name:'刷新所选已知任务',exact:true}).click();await expect(page.getByRole('status').filter({hasText:'查询完成 1，跳过 2'})).toBeVisible();const state=await page.evaluate(async()=>{const path='/tests/fixtures/task-history.ts';return(await import(path)).taskHistoryState();});expect(state.runs.find((r:{id:string})=>r.id==='video-run-1')).toMatchObject({executionState:'succeeded',coreRequestId:'core-original-1',billingState:'not_provided'});expect(state.runs.find((r:{id:string})=>r.id==='video-run-unknown').executionState).toBe('submit_unknown');expect(networkCounter.requests.filter(r=>r.url.endsWith('/v1/videos/mock-core-1'))).toHaveLength(1);expect(networkCounter.requests.filter(r=>r.method==='POST')).toHaveLength(0);});
       8 | test('T34-C06: local completed archive hides presentation but never removes Run or unknown history',async({page,networkCounter})=>{await page.getByTestId('video-run-completed').getByRole('button',{name:'归档记录',exact:true}).click();await expect(page.getByTestId('video-run-completed')).toHaveCount(0);await page.getByLabel('显示归档记录',{exact:true}).check();await expect(page.getByTestId('video-run-completed')).toBeVisible();await expect(page.getByTestId('video-run-unknown').getByRole('button',{name:'归档记录',exact:true})).toBeDisabled();const state=await page.evaluate(async()=>{const path='/tests/fixtures/task-history.ts';return(await import(path)).taskHistoryState();});expect(state.runs).toHaveLength(4);expect(state.runs.find((r:{id:string})=>r.id==='video-run-foreign').executionState).toBe('running');expect(networkCounter.requests.filter(r=>r.method==='POST')).toHaveLength(0);});
    >  9 | test('T34 CSV: actual native export prevents title formula injection and omits request body and ordinary Key',async({page})=>{await page.evaluate(async()=>{const path='/tests/fixtures/task-history.ts';(await import(path)).connectTaskHistory();});const downloading=page.waitForEvent('download');await page.getByRole('button',{name:'导出脱敏CSV',exact:true}).click();const download=await downloading,stream=await download.createReadStream();if(!stream)throw Error('csv download unavailable');const chunks:Buffer[]=[];for await(const chunk of stream)chunks.push(Buffer.from(chunk));const csv=Buffer.concat(chunks).toString('utf8');expect(csv).toContain("'=HYPERLINK");expect(csv).not.toContain('fake-task-key');expect(csv).not.toContain('messages');expect(csv).toContain('mock-core-1');});
         |                                                                                                                                                                                                                                                                              ^
      10 | test('T34 drawer: same persisted records limited to project, no duplicate records or paid operation after opening and refresh',async({page,networkCounter})=>{await page.goto('/projects/p1/canvas');await page.getByRole('button',{name:'展开任务记录',exact:true}).click();const drawer=page.getByRole('region',{name:'当前项目任务记录',exact:true});await expect(drawer.getByTestId('video-run-1')).toBeVisible();await expect(drawer.getByTestId('prompt-run-1')).toBeVisible();await expect(drawer.getByTestId('video-run-foreign')).toHaveCount(0);await page.screenshot({path:'docs/review/screenshots/T34-task-drawer.png'});await page.reload();await page.getByRole('button',{name:'展开任务记录',exact:true}).click();await expect(page.getByRole('region',{name:'当前项目任务记录',exact:true}).getByTestId('prompt-run-1')).toBeVisible();expect(networkCounter.requests.filter(r=>r.method==='POST')).toHaveLength(0);});
      11 |
        at E:\trae-studio\TRAEWORK\aiwork-studio\tests\e2e\task-center.spec.ts:9:270

    TimeoutError: locator.click: Timeout 2500ms exceeded.
    Call log:
    [2m  - waiting for getByRole('button', { name: '导出脱敏CSV', exact: true })[22m


       7 | test('T34-C03/C05: selected refresh groups original bindings, skips other Key and unknown submission, exactly one original GET and no paid retry',async({page,networkCounter})=>{await page.evaluate(async()=>{const path='/tests/fixtures/task-history.ts';(await import(path)).connectTaskHistory();});await page.route('**/core-api/v1/videos/mock-core-1',route=>route.fulfill({status:200,contentType:'application/json',body:JSON.stringify({task:{id:'mock-core-1',status:'completed'},request_id:'different-query-request'})}));for(const id of ['video-run-1','video-run-foreign','video-run-unknown'])await page.getByTestId(id).getByRole('checkbox').check();await page.getByRole('button',{name:'刷新所选已知任务',exact:true}).click();await expect(page.getByRole('status').filter({hasText:'查询完成 1，跳过 2'})).toBeVisible();const state=await page.evaluate(async()=>{const path='/tests/fixtures/task-history.ts';return(await import(path)).taskHistoryState();});expect(state.runs.find((r:{id:string})=>r.id==='video-run-1')).toMatchObject({executionState:'succeeded',coreRequestId:'core-original-1',billingState:'not_provided'});expect(state.runs.find((r:{id:string})=>r.id==='video-run-unknown').executionState).toBe('submit_unknown');expect(networkCounter.requests.filter(r=>r.url.endsWith('/v1/videos/mock-core-1'))).toHaveLength(1);expect(networkCounter.requests.filter(r=>r.method==='POST')).toHaveLength(0);});
       8 | test('T34-C06: local completed archive hides presentation but never removes Run or unknown history',async({page,networkCounter})=>{await page.getByTestId('video-run-completed').getByRole('button',{name:'归档记录',exact:true}).click();await expect(page.getByTestId('video-run-completed')).toHaveCount(0);await page.getByLabel('显示归档记录',{exact:true}).check();await expect(page.getByTestId('video-run-completed')).toBeVisible();await expect(page.getByTestId('video-run-unknown').getByRole('button',{name:'归档记录',exact:true})).toBeDisabled();const state=await page.evaluate(async()=>{const path='/tests/fixtures/task-history.ts';return(await import(path)).taskHistoryState();});expect(state.runs).toHaveLength(4);expect(state.runs.find((r:{id:string})=>r.id==='video-run-foreign').executionState).toBe('running');expect(networkCounter.requests.filter(r=>r.method==='POST')).toHaveLength(0);});
    >  9 | test('T34 CSV: actual native export prevents title formula injection and omits request body and ordinary Key',async({page})=>{await page.evaluate(async()=>{const path='/tests/fixtures/task-history.ts';(await import(path)).connectTaskHistory();});const downloading=page.waitForEvent('download');await page.getByRole('button',{name:'导出脱敏CSV',exact:true}).click();const download=await downloading,stream=await download.createReadStream();if(!stream)throw Error('csv download unavailable');const chunks:Buffer[]=[];for await(const chunk of stream)chunks.push(Buffer.from(chunk));const csv=Buffer.concat(chunks).toString('utf8');expect(csv).toContain("'=HYPERLINK");expect(csv).not.toContain('fake-task-key');expect(csv).not.toContain('messages');expect(csv).toContain('mock-core-1');});
         |                                                                                                                                                                                                                                                                                                                                                                  ^
      10 | test('T34 drawer: same persisted records limited to project, no duplicate records or paid operation after opening and refresh',async({page,networkCounter})=>{await page.goto('/projects/p1/canvas');await page.getByRole('button',{name:'展开任务记录',exact:true}).click();const drawer=page.getByRole('region',{name:'当前项目任务记录',exact:true});await expect(drawer.getByTestId('video-run-1')).toBeVisible();await expect(drawer.getByTestId('prompt-run-1')).toBeVisible();await expect(drawer.getByTestId('video-run-foreign')).toHaveCount(0);await page.screenshot({path:'docs/review/screenshots/T34-task-drawer.png'});await page.reload();await page.getByRole('button',{name:'展开任务记录',exact:true}).click();await expect(page.getByRole('region',{name:'当前项目任务记录',exact:true}).getByTestId('prompt-run-1')).toBeVisible();expect(networkCounter.requests.filter(r=>r.method==='POST')).toHaveLength(0);});
      11 |
        at E:\trae-studio\TRAEWORK\aiwork-studio\tests\e2e\task-center.spec.ts:9:354

    Error Context: test-results\task-center-T34-CSV-actual-2e954-quest-body-and-ordinary-Key\error-context.md

    attachment #2: trace (application/zip) ─────────────────────────────────────────────────────────
    test-results\task-center-T34-CSV-actual-2e954-quest-body-and-ordinary-Key\trace.zip
    Usage:

        npx playwright show-trace test-results\task-center-T34-CSV-actual-2e954-quest-body-and-ordinary-Key\trace.zip

    ────────────────────────────────────────────────────────────────────────────────────────────────

  6) tests\e2e\task-center.spec.ts:10:1 › T34 drawer: same persisted records limited to project, no duplicate records or paid operation after opening and refresh 

    TimeoutError: locator.click: Timeout 2500ms exceeded.
    Call log:
    [2m  - waiting for getByRole('button', { name: '展开任务记录', exact: true })[22m


       8 | test('T34-C06: local completed archive hides presentation but never removes Run or unknown history',async({page,networkCounter})=>{await page.getByTestId('video-run-completed').getByRole('button',{name:'归档记录',exact:true}).click();await expect(page.getByTestId('video-run-completed')).toHaveCount(0);await page.getByLabel('显示归档记录',{exact:true}).check();await expect(page.getByTestId('video-run-completed')).toBeVisible();await expect(page.getByTestId('video-run-unknown').getByRole('button',{name:'归档记录',exact:true})).toBeDisabled();const state=await page.evaluate(async()=>{const path='/tests/fixtures/task-history.ts';return(await import(path)).taskHistoryState();});expect(state.runs).toHaveLength(4);expect(state.runs.find((r:{id:string})=>r.id==='video-run-foreign').executionState).toBe('running');expect(networkCounter.requests.filter(r=>r.method==='POST')).toHaveLength(0);});
       9 | test('T34 CSV: actual native export prevents title formula injection and omits request body and ordinary Key',async({page})=>{await page.evaluate(async()=>{const path='/tests/fixtures/task-history.ts';(await import(path)).connectTaskHistory();});const downloading=page.waitForEvent('download');await page.getByRole('button',{name:'导出脱敏CSV',exact:true}).click();const download=await downloading,stream=await download.createReadStream();if(!stream)throw Error('csv download unavailable');const chunks:Buffer[]=[];for await(const chunk of stream)chunks.push(Buffer.from(chunk));const csv=Buffer.concat(chunks).toString('utf8');expect(csv).toContain("'=HYPERLINK");expect(csv).not.toContain('fake-task-key');expect(csv).not.toContain('messages');expect(csv).toContain('mock-core-1');});
    > 10 | test('T34 drawer: same persisted records limited to project, no duplicate records or paid operation after opening and refresh',async({page,networkCounter})=>{await page.goto('/projects/p1/canvas');await page.getByRole('button',{name:'展开任务记录',exact:true}).click();const drawer=page.getByRole('region',{name:'当前项目任务记录',exact:true});await expect(drawer.getByTestId('video-run-1')).toBeVisible();await expect(drawer.getByTestId('prompt-run-1')).toBeVisible();await expect(drawer.getByTestId('video-run-foreign')).toHaveCount(0);await page.screenshot({path:'docs/review/screenshots/T34-task-drawer.png'});await page.reload();await page.getByRole('button',{name:'展开任务记录',exact:true}).click();await expect(page.getByRole('region',{name:'当前项目任务记录',exact:true}).getByTestId('prompt-run-1')).toBeVisible();expect(networkCounter.requests.filter(r=>r.method==='POST')).toHaveLength(0);});
         |                                                                                                                                                                                                                                                                ^
      11 |
        at E:\trae-studio\TRAEWORK\aiwork-studio\tests\e2e\task-center.spec.ts:10:256

    Error Context: test-results\task-center-T34-drawer-sam-5bb6a-n-after-opening-and-refresh\error-context.md

    attachment #2: trace (application/zip) ─────────────────────────────────────────────────────────
    test-results\task-center-T34-drawer-sam-5bb6a-n-after-opening-and-refresh\trace.zip
    Usage:

        npx playwright show-trace test-results\task-center-T34-drawer-sam-5bb6a-n-after-opening-and-refresh\trace.zip

    ────────────────────────────────────────────────────────────────────────────────────────────────

  6 failed
    tests\e2e\task-center.spec.ts:5:1 › T34-C01/C02: local video and text records and independent filters, no full-Core claim or request on filtering 
    tests\e2e\task-center.spec.ts:6:1 › T34 details: four dimensions, original IDs and deleted-node history, Escape restores focus 
    tests\e2e\task-center.spec.ts:7:1 › T34-C03/C05: selected refresh groups original bindings, skips other Key and unknown submission, exactly one original GET and no paid retry 
    tests\e2e\task-center.spec.ts:8:1 › T34-C06: local completed archive hides presentation but never removes Run or unknown history 
    tests\e2e\task-center.spec.ts:9:1 › T34 CSV: actual native export prevents title formula injection and omits request body and ordinary Key 
    tests\e2e\task-center.spec.ts:10:1 › T34 drawer: same persisted records limited to project, no duplicate records or paid operation after opening and refresh 
