[WebServer] (node:20768) Warning: The 'NO_COLOR' env is ignored due to the 'FORCE_COLOR' env being set.
[WebServer] (Use `node --trace-warnings ...` to show where the warning was created)

Running 1 test using 1 worker

(node:28836) Warning: The 'NO_COLOR' env is ignored due to the 'FORCE_COLOR' env being set.
(Use `node --trace-warnings ...` to show where the warning was created)
(node:28836) Warning: The 'NO_COLOR' env is ignored due to the 'FORCE_COLOR' env being set.
(Use `node --trace-warnings ...` to show where the warning was created)
  x  1 tests\e2e\task-center.spec.ts:11:1 › T34: original-bound ongoing task keeps polling after project archive and UI kind filtering, zero new POST (8.1s)


  1) tests\e2e\task-center.spec.ts:11:1 › T34: original-bound ongoing task keeps polling after project archive and UI kind filtering, zero new POST 

    Error: [2mexpect([22m[31mreceived[39m[2m).[22mtoBeGreaterThanOrEqual[2m([22m[32mexpected[39m[2m)[22m

    Expected: >= [32m1[39m
    Received:    [31m0[39m

    Call Log:
    - Timeout 7000ms exceeded while waiting on the predicate

       9 | test('T34 CSV: actual native export prevents title formula injection and omits request body and ordinary Key',async({page})=>{await page.evaluate(async()=>{const path='/tests/fixtures/task-history.ts';(await import(path)).connectTaskHistory();});const downloading=page.waitForEvent('download');await page.getByRole('button',{name:'导出脱敏CSV',exact:true}).click();const download=await downloading,stream=await download.createReadStream();if(!stream)throw Error('csv download unavailable');const chunks:Buffer[]=[];for await(const chunk of stream)chunks.push(Buffer.from(chunk));const csv=Buffer.concat(chunks).toString('utf8');expect(csv).toContain("'=HYPERLINK");expect(csv).not.toContain('fake-task-key');expect(csv).not.toContain('messages');expect(csv).toContain('mock-core-1');});
      10 | test('T34 drawer: same persisted records limited to project, no duplicate records or paid operation after opening and refresh',async({page,networkCounter})=>{await page.goto('/projects/p1/canvas');await page.getByRole('button',{name:'展开任务记录',exact:true}).click();const drawer=page.getByRole('region',{name:'当前项目任务记录',exact:true});await expect(drawer.getByTestId('video-run-1')).toBeVisible();await expect(drawer.getByTestId('prompt-run-1')).toBeVisible();await expect(drawer.getByTestId('video-run-foreign')).toHaveCount(0);await page.screenshot({path:'docs/review/screenshots/T34-task-drawer.png'});await page.reload();await page.getByRole('button',{name:'展开任务记录',exact:true}).click();await expect(page.getByRole('region',{name:'当前项目任务记录',exact:true}).getByTestId('prompt-run-1')).toBeVisible();expect(networkCounter.requests.filter(r=>r.method==='POST')).toHaveLength(0);});
    > 11 | test('T34: original-bound ongoing task keeps polling after project archive and UI kind filtering, zero new POST',async({page,networkCounter})=>{await page.route('**/core-api/v1/videos/mock-core-1',route=>route.fulfill({status:200,contentType:'application/json',body:JSON.stringify({task:{id:'mock-core-1',status:'processing'}})}));await page.evaluate(async()=>{const fixture='/tests/fixtures/task-history.ts',path='/src/infrastructure/storage/database.ts';const {openStudioDb,transact,requestResult}=await import(path);const db=await openStudioDb();try{await transact(db,['projects'],'readwrite',async(tx:IDBTransaction)=>{const project=await requestResult(tx.objectStore('projects').get('p1'));tx.objectStore('projects').put({...project,archived:true});});}finally{db.close();}(await import(fixture)).connectTaskHistory();});await expect.poll(()=>networkCounter.requests.filter(r=>r.url.endsWith('/v1/videos/mock-core-1')).length,{timeout:7000}).toBeGreaterThanOrEqual(1);await page.getByRole('button',{name:'文字优化',exact:true}).click();await expect.poll(()=>networkCounter.requests.filter(r=>r.url.endsWith('/v1/videos/mock-core-1')).length,{timeout:7000}).toBeGreaterThanOrEqual(2);expect(networkCounter.requests.filter(r=>r.method==='POST')).toHaveLength(0);});
         |                                                                                                                                                                                                                                                                                                                                                                                                                                                                                                                                                                                                                                                                                                                                                                                                                                                           ^
      12 |
        at E:\trae-studio\TRAEWORK\aiwork-studio\tests\e2e\task-center.spec.ts:11:827

    Error Context: test-results\task-center-T34-original-b-9fd35-ind-filtering-zero-new-POST\error-context.md

    attachment #2: trace (application/zip) ─────────────────────────────────────────────────────────
    test-results\task-center-T34-original-b-9fd35-ind-filtering-zero-new-POST\trace.zip
    Usage:

        npx playwright show-trace test-results\task-center-T34-original-b-9fd35-ind-filtering-zero-new-POST\trace.zip

    ────────────────────────────────────────────────────────────────────────────────────────────────

  1 failed
    tests\e2e\task-center.spec.ts:11:1 › T34: original-bound ongoing task keeps polling after project archive and UI kind filtering, zero new POST 
