
> aiwork-studio@0.0.1 test:e2e
> playwright test tests/e2e/task-center.spec.ts tests/e2e/media-delivery.spec.ts tests/e2e/canvas-viewport.spec.ts tests/e2e/run-queue.spec.ts

[WebServer] (node:16000) Warning: The 'NO_COLOR' env is ignored due to the 'FORCE_COLOR' env being set.
[WebServer] (Use `node --trace-warnings ...` to show where the warning was created)

Running 18 tests using 1 worker

(node:17952) Warning: The 'NO_COLOR' env is ignored due to the 'FORCE_COLOR' env being set.
(Use `node --trace-warnings ...` to show where the warning was created)
(node:17952) Warning: The 'NO_COLOR' env is ignored due to the 'FORCE_COLOR' env being set.
(Use `node --trace-warnings ...` to show where the warning was created)
  ok  1 tests\e2e\canvas-viewport.spec.ts:6:1 › T13-C01: invalid zoom restores value; bounds disable buttons and persist without creative revision (1.6s)
  ok  2 tests\e2e\canvas-viewport.spec.ts:10:1 › T13-C02: fit leaves 48px and keyboard outline is equivalent to box selection (1.2s)
  ok  3 tests\e2e\canvas-viewport.spec.ts:14:1 › T13-C04: space in input is retained and canvas pan is separate from graph edits (1.0s)
  ok  4 tests\e2e\canvas-viewport.spec.ts:17:1 › T13-C05: dragging previews in memory, mouseup commits once; undo/redo does not submit (1.2s)
  ok  5 tests\e2e\canvas-viewport.spec.ts:20:1 › T13-C06: another writer makes canvas readonly; takeover requires explicit dialog (1.2s)
  ok  6 tests\e2e\canvas-viewport.spec.ts:23:1 › T13 controls: text paste treats URL as text, minimap/background persist and no fetch occurs (1.6s)
  ok  7 tests\e2e\canvas-viewport.spec.ts:27:1 › T13 navigation: quota failure retains draft and blocks browser Back until explicit discard (1.3s)
  ok  8 tests\e2e\run-queue.spec.ts:4:1 › T29: refreshed pending queue is visible and paused; resume opens fresh confirmation with zero POST (1.1s)
  ok  9 tests\e2e\run-queue.spec.ts:12:1 › T29: actual pause while the first request waits keeps its response and stops the second submission (1.4s)
(node:28680) Warning: The 'NO_COLOR' env is ignored due to the 'FORCE_COLOR' env being set.
(Use `node --trace-warnings ...` to show where the warning was created)
(node:28680) Warning: The 'NO_COLOR' env is ignored due to the 'FORCE_COLOR' env being set.
(Use `node --trace-warnings ...` to show where the warning was created)
  ok 10 tests\e2e\media-delivery.spec.ts:4:1 › T33 actual native video: authenticated blob preview, local cache offline, original-byte download and cleanup; zero paid POST (1.2s)
  ok 11 tests\e2e\media-delivery.spec.ts:14:1 › T33 actual transport: redirected media is blocked without any generation change or remote redirect request (492ms)
(node:25976) Warning: The 'NO_COLOR' env is ignored due to the 'FORCE_COLOR' env being set.
(Use `node --trace-warnings ...` to show where the warning was created)
(node:25976) Warning: The 'NO_COLOR' env is ignored due to the 'FORCE_COLOR' env being set.
(Use `node --trace-warnings ...` to show where the warning was created)
  ok 12 tests\e2e\task-center.spec.ts:5:1 › T34-C01/C02: local video and text records and independent filters, no full-Core claim or request on filtering (1.2s)
  ok 13 tests\e2e\task-center.spec.ts:6:1 › T34 details: four dimensions, original IDs and deleted-node history, Escape restores focus (1.1s)
  ok 14 tests\e2e\task-center.spec.ts:7:1 › T34-C03/C05: selected refresh groups original bindings, skips other Key and unknown submission, exactly one original GET and no paid retry (1.2s)
  ok 15 tests\e2e\task-center.spec.ts:8:1 › T34-C06: local completed archive hides presentation but never removes Run or unknown history (1.0s)
  ok 16 tests\e2e\task-center.spec.ts:9:1 › T34 CSV: actual native export prevents title formula injection and omits request body and ordinary Key (1.1s)
  ok 17 tests\e2e\task-center.spec.ts:10:1 › T34 drawer: same persisted records limited to project, no duplicate records or paid operation after opening and refresh (1.9s)
  ok 18 tests\e2e\task-center.spec.ts:11:1 › T34: original-bound ongoing task keeps polling after project archive and UI kind filtering, zero new POST (7.8s)

  18 passed (35.0s)
