
> aiwork-studio@0.0.1 test:e2e
> playwright test tests/e2e/result-review.spec.ts tests/e2e/media-delivery.spec.ts tests/e2e/canvas-viewport.spec.ts

[WebServer] (node:21284) Warning: The 'NO_COLOR' env is ignored due to the 'FORCE_COLOR' env being set.
[WebServer] (Use `node --trace-warnings ...` to show where the warning was created)

Running 13 tests using 1 worker

(node:24896) Warning: The 'NO_COLOR' env is ignored due to the 'FORCE_COLOR' env being set.
(Use `node --trace-warnings ...` to show where the warning was created)
(node:24896) Warning: The 'NO_COLOR' env is ignored due to the 'FORCE_COLOR' env being set.
(Use `node --trace-warnings ...` to show where the warning was created)
  ok  1 tests\e2e\canvas-viewport.spec.ts:6:1 › T13-C01: invalid zoom restores value; bounds disable buttons and persist without creative revision (1.6s)
  ok  2 tests\e2e\canvas-viewport.spec.ts:10:1 › T13-C02: fit leaves 48px and keyboard outline is equivalent to box selection (1.1s)
  ok  3 tests\e2e\canvas-viewport.spec.ts:14:1 › T13-C04: space in input is retained and canvas pan is separate from graph edits (1.1s)
  ok  4 tests\e2e\canvas-viewport.spec.ts:17:1 › T13-C05: dragging previews in memory, mouseup commits once; undo/redo does not submit (1.2s)
  ok  5 tests\e2e\canvas-viewport.spec.ts:20:1 › T13-C06: another writer makes canvas readonly; takeover requires explicit dialog (1.2s)
  ok  6 tests\e2e\canvas-viewport.spec.ts:23:1 › T13 controls: text paste treats URL as text, minimap/background persist and no fetch occurs (1.7s)
  ok  7 tests\e2e\canvas-viewport.spec.ts:27:1 › T13 navigation: quota failure retains draft and blocks browser Back until explicit discard (1.3s)
  ok  8 tests\e2e\result-review.spec.ts:4:1 › T35-C01/C03: exactly two local versions; swapping only presentation preserves fixed original runs and assets (2.8s)
  ok  9 tests\e2e\result-review.spec.ts:5:1 › T35-C02: real native clips play together, shorter ending pauses both and warns approximate synchronization (3.4s)
  ok 10 tests\e2e\result-review.spec.ts:6:1 › T35-C04/C05: choosing downstream shows exact impact then changes only draft result reference, history fixed; undo restores (2.6s)
  ok 11 tests\e2e\result-review.spec.ts:7:1 › T35-C06: native keyboard playback and fullscreen can exit without playing other preview (2.5s)
(node:27112) Warning: The 'NO_COLOR' env is ignored due to the 'FORCE_COLOR' env being set.
(Use `node --trace-warnings ...` to show where the warning was created)
(node:27112) Warning: The 'NO_COLOR' env is ignored due to the 'FORCE_COLOR' env being set.
(Use `node --trace-warnings ...` to show where the warning was created)
  ok 12 tests\e2e\media-delivery.spec.ts:4:1 › T33 actual native video: authenticated blob preview, local cache offline, original-byte download and cleanup; zero paid POST (1.3s)
  ok 13 tests\e2e\media-delivery.spec.ts:14:1 › T33 actual transport: redirected media is blocked without any generation change or remote redirect request (378ms)

  13 passed (26.7s)
