
> aiwork-studio@0.0.1 test:e2e
> playwright test tests/e2e/project-package.spec.ts tests/e2e/project-library.spec.ts tests/e2e/result-review.spec.ts

[WebServer] (node:3908) Warning: The 'NO_COLOR' env is ignored due to the 'FORCE_COLOR' env being set.
[WebServer] (Use `node --trace-warnings ...` to show where the warning was created)

Running 15 tests using 1 worker

(node:2664) Warning: The 'NO_COLOR' env is ignored due to the 'FORCE_COLOR' env being set.
(Use `node --trace-warnings ...` to show where the warning was created)
(node:2664) Warning: The 'NO_COLOR' env is ignored due to the 'FORCE_COLOR' env being set.
(Use `node --trace-warnings ...` to show where the warning was created)
  ok  1 tests\e2e\project-library.spec.ts:4:1 › T12-C01/C06: create validates name, survives reload and does not submit a model (1.7s)
  ok  2 tests\e2e\project-library.spec.ts:10:1 › T12-C02: clone shares media but copies neither Run nor Key nor queue (1.1s)
  ok  3 tests\e2e\project-library.spec.ts:17:1 › T12-C03/C04: soft deletion preserves unknown tracking and shared blob, permanent removal remains blocked (1.5s)
  ok  4 tests\e2e\project-library.spec.ts:23:1 › T12-C05: search, view changes and multi-select retain exact selection scope (1.3s)
  ok  5 tests\e2e\project-library.spec.ts:29:1 › T12 templates are original local structures and never come with execution approval (649ms)
  ok  6 tests\e2e\project-library.spec.ts:32:1 › T12 Z03: batch permanent removal separately confirms safe items and reports blocked tracking (1.1s)
  ok  7 tests\e2e\project-library.spec.ts:38:1 › T12 / W06: welcome opens the real new-project dialog; rename Escape preserves the stored name (1.1s)
  ok  8 tests\e2e\project-library.spec.ts:43:1 › T12 batch archive: locked project is reported by name and remains unmodified (1.2s)
  ok  9 tests\e2e\result-review.spec.ts:4:1 › T35-C01/C03: exactly two local versions; swapping only presentation preserves fixed original runs and assets (2.9s)
  ok 10 tests\e2e\result-review.spec.ts:5:1 › T35-C02: real native clips play together, shorter ending pauses both and warns approximate synchronization (3.5s)
  ok 11 tests\e2e\result-review.spec.ts:6:1 › T35-C04/C05: choosing downstream shows exact impact then changes only draft result reference, history fixed; undo restores (2.6s)
  ok 12 tests\e2e\result-review.spec.ts:7:1 › T35-C06: native keyboard playback and fullscreen can exit without playing other preview (2.6s)
(node:27260) Warning: The 'NO_COLOR' env is ignored due to the 'FORCE_COLOR' env being set.
(Use `node --trace-warnings ...` to show where the warning was created)
(node:27260) Warning: The 'NO_COLOR' env is ignored due to the 'FORCE_COLOR' env being set.
(Use `node --trace-warnings ...` to show where the warning was created)
  ok 13 tests\e2e\project-package.spec.ts:7:1 › T36 actual full ZIP download and explicit new-project import preserve original and never restore runnable history (3.4s)
  ok 14 tests\e2e\project-package.spec.ts:8:1 › T36 unsafe package produces clear rejection and no project writes; import is cancelable with focus restored (2.5s)
  ok 15 tests\e2e\project-package.spec.ts:9:1 › T36 structure JSON backup clearly excludes media, can inspect/cancel and records only a triggered download (2.6s)

  15 passed (34.3s)
