[WebServer] (node:20336) Warning: The 'NO_COLOR' env is ignored due to the 'FORCE_COLOR' env being set.
[WebServer] (Use `node --trace-warnings ...` to show where the warning was created)

Running 22 tests using 1 worker

(node:21808) Warning: The 'NO_COLOR' env is ignored due to the 'FORCE_COLOR' env being set.
(Use `node --trace-warnings ...` to show where the warning was created)
(node:21808) Warning: The 'NO_COLOR' env is ignored due to the 'FORCE_COLOR' env being set.
(Use `node --trace-warnings ...` to show where the warning was created)
  ok  1 tests\e2e\canvas-viewport.spec.ts:6:1 › T13-C01: invalid zoom restores value; bounds disable buttons and persist without creative revision (1.7s)
  ok  2 tests\e2e\canvas-viewport.spec.ts:10:1 › T13-C02: fit leaves 48px and keyboard outline is equivalent to box selection (1.2s)
  ok  3 tests\e2e\canvas-viewport.spec.ts:14:1 › T13-C04: space in input is retained and canvas pan is separate from graph edits (1.1s)
  ok  4 tests\e2e\canvas-viewport.spec.ts:17:1 › T13-C05: dragging previews in memory, mouseup commits once; undo/redo does not submit (1.3s)
  ok  5 tests\e2e\canvas-viewport.spec.ts:20:1 › T13-C06: another writer makes canvas readonly; takeover requires explicit dialog (1.3s)
  ok  6 tests\e2e\canvas-viewport.spec.ts:23:1 › T13 controls: text paste treats URL as text, minimap/background persist and no fetch occurs (1.7s)
  ok  7 tests\e2e\canvas-viewport.spec.ts:27:1 › T13 navigation: quota failure retains draft and blocks browser Back until explicit discard (1.4s)
  ok  8 tests\e2e\prompt-result-parser.spec.ts:6:1 › T31: actual candidate save quota preserves its response and explicit local parse retry sends no second request (1.4s)
  ok  9 tests\e2e\prompt-result-parser.spec.ts:7:1 › T31: invalid response and raw inspection restore from saved storage after refresh without a chat (1.9s)
  ok 10 tests\e2e\prompt-result-parser.spec.ts:8:1 › T31 PGD02: reviewed request is shown before charging; Escape restores focus and leaves zero PromptRuns (1.4s)
  ok 11 tests\e2e\prompt-result-parser.spec.ts:9:1 › T31-C01/C04: parsed candidate keeps brand/dialogue changes visible and never submits a video (1.5s)
  ok 12 tests\e2e\prompt-result-parser.spec.ts:10:1 › T31-C03: invalid actual response stays plain raw text, old draft retained and no automatic repair request (1.4s)
  ok 13 tests\e2e\prompt-result-parser.spec.ts:11:1 › T31-C05: late response saves an original-revision candidate while newer input and manual output stay intact (1.5s)
  ok 14 tests\e2e\prompt-result-parser.spec.ts:12:1 › T31-C06: stopping waiting preserves unknown billing and requires extra risk consent for a new request (1.4s)
(node:27412) Warning: The 'NO_COLOR' env is ignored due to the 'FORCE_COLOR' env being set.
(Use `node --trace-warnings ...` to show where the warning was created)
(node:27412) Warning: The 'NO_COLOR' env is ignored due to the 'FORCE_COLOR' env being set.
(Use `node --trace-warnings ...` to show where the warning was created)
  ok 15 tests\e2e\storage-settings.spec.ts:6:1 › T37 system theme follows the actual browser preference and topbar action stays accurate (2.6s)
  ok 16 tests\e2e\storage-settings.spec.ts:7:1 › T37-C03/C04: unavailable capacity stays unknown and denied persistence still permits actual backup access (2.5s)
  ok 17 tests\e2e\storage-settings.spec.ts:8:1 › T37-C05: clearing only rebuildable thumbnails never deletes a uniquely stored original, task, project or immutable history (2.6s)
  ok 18 tests\e2e\storage-settings.spec.ts:9:1 › T37-C06: system/light theme, density and reset apply without deleting creative data or shrinking approved typography (2.6s)
  ok 19 tests\e2e\storage-settings.spec.ts:10:1 › T37-C01: explicit address save never registers an arbitrary proxy target or persists the ordinary Key; address edit creates new identity (2.6s)
  ok 20 tests\e2e\storage-settings.spec.ts:11:1 › T37-C02: obsolete saved default model stays visible as invalid; no silent replacement or billable probe (2.4s)
  ok 21 tests\e2e\storage-settings.spec.ts:12:1 › T37/D09/D10 actual settings export, selective import and undo exclude secrets, restore preferences and never authorize a connection (2.7s)
  ok 22 tests\e2e\storage-settings.spec.ts:13:1 › T37 actual registered readonly GETs, lost model default stays fixed, old binding can restore, memory Key never reaches persisted records (3.2s)

  22 passed (46.4s)
