[WebServer] (node:23252) Warning: The 'NO_COLOR' env is ignored due to the 'FORCE_COLOR' env being set.
[WebServer] (Use `node --trace-warnings ...` to show where the warning was created)

Running 12 tests using 1 worker

(node:27556) Warning: The 'NO_COLOR' env is ignored due to the 'FORCE_COLOR' env being set.
(Use `node --trace-warnings ...` to show where the warning was created)
(node:27556) Warning: The 'NO_COLOR' env is ignored due to the 'FORCE_COLOR' env being set.
(Use `node --trace-warnings ...` to show where the warning was created)
  ok  1 tests\e2e\result-review.spec.ts:4:1 › T35-C01/C03: exactly two local versions; swapping only presentation preserves fixed original runs and assets (3.2s)
  ok  2 tests\e2e\result-review.spec.ts:5:1 › T35-C02: real native clips play together, shorter ending pauses both and warns approximate synchronization (3.5s)
  ok  3 tests\e2e\result-review.spec.ts:6:1 › T35-C04/C05: choosing downstream shows exact impact then changes only draft result reference, history fixed; undo restores (2.7s)
  ok  4 tests\e2e\result-review.spec.ts:7:1 › T35-C06: native keyboard playback and fullscreen can exit without playing other preview (2.6s)
(node:23528) Warning: The 'NO_COLOR' env is ignored due to the 'FORCE_COLOR' env being set.
(Use `node --trace-warnings ...` to show where the warning was created)
(node:23528) Warning: The 'NO_COLOR' env is ignored due to the 'FORCE_COLOR' env being set.
(Use `node --trace-warnings ...` to show where the warning was created)
  ok  5 tests\e2e\storage-settings.spec.ts:6:1 › T37 system theme follows the actual browser preference and topbar action stays accurate (2.6s)
  ok  6 tests\e2e\storage-settings.spec.ts:7:1 › T37-C03/C04: unavailable capacity stays unknown and denied persistence still permits actual backup access (2.6s)
  ok  7 tests\e2e\storage-settings.spec.ts:8:1 › T37-C05: clearing only rebuildable thumbnails never deletes a uniquely stored original, task, project or immutable history (2.6s)
  ok  8 tests\e2e\storage-settings.spec.ts:9:1 › T37-C06: system/light theme, density and reset apply without deleting creative data or shrinking approved typography (2.6s)
  ok  9 tests\e2e\storage-settings.spec.ts:10:1 › T37-C01: explicit address save never registers an arbitrary proxy target or persists the ordinary Key; address edit creates new identity (2.6s)
  ok 10 tests\e2e\storage-settings.spec.ts:11:1 › T37-C02: obsolete saved default model stays visible as invalid; no silent replacement or billable probe (2.4s)
  ok 11 tests\e2e\storage-settings.spec.ts:12:1 › T37/D09/D10 actual settings export, selective import and undo exclude secrets, restore preferences and never authorize a connection (2.6s)
  ok 12 tests\e2e\storage-settings.spec.ts:13:1 › T37 actual registered readonly GETs, lost model default stays fixed, old binding can restore, memory Key never reaches persisted records (2.8s)

  12 passed (37.6s)
