[WebServer] (node:11996) Warning: The 'NO_COLOR' env is ignored due to the 'FORCE_COLOR' env being set.
[WebServer] (Use `node --trace-warnings ...` to show where the warning was created)

Running 37 tests using 1 worker

(node:23220) Warning: The 'NO_COLOR' env is ignored due to the 'FORCE_COLOR' env being set.
(Use `node --trace-warnings ...` to show where the warning was created)
(node:23220) Warning: The 'NO_COLOR' env is ignored due to the 'FORCE_COLOR' env being set.
(Use `node --trace-warnings ...` to show where the warning was created)
  ok  1 tests\e2e\app-shell.spec.ts:2:1 › T11-C01/C02: local mode enters projects and eight owned navigation entries are available (881ms)
  ok  2 tests\e2e\app-shell.spec.ts:8:1 › T11 welcome: unsafe address is rejected, Key visibility resets on blur and no credentials persist (716ms)
  ok  3 tests\e2e\app-shell.spec.ts:14:1 › T11 global search uses local data and returns actual project titles without network (1.0s)
  ok  4 tests\e2e\app-shell.spec.ts:22:1 › T11-C03: unknown routes show owned 404 and a working return (632ms)
  ok  5 tests\e2e\app-shell.spec.ts:25:1 › T11-C04: nested dialogs trap focus, Esc closes the top layer and restores its trigger (841ms)
  ok  6 tests\e2e\app-shell.spec.ts:32:1 › T11-C05: composing and editable targets do not trigger global keyboard commands (682ms)
  ok  7 tests\e2e\app-shell.spec.ts:37:1 › T11-C06: entry/navigation never opens external links automatically (677ms)
  ok  8 tests\e2e\app-shell.spec.ts:42:1 › T11: accepted font size, dark/light themes and narrow layout remain readable (1.2s)
  ok  9 tests\e2e\prompt-workspace.spec.ts:4:1 › T21 PG01: navigation restores the currently active source draft instead of silently creating a blank one (1.2s)
  ok 10 tests\e2e\prompt-workspace.spec.ts:5:1 › T21 PG02: video config opens the shared panel and snapshots only its specification and chosen upstream text (1.7s)
  ok 11 tests\e2e\prompt-workspace.spec.ts:6:1 › T21 PG02: opening from text preserves an existing draft and offers the current unsaved text explicitly (1.5s)
  ok 12 tests\e2e\prompt-workspace.spec.ts:7:1 › T21 PG06/PG08: canvas source excludes unrelated library assets until explicit selection; external notes stay unbound (1.6s)
  ok 13 tests\e2e\prompt-workspace.spec.ts:8:1 › T21 PG05: composition input does not persist before composition ends (2.6s)
  ok 14 tests\e2e\prompt-workspace.spec.ts:9:1 › T21 PG32: invalid unsaved input retains old storage and navigation requires an explicit choice (1.3s)
  ok 15 tests\e2e\prompt-workspace.spec.ts:10:1 › T21 P23: original input snapshot is shown independently of current edited input (1.2s)
  ok 16 tests\e2e\prompt-workspace.spec.ts:11:1 › T21 P21/P22: responsive check drawer and shared typography work in actual light and narrow pages (1.4s)
  ok 17 tests\e2e\prompt-workspace.spec.ts:13:1 › T21-C02/C03: native offline local rules preserve identity, labelled fields and history after refresh (1.7s)
  ok 18 tests\e2e\prompt-workspace.spec.ts:14:1 › T21-C01: canvas panel expands the same saved draft identity without duplication (1.6s)
  ok 19 tests\e2e\prompt-workspace.spec.ts:15:1 › T21-C04: editing output persists a new manual result and invalidates previous checks (2.0s)
  ok 20 tests\e2e\prompt-workspace.spec.ts:16:1 › T21-C05: clear requires confirmation, preserves history and restoring creates a new manual version (1.3s)
  ok 21 tests\e2e\prompt-workspace.spec.ts:17:1 › T21-C06: unavailable AI cannot claim success or create either paid record type (1.1s)
  ok 22 tests\e2e\prompt-workspace.spec.ts:18:1 › T21: original/form conflict has no preselected resolution and confirmed choices stay explicit (1.2s)
  ok 23 tests\e2e\prompt-workspace.spec.ts:19:1 › T21: image placeholder saves independently and never activates video rules or image generation (1.1s)
  ok 24 tests\e2e\typed-nodes.spec.ts:5:1 › T14-C04: unknown capabilities keep video drafts editable without an execution button (1.1s)
  ok 25 tests\e2e\typed-nodes.spec.ts:8:1 › T14-C05: debounced local text saves; UTF-8 overflow keeps persisted text intact (2.5s)
  ok 26 tests\e2e\typed-nodes.spec.ts:11:1 › T14-C01/C02: explicit ordered inputs persist through layout; disconnect never rewrites Run (1.5s)
  ok 27 tests\e2e\typed-nodes.spec.ts:14:1 › T14-C03: result node displays fixed asset and run; preview does not replace history (1.2s)
  ok 28 tests\e2e\typed-nodes.spec.ts:17:1 › T14 N02/T02: title validates Unicode length and display font does not edit content (1.4s)
  ok 29 tests\e2e\typed-nodes.spec.ts:20:1 › T14 N13: ports support keyboard and pointer equivalents; invalid type stays unconnected (1.3s)
  ok 30 tests\e2e\typed-nodes.spec.ts:21:1 › T14 node creation: local asset and fixed result references use existing identities (1.3s)
  ok 31 tests\e2e\typed-nodes.spec.ts:22:1 › T14 tab identity: a duplicated session identity is fenced, while reload keeps the original writer (2.2s)
  ok 32 tests\e2e\typed-nodes.spec.ts:23:1 › T14 N13: real pointer drag from text output to text input creates one dependency (1.1s)
  ok 33 tests\e2e\typed-nodes.spec.ts:24:1 › T14 identity fallback: without Web Locks a copied session cannot reuse another writer identity (1.8s)
(node:22304) Warning: The 'NO_COLOR' env is ignored due to the 'FORCE_COLOR' env being set.
(Use `node --trace-warnings ...` to show where the warning was created)
(node:22304) Warning: The 'NO_COLOR' env is ignored due to the 'FORCE_COLOR' env being set.
(Use `node --trace-warnings ...` to show where the warning was created)
  ok 34 tests\e2e\recovery-diagnostics.spec.ts:6:1 › T38-C01/C03: unknown submission has only safe next steps; clearing local activity never removes the Run (2.8s)
  ok 35 tests\e2e\recovery-diagnostics.spec.ts:7:1 › T38-C04: actual diagnostic download excludes full prompt, known Key, temporary URL and raw message (2.6s)
  ok 36 tests\e2e\recovery-diagnostics.spec.ts:8:1 › T38-C05/C06: local help shows version, safe retry guidance and explicit license view without marketing or unconfigured feedback (2.5s)
  ok 37 tests\e2e\recovery-diagnostics.spec.ts:9:1 › T38-C02/F06: actual native quota failure preserves latest textarea in an emergency memory download (3.4s)

  37 passed (1.0m)
