[WebServer] (node:20452) Warning: The 'NO_COLOR' env is ignored due to the 'FORCE_COLOR' env being set.
[WebServer] (Use `node --trace-warnings ...` to show where the warning was created)

Running 1 test using 1 worker

(node:24972) Warning: The 'NO_COLOR' env is ignored due to the 'FORCE_COLOR' env being set.
(Use `node --trace-warnings ...` to show where the warning was created)
(node:24972) Warning: The 'NO_COLOR' env is ignored due to the 'FORCE_COLOR' env being set.
(Use `node --trace-warnings ...` to show where the warning was created)
  x  1 tests\e2e\agent-proposal-review.spec.ts:4:1 › T40 actual proposal review checkbox, delete count and native receipt apply exactly once without a paid request (1.4s)


  1) tests\e2e\agent-proposal-review.spec.ts:4:1 › T40 actual proposal review checkbox, delete count and native receipt apply exactly once without a paid request 

    Error: [2mexpect([22m[31mlocator[39m[2m).[22mtoBeEditable[2m([22m[2m)[22m failed

    Locator: getByLabel('节点文本', { exact: true })
    Expected: editable
    Error: strict mode violation: getByLabel('节点文本', { exact: true }) resolved to 2 elements:
        1) <textarea aria-label="节点文本">原创镜头</textarea> aka getByTestId('node-text-1').getByRole('textbox', { name: '节点文本' })
        2) <textarea aria-label="节点文本"></textarea> aka getByTestId('node-bcf1c8ca-c15d-4418-a2e8-6339ef4b3ac9').getByRole('textbox', { name: '节点文本' })

    Call log:
    [2m  - Expect "toBeEditable" with timeout 5000ms[22m
    [2m  - waiting for getByLabel('节点文本', { exact: true })[22m


      2 | import {seedStudio} from '../helpers/seed-studio';
      3 | import {startCompanion} from '../../companion/src/server';
    > 4 | test('T40 actual proposal review checkbox, delete count and native receipt apply exactly once without a paid request',async({page,networkCounter})=>{const relay=await startCompanion({allowedOrigins:['http://127.0.0.1:4179']});try{await page.route(new RegExp('^http://127[.]0[.]0[.]1:4179/canvas/(connect|authorize|heartbeat|disconnect)$'),async route=>{const req=route.request(),url=new URL(req.url()),headers={...req.headers(),Origin:'http://127.0.0.1:4179'};delete (headers as Record<string,string>).host;const response=await fetch(relay.url+url.pathname,{method:req.method(),headers,body:req.postData(),redirect:'error'});await route.fulfill({status:response.status,contentType:'application/json',body:await response.text()});});await page.goto('/projects');await seedStudio(page,'canvas-project');await page.goto('/projects/p1/canvas');await page.getByRole('button',{name:'添加节点',exact:true}).click();await page.getByRole('dialog',{name:'添加节点',exact:true}).getByRole('button',{name:'文本节点',exact:true}).click();await expect(page.getByLabel('节点文本',{exact:true})).toBeEditable();const proposalId=await page.evaluate(async token=>{const p='/src/features/agent/agent-client.ts',r='/src/application/proposals/apply-proposal.ts',d='/src/infrastructure/storage/database.ts',client=await import(p),m=await import(d),identity=await client.getOpenedCanvasIdentity('p1'),session=await client.connectAgent({endpoint:location.origin,token,origin:location.origin,...identity}),db=await m.openStudioDb();try{const graph=await m.transact(db,['graphs'],'readonly',(tx:IDBTransaction)=>m.requestResult(tx.objectStore('graphs').get('p1'))),node=graph.nodes.find((n:{type:string})=>n.type==='text');await client.authorizeAgent(session.id,{...session.grant,access:'propose',nodeIds:[node.id]});const proposal={id:'browser-review-proposal',projectId:'p1',sessionId:session.id,baseRevision:graph.revision,status:'proposed',operations:[{id:'edit-text-title',type:'update_node',payload:{nodeId:node.id,patch:{title:'审阅后中文标题'}}}]};await(await import(r)).receiveProposal(proposal);return proposal.id;}finally{db.close();}},relay.token);await page.getByRole('button',{name:'Agent 提案',exact:true}).click();await page.getByRole('button',{name:'审阅提案 '+proposalId,exact:true}).click();const dialog=page.getByRole('dialog',{name:'Agent 提案审阅',exact:true});await expect(dialog).toContainText('删除节点 0');await expect(dialog.getByRole('button',{name:'应用选中修改',exact:true})).toBeDisabled();await dialog.getByLabel('选择操作 edit-text-title',{exact:true}).check();await dialog.getByRole('button',{name:'应用选中修改',exact:true}).click();await expect(page.getByText('审阅后中文标题',{exact:true}).first()).toBeVisible();expect(networkCounter.paidRequests).toHaveLength(0);await page.screenshot({path:'docs/review/screenshots/T40-proposal.png'});await page.evaluate(async()=>{const p='/src/features/agent/agent-client.ts',m=await import(p),d='/src/application/proposals/apply-proposal.ts',proposal=await(await import(d)).readProposal('browser-review-proposal');await m.disconnectAgent(proposal.sessionId);});}finally{await relay.close();}});
        |                                                                                                                                                                                                                                                                                                                                                                                                                                                                                                                                                                                                                                                                                                                                                                                                                                                                                                                                                                                                                                                                                                         ^
      5 |
        at E:\trae-studio\TRAEWORK\aiwork-studio\tests\e2e\agent-proposal-review.spec.ts:4:1065

    Error Context: test-results\agent-proposal-review-T40--aa93f-once-without-a-paid-request\error-context.md

    attachment #2: trace (application/zip) ─────────────────────────────────────────────────────────
    test-results\agent-proposal-review-T40--aa93f-once-without-a-paid-request\trace.zip
    Usage:

        npx playwright show-trace test-results\agent-proposal-review-T40--aa93f-once-without-a-paid-request\trace.zip

    ────────────────────────────────────────────────────────────────────────────────────────────────

  1 failed
    tests\e2e\agent-proposal-review.spec.ts:4:1 › T40 actual proposal review checkbox, delete count and native receipt apply exactly once without a paid request 
