[WebServer] (node:28684) Warning: The 'NO_COLOR' env is ignored due to the 'FORCE_COLOR' env being set.
[WebServer] (Use `node --trace-warnings ...` to show where the warning was created)

Running 1 test using 1 worker

(node:24128) Warning: The 'NO_COLOR' env is ignored due to the 'FORCE_COLOR' env being set.
(Use `node --trace-warnings ...` to show where the warning was created)
(node:24128) Warning: The 'NO_COLOR' env is ignored due to the 'FORCE_COLOR' env being set.
(Use `node --trace-warnings ...` to show where the warning was created)
  x  1 tests\e2e\text-ai-entry.spec.ts:2:1 › T44 T06 text polish is gated by verified text capability and opens a saved-source fee preview without any request; cancellation preserves the source (6.3s)


  1) tests\e2e\text-ai-entry.spec.ts:2:1 › T44 T06 text polish is gated by verified text capability and opens a saved-source fee preview without any request; cancellation preserves the source 

    Error: [2mexpect([22m[31mlocator[39m[2m).[22mtoBeDisabled[2m([22m[2m)[22m failed

    Locator: getByRole('button', { name: 'AI润色', exact: true })
    Expected: disabled
    Timeout: 5000ms
    Error: element(s) not found

    Call log:
    [2m  - Expect "toBeDisabled" with timeout 5000ms[22m
    [2m  - waiting for getByRole('button', { name: 'AI润色', exact: true })[22m


      1 | import {test,expect} from '../helpers/network-guard';import {seedStudio} from '../helpers/seed-studio';
      2 | test('T44 T06 text polish is gated by verified text capability and opens a saved-source fee preview without any request; cancellation preserves the source',async({page,networkCounter})=>{
    > 3 |  await seedStudio(page,'canvas-project');await page.goto('/projects/p1/canvas');await expect(page.getByRole('button',{name:'AI润色',exact:true})).toBeDisabled();await page.evaluate(async()=>{const p='/tests/fixtures/generation.ts';(await import(p)).connectGeneration();});await page.getByLabel('节点文本',{exact:true}).fill('当前品牌汉字康济健葆');await page.getByRole('button',{name:'AI润色',exact:true}).click();const dialog=page.getByRole('dialog',{name:'AI文字优化确认',exact:true});await expect(dialog).toBeVisible();await dialog.getByRole('combobox',{name:'文字模型',exact:true}).selectOption('fake-text-only');await dialog.getByRole('button',{name:'预览文字请求',exact:true}).click();await expect(dialog).toContainText('当前品牌汉字康济健葆');await expect(dialog.getByRole('button',{name:'确认文字请求',exact:true})).toBeDisabled();await dialog.getByRole('button',{name:'返回本地整理',exact:true}).click();await expect(dialog).not.toBeVisible();await expect(page.getByLabel('节点文本',{exact:true})).toHaveValue('当前品牌汉字康济健葆');const state=await page.evaluate(async()=>{const p='/src/infrastructure/storage/database.ts',m=await import(p),db=await m.openStudioDb();try{return await m.transact(db,['promptRuns','promptDrafts','runs'],'readonly',async(tx:IDBTransaction)=>({promptRuns:await m.requestResult(tx.objectStore('promptRuns').count()),runs:await m.requestResult(tx.objectStore('runs').count()),drafts:await m.requestResult(tx.objectStore('promptDrafts').getAll())}));}finally{db.close();}});expect(state.promptRuns).toBe(0);expect(state.runs).toBe(0);expect(state.drafts[0]).toMatchObject({userRequest:'当前品牌汉字康济健葆',sourceProjectId:'p1',sourceNodeId:'text-1'});expect(JSON.stringify(state)).not.toContain('fake-generation-key');expect(networkCounter.paidRequests).toHaveLength(0);
        |                                                                                                                                                 ^
      4 | });
      5 |
        at E:\trae-studio\TRAEWORK\aiwork-studio\tests\e2e\text-ai-entry.spec.ts:3:145

    Error Context: test-results\text-ai-entry-T44-T06-text-eefd3-lation-preserves-the-source\error-context.md

    attachment #2: trace (application/zip) ─────────────────────────────────────────────────────────
    test-results\text-ai-entry-T44-T06-text-eefd3-lation-preserves-the-source\trace.zip
    Usage:

        npx playwright show-trace test-results\text-ai-entry-T44-T06-text-eefd3-lation-preserves-the-source\trace.zip

    ────────────────────────────────────────────────────────────────────────────────────────────────

  1 failed
    tests\e2e\text-ai-entry.spec.ts:2:1 › T44 T06 text polish is gated by verified text capability and opens a saved-source fee preview without any request; cancellation preserves the source 
