[WebServer] (node:25336) Warning: The 'NO_COLOR' env is ignored due to the 'FORCE_COLOR' env being set.
[WebServer] (Use `node --trace-warnings ...` to show where the warning was created)

Running 2 tests using 1 worker

(node:28596) Warning: The 'NO_COLOR' env is ignored due to the 'FORCE_COLOR' env being set.
(Use `node --trace-warnings ...` to show where the warning was created)
(node:28596) Warning: The 'NO_COLOR' env is ignored due to the 'FORCE_COLOR' env being set.
(Use `node --trace-warnings ...` to show where the warning was created)
  x  1 tests\e2e\local-cleanup.spec.ts:3:1 › T44 D07 cleanup shows unreferenced file details, cancellation is inert and native transaction abort preserves every original (30.1s)
(node:17700) Warning: The 'NO_COLOR' env is ignored due to the 'FORCE_COLOR' env being set.
(Use `node --trace-warnings ...` to show where the warning was created)
(node:17700) Warning: The 'NO_COLOR' env is ignored due to the 'FORCE_COLOR' env being set.
(Use `node --trace-warnings ...` to show where the warning was created)
  x  2 tests\e2e\local-cleanup.spec.ts:6:1 › T44 D08/D19 clear-project confirmation cannot erase unknown tracking, unique media or any Core history (30.1s)


  1) tests\e2e\local-cleanup.spec.ts:3:1 › T44 D07 cleanup shows unreferenced file details, cancellation is inert and native transaction abort preserves every original 

    [31mTest timeout of 30000ms exceeded.[39m

    Error: locator.click: Test timeout of 30000ms exceeded.
    Call log:
    [2m  - waiting for getByRole('button', { name: '清理未引用素材', exact: true })[22m


      2 | const state=(page:import('@playwright/test').Page)=>page.evaluate(async()=>{const p='/tests/fixtures/asset-library.ts';return(await import(p)).storedAssets();});
      3 | test('T44 D07 cleanup shows unreferenced file details, cancellation is inert and native transaction abort preserves every original',async({page,networkCounter})=>{
    > 4 |  await page.goto('/assets');await page.evaluate(async()=>{const p='/tests/fixtures/asset-library.ts';await(await import(p)).seedAssetLibrary();});await page.goto('/settings/storage');const before=await state(page);await page.getByRole('button',{name:'清理未引用素材',exact:true}).click();const dialog=page.getByRole('dialog',{name:'清理未引用素材',exact:true});await expect(dialog).toContainText('声音440.wav');await expect(dialog).toContainText('声音660.wav');await page.keyboard.press('Escape');expect(await state(page)).toEqual(before);await page.getByRole('button',{name:'清理未引用素材',exact:true}).click();await page.evaluate(()=>{const original=IDBObjectStore.prototype.delete;let once=true;IDBObjectStore.prototype.delete=function(key){if(once&&this.name==='blobs'){once=false;throw new DOMException('test-native-delete-abort','QuotaExceededError');}return original.call(this,key);};});await dialog.getByRole('button',{name:'确认清理未引用素材',exact:true}).click();await expect(dialog.getByRole('alert')).toBeVisible();expect(await state(page)).toEqual(before);await dialog.getByRole('button',{name:'确认清理未引用素材',exact:true}).click();await expect(dialog).not.toBeVisible();const after=await state(page);expect(after.assets).toHaveLength(before.assets.length-2);expect(after.runs).toEqual(before.runs);expect(after.graph).toEqual(before.graph);expect(after.assets.find((a:{title:string})=>a.title==='参考.png')).toBeDefined();expect(networkCounter.paidRequests).toHaveLength(0);
        |                                                                                                                                                                                                                                                                                  ^
      5 | });
      6 | test('T44 D08/D19 clear-project confirmation cannot erase unknown tracking, unique media or any Core history',async({page,networkCounter})=>{
      7 |  await seedStudio(page,'project-library');await page.goto('/settings/storage');await page.getByRole('button',{name:'清空本地项目数据',exact:true}).click();const dialog=page.getByRole('dialog',{name:'清空本地项目数据',exact:true});await expect(dialog).toHaveAttribute('data-dialog-id','D19');await expect(dialog).toContainText('受保护视频追踪');await expect(dialog.getByRole('button',{name:'确认清空本地项目',exact:true})).toBeDisabled();await dialog.getByLabel('输入确认词 清空本地项目',{exact:true}).fill('清空本地项目');await expect(dialog.getByRole('button',{name:'确认清空本地项目',exact:true})).toBeDisabled();await page.keyboard.press('Escape');await page.goto('/projects');await expect(page.getByTestId('project-p1')).toBeVisible();await page.goto('/tasks');await expect(page.getByTestId('r1')).toContainText('提交结果不明');expect(networkCounter.paidRequests).toHaveLength(0);
        at E:\trae-studio\TRAEWORK\aiwork-studio\tests\e2e\local-cleanup.spec.ts:4:274

    Error Context: test-results\local-cleanup-T44-D07-clea-f9677-rt-preserves-every-original\error-context.md

    attachment #2: trace (application/zip) ─────────────────────────────────────────────────────────
    test-results\local-cleanup-T44-D07-clea-f9677-rt-preserves-every-original\trace.zip
    Usage:

        npx playwright show-trace test-results\local-cleanup-T44-D07-clea-f9677-rt-preserves-every-original\trace.zip

    ────────────────────────────────────────────────────────────────────────────────────────────────

  2) tests\e2e\local-cleanup.spec.ts:6:1 › T44 D08/D19 clear-project confirmation cannot erase unknown tracking, unique media or any Core history 

    [31mTest timeout of 30000ms exceeded.[39m

    Error: locator.click: Test timeout of 30000ms exceeded.
    Call log:
    [2m  - waiting for getByRole('button', { name: '清空本地项目数据', exact: true })[22m


      5 | });
      6 | test('T44 D08/D19 clear-project confirmation cannot erase unknown tracking, unique media or any Core history',async({page,networkCounter})=>{
    > 7 |  await seedStudio(page,'project-library');await page.goto('/settings/storage');await page.getByRole('button',{name:'清空本地项目数据',exact:true}).click();const dialog=page.getByRole('dialog',{name:'清空本地项目数据',exact:true});await expect(dialog).toHaveAttribute('data-dialog-id','D19');await expect(dialog).toContainText('受保护视频追踪');await expect(dialog.getByRole('button',{name:'确认清空本地项目',exact:true})).toBeDisabled();await dialog.getByLabel('输入确认词 清空本地项目',{exact:true}).fill('清空本地项目');await expect(dialog.getByRole('button',{name:'确认清空本地项目',exact:true})).toBeDisabled();await page.keyboard.press('Escape');await page.goto('/projects');await expect(page.getByTestId('project-p1')).toBeVisible();await page.goto('/tasks');await expect(page.getByTestId('r1')).toContainText('提交结果不明');expect(networkCounter.paidRequests).toHaveLength(0);
        |                                                                                                                                            ^
      8 | });
      9 |
        at E:\trae-studio\TRAEWORK\aiwork-studio\tests\e2e\local-cleanup.spec.ts:7:140

    Error Context: test-results\local-cleanup-T44-D08-D19--81afa-e-media-or-any-Core-history\error-context.md

    attachment #2: trace (application/zip) ─────────────────────────────────────────────────────────
    test-results\local-cleanup-T44-D08-D19--81afa-e-media-or-any-Core-history\trace.zip
    Usage:

        npx playwright show-trace test-results\local-cleanup-T44-D08-D19--81afa-e-media-or-any-Core-history\trace.zip

    ────────────────────────────────────────────────────────────────────────────────────────────────

  2 failed
    tests\e2e\local-cleanup.spec.ts:3:1 › T44 D07 cleanup shows unreferenced file details, cancellation is inert and native transaction abort preserves every original 
    tests\e2e\local-cleanup.spec.ts:6:1 › T44 D08/D19 clear-project confirmation cannot erase unknown tracking, unique media or any Core history 
