
> aiwork-studio@0.0.1 test:unit
> vitest run tests/unit/local-cleanup.test.ts


 RUN  v4.1.11 E:/trae-studio/TRAEWORK/aiwork-studio

 ❯ tests/unit/local-cleanup.test.ts (4 tests | 1 failed) 49ms
   × T44 cleanup rejects an unknown scope rather than allowing an asset-cleanup intent to clear projects 11ms

⎯⎯⎯⎯⎯⎯⎯ Failed Tests 1 ⎯⎯⎯⎯⎯⎯⎯

 FAIL  tests/unit/local-cleanup.test.ts > T44 cleanup rejects an unknown scope rather than allowing an asset-cleanup intent to clear projects
AssertionError: promise resolved "{ removed: 1 }" instead of rejecting

- Expected
+ Received

- Error {
-   "message": "rejected promise",
+ {
+   "removed": 1,
  }

 ❯ tests/unit/local-cleanup.test.ts:8:468


⎯⎯⎯⎯⎯⎯⎯⎯⎯⎯⎯⎯⎯⎯⎯⎯⎯⎯⎯⎯⎯⎯⎯⎯[1/1]⎯


 Test Files  1 failed (1)
      Tests  1 failed | 3 passed (4)
   Start at  10:40:02
   Duration  469ms (transform 132ms, setup 44ms, import 202ms, tests 49ms, environment 0ms)

