[WebServer] (node:17696) Warning: The 'NO_COLOR' env is ignored due to the 'FORCE_COLOR' env being set.
[WebServer] (Use `node --trace-warnings ...` to show where the warning was created)

Running 24 tests using 1 worker

(node:27956) Warning: The 'NO_COLOR' env is ignored due to the 'FORCE_COLOR' env being set.
(Use `node --trace-warnings ...` to show where the warning was created)
(node:27956) Warning: The 'NO_COLOR' env is ignored due to the 'FORCE_COLOR' env being set.
(Use `node --trace-warnings ...` to show where the warning was created)
  x   1 tests\e2e\prompt-mode.spec.ts:2:1 › T44 PG13/PG15 choosing rule or verified AI mode alone preserves input/history and sends no paid request (6.3s)
(node:28160) Warning: The 'NO_COLOR' env is ignored due to the 'FORCE_COLOR' env being set.
(Use `node --trace-warnings ...` to show where the warning was created)
(node:28160) Warning: The 'NO_COLOR' env is ignored due to the 'FORCE_COLOR' env being set.
(Use `node --trace-warnings ...` to show where the warning was created)
  ok  2 tests\e2e\prompt-result-parser.spec.ts:6:1 › T44 PGD06 invalid response has an explicit plain-text inspection dialog, no extra fee or lost draft (1.7s)
  ok  3 tests\e2e\prompt-result-parser.spec.ts:7:1 › T31: actual candidate save quota preserves its response and explicit local parse retry sends no second request (1.6s)
  ok  4 tests\e2e\prompt-result-parser.spec.ts:8:1 › T31: invalid response and raw inspection restore from saved storage after refresh without a chat (2.0s)
  ok  5 tests\e2e\prompt-result-parser.spec.ts:9:1 › T31 PGD02: reviewed request is shown before charging; Escape restores focus and leaves zero PromptRuns (1.4s)
  ok  6 tests\e2e\prompt-result-parser.spec.ts:10:1 › T31-C01/C04: parsed candidate keeps brand/dialogue changes visible and never submits a video (1.6s)
  ok  7 tests\e2e\prompt-result-parser.spec.ts:11:1 › T31-C03: invalid actual response stays plain raw text, old draft retained and no automatic repair request (1.5s)
  ok  8 tests\e2e\prompt-result-parser.spec.ts:12:1 › T31-C05: late response saves an original-revision candidate while newer input and manual output stay intact (1.6s)
  ok  9 tests\e2e\prompt-result-parser.spec.ts:13:1 › T31-C06: stopping waiting preserves unknown billing and requires extra risk consent for a new request (1.5s)
  ok 10 tests\e2e\prompt-workspace.spec.ts:4:1 › T21 PG01: navigation restores the currently active source draft instead of silently creating a blank one (1.2s)
  ok 11 tests\e2e\prompt-workspace.spec.ts:5:1 › T21 PG02: video config opens the shared panel and snapshots only its specification and chosen upstream text (1.7s)
  ok 12 tests\e2e\prompt-workspace.spec.ts:6:1 › T21 PG02: opening from text preserves an existing draft and offers the current unsaved text explicitly (1.6s)
  ok 13 tests\e2e\prompt-workspace.spec.ts:7:1 › T21 PG06/PG08: canvas source excludes unrelated library assets until explicit selection; external notes stay unbound (1.6s)
  ok 14 tests\e2e\prompt-workspace.spec.ts:8:1 › T21 PG05: composition input does not persist before composition ends (2.7s)
  ok 15 tests\e2e\prompt-workspace.spec.ts:9:1 › T21 PG32: invalid unsaved input retains old storage and navigation requires an explicit choice (1.3s)
  ok 16 tests\e2e\prompt-workspace.spec.ts:10:1 › T21 P23: original input snapshot is shown independently of current edited input (1.2s)
  ok 17 tests\e2e\prompt-workspace.spec.ts:11:1 › T21 P21/P22: responsive check drawer and shared typography work in actual light and narrow pages (1.4s)
  ok 18 tests\e2e\prompt-workspace.spec.ts:13:1 › T21-C02/C03: native offline local rules preserve identity, labelled fields and history after refresh (1.9s)
  ok 19 tests\e2e\prompt-workspace.spec.ts:14:1 › T21-C01: canvas panel expands the same saved draft identity without duplication (1.8s)
  ok 20 tests\e2e\prompt-workspace.spec.ts:15:1 › T21-C04: editing output persists a new manual result and invalidates previous checks (2.1s)
  ok 21 tests\e2e\prompt-workspace.spec.ts:16:1 › T21-C05: clear requires confirmation, preserves history and restoring creates a new manual version (1.3s)
  ok 22 tests\e2e\prompt-workspace.spec.ts:17:1 › T21-C06: unavailable AI cannot claim success or create either paid record type (1.1s)
  ok 23 tests\e2e\prompt-workspace.spec.ts:18:1 › T21: original/form conflict has no preselected resolution and confirmed choices stay explicit (1.2s)
  ok 24 tests\e2e\prompt-workspace.spec.ts:19:1 › T21: image placeholder saves independently and never activates video rules or image generation (1.2s)


  1) tests\e2e\prompt-mode.spec.ts:2:1 › T44 PG13/PG15 choosing rule or verified AI mode alone preserves input/history and sends no paid request 

    Error: [2mexpect([22m[31mlocator[39m[2m).[22mtoHaveValue[2m([22m[32mexpected[39m[2m)[22m failed

    Locator: getByRole('combobox', { name: '整理模式', exact: true })
    Expected: [32m"rules"[39m
    Timeout: 5000ms
    Error: element(s) not found

    Call log:
    [2m  - Expect "toHaveValue" with timeout 5000ms[22m
    [2m  - waiting for getByRole('combobox', { name: '整理模式', exact: true })[22m


      1 | import {test,expect} from '../helpers/network-guard';
      2 | test('T44 PG13/PG15 choosing rule or verified AI mode alone preserves input/history and sends no paid request',async({page,networkCounter})=>{
    > 3 |  await page.goto('/projects');await page.evaluate(async()=>{const p='/tests/fixtures/prompt-workspace.ts';await(await import(p)).seedPromptWorkspace();const g='/tests/fixtures/generation.ts';(await import(g)).connectGeneration();});await page.goto('/prompt-generator?type=video&draftId=d1');const input=page.getByLabel('原始创意',{exact:true}),before=await input.inputValue(),mode=page.getByRole('combobox',{name:'整理模式',exact:true});await expect(mode).toHaveValue('rules');await expect(mode.locator('option[value="ai"]')).toBeDisabled();await page.evaluate(async()=>{const p='/tests/fixtures/generation.ts';(await import(p)).connectGeneration();});await mode.selectOption('ai');await expect(page.getByRole('button',{name:'AI优化',exact:true})).toHaveClass(/primary/);await mode.selectOption('rules');await expect(page.getByRole('button',{name:'本地整理',exact:true})).toHaveClass(/primary/);await expect(input).toHaveValue(before);await expect(page.getByRole('dialog',{name:'AI文字优化确认',exact:true})).not.toBeVisible();expect(networkCounter.paidRequests).toHaveLength(0);const stored=await page.evaluate(async()=>{const p='/tests/fixtures/prompt-workspace.ts';return(await import(p)).promptWorkspaceState();});expect(stored.promptRuns).toHaveLength(0);expect(stored.drafts[0].resultVersions).toHaveLength(0);
        |                                                                                                                                                                                                                                                                                                                                                                                                                                                                 ^
      4 | });
      5 |
        at E:\trae-studio\TRAEWORK\aiwork-studio\tests\e2e\prompt-mode.spec.ts:3:449

    Error Context: test-results\prompt-mode-T44-PG13-PG15--32c1d-y-and-sends-no-paid-request\error-context.md

    attachment #2: trace (application/zip) ─────────────────────────────────────────────────────────
    test-results\prompt-mode-T44-PG13-PG15--32c1d-y-and-sends-no-paid-request\trace.zip
    Usage:

        npx playwright show-trace test-results\prompt-mode-T44-PG13-PG15--32c1d-y-and-sends-no-paid-request\trace.zip

    ────────────────────────────────────────────────────────────────────────────────────────────────

  1 failed
    tests\e2e\prompt-mode.spec.ts:2:1 › T44 PG13/PG15 choosing rule or verified AI mode alone preserves input/history and sends no paid request 
  23 passed (47.6s)
