
> aiwork-studio@0.0.1 test:e2e
> playwright test tests/e2e/connection-selection-contracts.spec.ts tests/e2e/storage-settings.spec.ts

[WebServer] (node:29196) Warning: The 'NO_COLOR' env is ignored due to the 'FORCE_COLOR' env being set.
[WebServer] (Use `node --trace-warnings ...` to show where the warning was created)

Running 12 tests using 1 worker

(node:28536) Warning: The 'NO_COLOR' env is ignored due to the 'FORCE_COLOR' env being set.
(Use `node --trace-warnings ...` to show where the warning was created)
(node:28536) Warning: The 'NO_COLOR' env is ignored due to the 'FORCE_COLOR' env being set.
(Use `node --trace-warnings ...` to show where the warning was created)
  ok  1 tests\e2e\connection-selection-contracts.spec.ts:5:1 › T44 K03 native history read failure is reported, keeps the prior selection and never mixes another connection with old binding options (1.3s)
  ok  2 tests\e2e\connection-selection-contracts.spec.ts:6:1 › T44 K03/K05/K09 switching and clearing only the memory authorization preserves old tasks; public copy failure is recoverable (2.0s)
  ok  3 tests\e2e\connection-selection-contracts.spec.ts:7:1 › T44 K06 deleting a used connection requires confirmation and keeps a readonly original profile and all task bindings (1.9s)
  ok  4 tests\e2e\connection-selection-contracts.spec.ts:8:1 › T44 K06 native archive receipt quota aborts deletion and preserves the original connection and task history (1.4s)
(node:19192) Warning: The 'NO_COLOR' env is ignored due to the 'FORCE_COLOR' env being set.
(Use `node --trace-warnings ...` to show where the warning was created)
(node:19192) Warning: The 'NO_COLOR' env is ignored due to the 'FORCE_COLOR' env being set.
(Use `node --trace-warnings ...` to show where the warning was created)
  ok  5 tests\e2e\storage-settings.spec.ts:6:1 › T37 system theme follows the actual browser preference and topbar action stays accurate (2.7s)
  ok  6 tests\e2e\storage-settings.spec.ts:7:1 › T37-C03/C04: unavailable capacity stays unknown and denied persistence still permits actual backup access (2.6s)
  ok  7 tests\e2e\storage-settings.spec.ts:8:1 › T37-C05: clearing only rebuildable thumbnails never deletes a uniquely stored original, task, project or immutable history (2.8s)
  ok  8 tests\e2e\storage-settings.spec.ts:9:1 › T37-C06: system/light theme, density and reset apply without deleting creative data or shrinking approved typography (2.7s)
  ok  9 tests\e2e\storage-settings.spec.ts:10:1 › T37-C01: explicit address save never registers an arbitrary proxy target or persists the ordinary Key; address edit creates new identity (2.7s)
  ok 10 tests\e2e\storage-settings.spec.ts:11:1 › T37-C02: obsolete saved default model stays visible as invalid; no silent replacement or billable probe (2.6s)
  ok 11 tests\e2e\storage-settings.spec.ts:12:1 › T37/D09/D10 actual settings export, selective import and undo exclude secrets, restore preferences and never authorize a connection (2.8s)
  ok 12 tests\e2e\storage-settings.spec.ts:13:1 › T37 actual registered readonly GETs, lost model default stays fixed, old binding can restore, memory Key never reaches persisted records (3.4s)

  12 passed (33.7s)
