[WebServer] (node:12500) Warning: The 'NO_COLOR' env is ignored due to the 'FORCE_COLOR' env being set.
[WebServer] (Use `node --trace-warnings ...` to show where the warning was created)

Running 1 test using 1 worker

(node:12140) Warning: The 'NO_COLOR' env is ignored due to the 'FORCE_COLOR' env being set.
(Use `node --trace-warnings ...` to show where the warning was created)
(node:12140) Warning: The 'NO_COLOR' env is ignored due to the 'FORCE_COLOR' env being set.
(Use `node --trace-warnings ...` to show where the warning was created)
  x  1 tests\e2e\native-media-state-contracts.spec.ts:42:1 › T44 M04/M06/M10 same-hash native file restoration clears the old decoder failure and permits explicit local playback (6.7s)


  1) tests\e2e\native-media-state-contracts.spec.ts:42:1 › T44 M04/M06/M10 same-hash native file restoration clears the old decoder failure and permits explicit local playback 

    Error: [2mexpect([22m[31mreceived[39m[2m).[22mtoBeGreaterThanOrEqual[2m([22m[32mexpected[39m[2m)[22m

    Expected: >= [32m2[39m
    Received:    [31m0[39m

    Call Log:
    - Timeout 5000ms exceeded while waiting on the predicate

      43 |  await page.evaluate(async()=>{const p='/src/infrastructure/storage/database.ts',m=await import(p),db=await m.openStudioDb();try{await m.transact(db,['assets','blobs'],'readwrite',async(tx:IDBTransaction)=>{const assets=await m.requestResult(tx.objectStore('assets').getAll()),asset=assets.find((row:{title:string})=>row.title==='声音220.wav');tx.objectStore('blobs').put({id:asset.blobKey,blob:new Blob([new Uint8Array([0])],{type:'audio/wav'})});});}finally{db.close();}});
      44 |  await page.reload();await page.getByRole('button',{name:'详情 声音220.wav',exact:true}).click();const inspector=page.getByRole('complementary',{name:'素材详情',exact:true});await expect(inspector.getByRole('alert')).toHaveText('媒体无法解码，请在详情下载原文件。');await expect(inspector.getByRole('button',{name:'播放 声音220.wav',exact:true})).toBeDisabled();const before=await stored(page),bytes=await page.evaluate(async()=>{const p='/tests/fixtures/asset-library.ts';return Array.from(new Uint8Array(await (await import(p)).wave(220).arrayBuffer()));});
    > 45 |  await inspector.getByLabel('重新关联文件',{exact:true}).setInputFiles({name:'声音220.wav',mimeType:'audio/wav',buffer:Buffer.from(bytes)});await expect(inspector.getByRole('status').filter({hasText:'相同内容已恢复，原素材身份与来源保留。'})).toBeVisible();await expect.poll(()=>inspector.locator('audio').evaluate(element=>element instanceof HTMLMediaElement?element.readyState:0)).toBeGreaterThanOrEqual(2);await expect(inspector.getByRole('alert')).toHaveCount(0);await expect(inspector.getByRole('button',{name:'播放 声音220.wav',exact:true})).toBeEnabled();await expect(inspector.getByLabel('声音220.wav 播放进度',{exact:true})).toBeEnabled();await inspector.getByRole('button',{name:'播放 声音220.wav',exact:true}).click();await expect.poll(()=>inspector.locator('audio').evaluate(element=>element instanceof HTMLMediaElement?element.paused:true)).toBe(false);
         |                                                                                                                                                                                                                                       ^
      46 |  const after=await stored(page);expect(after.assets).toEqual(before.assets);expect(after.graph).toEqual(before.graph);expect(after.runs).toEqual(before.runs);expect(after.blobs.find((row:{id:string})=>row.id===before.assets.find((a:{title:string})=>a.title==='声音220.wav').blobKey).bytes).toBe(bytes.length);expect(networkCounter.paidRequests).toHaveLength(0);
      47 | });
      48 |
        at E:\trae-studio\TRAEWORK\aiwork-studio\tests\e2e\native-media-state-contracts.spec.ts:45:231

    Error Context: test-results\native-media-state-contrac-a6be9-its-explicit-local-playback\error-context.md

    attachment #2: trace (application/zip) ─────────────────────────────────────────────────────────
    test-results\native-media-state-contrac-a6be9-its-explicit-local-playback\trace.zip
    Usage:

        npx playwright show-trace test-results\native-media-state-contrac-a6be9-its-explicit-local-playback\trace.zip

    ────────────────────────────────────────────────────────────────────────────────────────────────

  1 failed
    tests\e2e\native-media-state-contracts.spec.ts:42:1 › T44 M04/M06/M10 same-hash native file restoration clears the old decoder failure and permits explicit local playback 
