[WebServer] (node:28724) Warning: The 'NO_COLOR' env is ignored due to the 'FORCE_COLOR' env being set.
[WebServer] (Use `node --trace-warnings ...` to show where the warning was created)

Running 13 tests using 1 worker

(node:2704) Warning: The 'NO_COLOR' env is ignored due to the 'FORCE_COLOR' env being set.
(Use `node --trace-warnings ...` to show where the warning was created)
(node:2704) Warning: The 'NO_COLOR' env is ignored due to the 'FORCE_COLOR' env being set.
(Use `node --trace-warnings ...` to show where the warning was created)
  ok  1 tests\e2e\asset-library.spec.ts:2:1 › T16 different content confirmation creates a new asset and retains original graph and source (2.3s)
  ok  2 tests\e2e\asset-library.spec.ts:3:1 › T16 input replacement previews downstream then changes draft binding with historical Run unchanged (2.1s)
  ok  3 tests\e2e\asset-library.spec.ts:4:1 › T16 player cleanup: hiding active media pauses the detached element and releases its object URL (1.2s)
  ok  4 tests\e2e\asset-library.spec.ts:5:1 › T16 tags and metadata: shared limits reject invalid tags and stale undo instead of overwriting (1.4s)
  ok  5 tests\e2e\asset-library.spec.ts:6:1 › T16 canvas files: native file paste saves blob, identity and node together; quota rollback keeps original state (2.0s)
  ok  6 tests\e2e\asset-library.spec.ts:7:1 › T16 readonly target: insert is blocked by another writer without creating nodes or media (1.3s)
  ok  7 tests\e2e\asset-library.spec.ts:10:1 › T16-C01/C02: native audio is initially muted without autoplay and only one player stays active (1.4s)
  ok  8 tests\e2e\asset-library.spec.ts:11:1 › T16-C05: filtering, selection, view switch and reference navigation are keyboard accessible (1.4s)
  ok  9 tests\e2e\asset-library.spec.ts:12:1 › T16-C03: same hash restores original identity; same filename with different content does not replace silently (2.6s)
  ok 10 tests\e2e\asset-library.spec.ts:13:1 › T16-M07: metadata saves and undo keeps content hash and synchronizes canvas display (1.4s)
  ok 11 tests\e2e\asset-library.spec.ts:14:1 › T16-M03/M08: image fit/original preview and insertion only adds an asset node (1.3s)
  x  12 tests\e2e\native-media-state-contracts.spec.ts:7:1 › T44 M04/M06 actual native decoder failure disables playback and seek without changing original identity or graph (1.9s)
(node:29080) Warning: The 'NO_COLOR' env is ignored due to the 'FORCE_COLOR' env being set.
(Use `node --trace-warnings ...` to show where the warning was created)
(node:29080) Warning: The 'NO_COLOR' env is ignored due to the 'FORCE_COLOR' env being set.
(Use `node --trace-warnings ...` to show where the warning was created)
  x  13 tests\e2e\native-media-state-contracts.spec.ts:18:1 › T44 M05 actual native mute and volume survive SPA navigation only and do not enter creative storage (2.0s)


  1) tests\e2e\native-media-state-contracts.spec.ts:7:1 › T44 M04/M06 actual native decoder failure disables playback and seek without changing original identity or graph 

    Error: [2mexpect([22m[31mreceived[39m[2m).[22mtoBe[2m([22m[32mexpected[39m[2m) // Object.is equality[22m

    Expected: [32m0[39m
    Received: [31mundefined[39m

      13 |  await expect(card.getByRole('button',{name:'播放 声音220.wav',exact:true})).toBeDisabled();
      14 |  await expect(card.getByLabel('声音220.wav 播放进度',{exact:true})).toBeDisabled();
    > 15 |  expect(await stored(page)).toEqual(before);expect(networkCounter.paidRequests).toHaveLength(0);expect(networkCounter.coreWrites).toBe(0);
         |                                                                                                                                   ^
      16 | });
      17 |
      18 | test('T44 M05 actual native mute and volume survive SPA navigation only and do not enter creative storage',async({page,networkCounter})=>{
        at E:\trae-studio\TRAEWORK\aiwork-studio\tests\e2e\native-media-state-contracts.spec.ts:15:131

    Error Context: test-results\native-media-state-contrac-76862--original-identity-or-graph\error-context.md

    attachment #2: trace (application/zip) ─────────────────────────────────────────────────────────
    test-results\native-media-state-contrac-76862--original-identity-or-graph\trace.zip
    Usage:

        npx playwright show-trace test-results\native-media-state-contrac-76862--original-identity-or-graph\trace.zip

    ────────────────────────────────────────────────────────────────────────────────────────────────

  2) tests\e2e\native-media-state-contracts.spec.ts:18:1 › T44 M05 actual native mute and volume survive SPA navigation only and do not enter creative storage 

    Error: [2mexpect([22m[31mreceived[39m[2m).[22mtoBe[2m([22m[32mexpected[39m[2m) // Object.is equality[22m

    Expected: [32m0[39m
    Received: [31mundefined[39m

      23 |  await expect.poll(()=>card.locator('audio').evaluate(element=>element instanceof HTMLMediaElement?{muted:element.muted,volume:element.volume}:null)).toEqual({muted:false,volume:0.4});expect(await stored(page)).toEqual(before);
      24 |  await page.reload();await expect.poll(()=>card.locator('audio').evaluate(element=>element instanceof HTMLMediaElement?{muted:element.muted,volume:element.volume}:null)).toEqual({muted:true,volume:1});
    > 25 |  expect(await stored(page)).toEqual(before);expect(networkCounter.paidRequests).toHaveLength(0);expect(networkCounter.coreWrites).toBe(0);
         |                                                                                                                                   ^
      26 | });
      27 |
        at E:\trae-studio\TRAEWORK\aiwork-studio\tests\e2e\native-media-state-contracts.spec.ts:25:131

    Error Context: test-results\native-media-state-contrac-88ffe--not-enter-creative-storage\error-context.md

    attachment #2: trace (application/zip) ─────────────────────────────────────────────────────────
    test-results\native-media-state-contrac-88ffe--not-enter-creative-storage\trace.zip
    Usage:

        npx playwright show-trace test-results\native-media-state-contrac-88ffe--not-enter-creative-storage\trace.zip

    ────────────────────────────────────────────────────────────────────────────────────────────────

  2 failed
    tests\e2e\native-media-state-contracts.spec.ts:7:1 › T44 M04/M06 actual native decoder failure disables playback and seek without changing original identity or graph 
    tests\e2e\native-media-state-contracts.spec.ts:18:1 › T44 M05 actual native mute and volume survive SPA navigation only and do not enter creative storage 
  11 passed (27.0s)
