[WebServer] (node:21352) Warning: The 'NO_COLOR' env is ignored due to the 'FORCE_COLOR' env being set.
[WebServer] (Use `node --trace-warnings ...` to show where the warning was created)

Running 19 tests using 1 worker

(node:23220) Warning: The 'NO_COLOR' env is ignored due to the 'FORCE_COLOR' env being set.
(Use `node --trace-warnings ...` to show where the warning was created)
(node:23220) Warning: The 'NO_COLOR' env is ignored due to the 'FORCE_COLOR' env being set.
(Use `node --trace-warnings ...` to show where the warning was created)
  ok  1 tests\e2e\capability-detail-contracts.spec.ts:3:1 › T44 B03 native verification evidence read failure is explicit and cannot erase saved capabilities or task records (1.3s)
  ok  2 tests\e2e\capability-detail-contracts.spec.ts:6:1 › T44 B03 readable capability details show the actual evidence and verification time, preserve native data and remain unknown after authorization is cleared (1.2s)
  ok  3 tests\e2e\capability-detail-contracts.spec.ts:7:1 › T44 B01/B02/B06 actual reviewed defaults persist for future drafts; denied browser preference storage is explicit and source data is preserved (1.2s)
  ok  4 tests\e2e\capability-detail-contracts.spec.ts:8:1 › T44 B05 original model GET failure marks its catalog stale, keeps reviewed defaults and never submits a generation (1.2s)
  ok  5 tests\e2e\capability-detail-contracts.spec.ts:10:1 › T44 B02 denied video-model preference save reports the failure and preserves the last native settings and original project (1.1s)
  ok  6 tests\e2e\capability-detail-contracts.spec.ts:11:1 › T44 B06 denied video-spec preference save reports the failure and preserves the last native settings and original project (1.2s)
  ok  7 tests\e2e\capability-detail-contracts.spec.ts:12:1 › T44 B04 denied gated-capability display preference save reports the failure and preserves original data without enabling execution (1.1s)
  ok  8 tests\e2e\local-preference-faults.spec.ts:5:1 › T44 S01-S04/S06 each actual preference save denial keeps the native preferences and creative data while preserving usable session display (1.8s)
  ok  9 tests\e2e\local-preference-faults.spec.ts:7:1 › T44 W01 local onboarding persists its acknowledgment, then remains navigable when that optional native flag is denied without changing any project (1.5s)
  ok 10 tests\e2e\local-preference-faults.spec.ts:8:1 › T44 W06 creating from onboarding only opens the local project form, preserves its acknowledgment and remains usable when saving that optional flag is denied (1.6s)
  ok 11 tests\e2e\welcome-connection.spec.ts:2:1 › T44 W02-W05 welcome reuses registered connection verification: address persists, Key stays in this tab, only explicit health/model GET (1.3s)
(node:12228) Warning: The 'NO_COLOR' env is ignored due to the 'FORCE_COLOR' env being set.
(Use `node --trace-warnings ...` to show where the warning was created)
(node:12228) Warning: The 'NO_COLOR' env is ignored due to the 'FORCE_COLOR' env being set.
(Use `node --trace-warnings ...` to show where the warning was created)
  ok 12 tests\e2e\storage-settings.spec.ts:6:1 › T37 system theme follows the actual browser preference and topbar action stays accurate (2.8s)
  ok 13 tests\e2e\storage-settings.spec.ts:7:1 › T37-C03/C04: unavailable capacity stays unknown and denied persistence still permits actual backup access (2.6s)
  ok 14 tests\e2e\storage-settings.spec.ts:8:1 › T37-C05: clearing only rebuildable thumbnails never deletes a uniquely stored original, task, project or immutable history (2.7s)
  ok 15 tests\e2e\storage-settings.spec.ts:9:1 › T37-C06: system/light theme, density and reset apply without deleting creative data or shrinking approved typography (2.8s)
  ok 16 tests\e2e\storage-settings.spec.ts:10:1 › T37-C01: explicit address save never registers an arbitrary proxy target or persists the ordinary Key; address edit creates new identity (2.6s)
  ok 17 tests\e2e\storage-settings.spec.ts:11:1 › T37-C02: obsolete saved default model stays visible as invalid; no silent replacement or billable probe (2.5s)
  ok 18 tests\e2e\storage-settings.spec.ts:12:1 › T37/D09/D10 actual settings export, selective import and undo exclude secrets, restore preferences and never authorize a connection (2.8s)
  ok 19 tests\e2e\storage-settings.spec.ts:13:1 › T37 actual registered readonly GETs, lost model default stays fixed, old binding can restore, memory Key never reaches persisted records (3.5s)

  19 passed (41.9s)
