[WebServer] (node:23116) Warning: The 'NO_COLOR' env is ignored due to the 'FORCE_COLOR' env being set.
[WebServer] (Use `node --trace-warnings ...` to show where the warning was created)

Running 16 tests using 1 worker

(node:18596) Warning: The 'NO_COLOR' env is ignored due to the 'FORCE_COLOR' env being set.
(Use `node --trace-warnings ...` to show where the warning was created)
(node:18596) Warning: The 'NO_COLOR' env is ignored due to the 'FORCE_COLOR' env being set.
(Use `node --trace-warnings ...` to show where the warning was created)
  ok  1 tests\e2e\asset-library.spec.ts:2:1 › T16 different content confirmation creates a new asset and retains original graph and source (2.3s)
  ok  2 tests\e2e\asset-library.spec.ts:3:1 › T16 input replacement previews downstream then changes draft binding with historical Run unchanged (2.0s)
  ok  3 tests\e2e\asset-library.spec.ts:4:1 › T16 player cleanup: hiding active media pauses the detached element and releases its object URL (1.2s)
  ok  4 tests\e2e\asset-library.spec.ts:5:1 › T16 tags and metadata: shared limits reject invalid tags and stale undo instead of overwriting (1.4s)
  ok  5 tests\e2e\asset-library.spec.ts:6:1 › T16 canvas files: native file paste saves blob, identity and node together; quota rollback keeps original state (2.0s)
  ok  6 tests\e2e\asset-library.spec.ts:7:1 › T16 readonly target: insert is blocked by another writer without creating nodes or media (1.3s)
  ok  7 tests\e2e\asset-library.spec.ts:10:1 › T16-C01/C02: native audio is initially muted without autoplay and only one player stays active (1.3s)
  ok  8 tests\e2e\asset-library.spec.ts:11:1 › T16-C05: filtering, selection, view switch and reference navigation are keyboard accessible (1.4s)
  ok  9 tests\e2e\asset-library.spec.ts:12:1 › T16-C03: same hash restores original identity; same filename with different content does not replace silently (2.6s)
  ok 10 tests\e2e\asset-library.spec.ts:13:1 › T16-M07: metadata saves and undo keeps content hash and synchronizes canvas display (1.4s)
  ok 11 tests\e2e\asset-library.spec.ts:14:1 › T16-M03/M08: image fit/original preview and insertion only adds an asset node (1.4s)
  ok 12 tests\e2e\native-media-state-contracts.spec.ts:9:1 › T44 M04/M06 actual native decoder failure disables playback and seek without changing original identity or graph (1.8s)
  ok 13 tests\e2e\native-media-state-contracts.spec.ts:21:1 › T44 M03 actual image Blob read failure keeps preview dismissible and permits an explicit reopening retry (1.3s)
  ok 14 tests\e2e\native-media-state-contracts.spec.ts:26:1 › T44 M11 actual original download read failure reports download error and retries only the same local bytes (1.4s)
  ok 15 tests\e2e\native-media-state-contracts.spec.ts:32:1 › T44 M05 actual native mute and volume survive SPA navigation only and do not enter creative storage (1.8s)
  ok 16 tests\e2e\native-media-state-contracts.spec.ts:42:1 › T44 M04/M06/M10 same-hash native file restoration clears the old decoder failure and permits explicit local playback (2.5s)

  16 passed (30.3s)
