[WebServer] (node:25044) Warning: The 'NO_COLOR' env is ignored due to the 'FORCE_COLOR' env being set.
[WebServer] (Use `node --trace-warnings ...` to show where the warning was created)

Running 36 tests using 1 worker

(node:29120) Warning: The 'NO_COLOR' env is ignored due to the 'FORCE_COLOR' env being set.
(Use `node --trace-warnings ...` to show where the warning was created)
(node:29120) Warning: The 'NO_COLOR' env is ignored due to the 'FORCE_COLOR' env being set.
(Use `node --trace-warnings ...` to show where the warning was created)
  ok  1 tests\e2e\asset-library.spec.ts:2:1 › T16 different content confirmation creates a new asset and retains original graph and source (2.3s)
  ok  2 tests\e2e\asset-library.spec.ts:3:1 › T16 input replacement previews downstream then changes draft binding with historical Run unchanged (2.0s)
  ok  3 tests\e2e\asset-library.spec.ts:4:1 › T16 player cleanup: hiding active media pauses the detached element and releases its object URL (1.3s)
  ok  4 tests\e2e\asset-library.spec.ts:5:1 › T16 tags and metadata: shared limits reject invalid tags and stale undo instead of overwriting (1.4s)
  ok  5 tests\e2e\asset-library.spec.ts:6:1 › T16 canvas files: native file paste saves blob, identity and node together; quota rollback keeps original state (2.0s)
  ok  6 tests\e2e\asset-library.spec.ts:7:1 › T16 readonly target: insert is blocked by another writer without creating nodes or media (1.3s)
  ok  7 tests\e2e\asset-library.spec.ts:10:1 › T16-C01/C02: native audio is initially muted without autoplay and only one player stays active (1.3s)
  ok  8 tests\e2e\asset-library.spec.ts:11:1 › T16-C05: filtering, selection, view switch and reference navigation are keyboard accessible (1.3s)
  ok  9 tests\e2e\asset-library.spec.ts:12:1 › T16-C03: same hash restores original identity; same filename with different content does not replace silently (2.6s)
  ok 10 tests\e2e\asset-library.spec.ts:13:1 › T16-M07: metadata saves and undo keeps content hash and synchronizes canvas display (1.4s)
  ok 11 tests\e2e\asset-library.spec.ts:14:1 › T16-M03/M08: image fit/original preview and insertion only adds an asset node (1.4s)
  ok 12 tests\e2e\dialog-busy-contracts.spec.ts:3:1 › T44 T01/C10/C15/C16/V07/V08 native text commit acknowledgement blocks creative and run controls without granting a generation (1.7s)
  ok 13 tests\e2e\dialog-busy-contracts.spec.ts:4:1 › T44 G08/F02 actual committed native takeover stays pending until its acknowledgement, closing is disabled and the original graph is never changed (1.3s)
  ok 14 tests\e2e\dialog-busy-contracts.spec.ts:5:1 › T44 D03 actual immediate save native quota retains latest editable text, original graph and Run without pretending persistence succeeded (1.3s)
  ok 15 tests\e2e\project-busy-contracts.spec.ts:2:1 › T44 P06/P07/P08/P10/P11 native project metadata commit waiting for its actual acknowledgment disables further metadata and batch actions (1.2s)
  ok 16 tests\e2e\prompt-library.spec.ts:2:1 › T17 P05: prompt details use the source-preserving right inspector and category navigation stays keyboard reachable (1.2s)
  ok 17 tests\e2e\prompt-library.spec.ts:3:1 › T17 delete impact: source-attributed inserted copies are counted and survive library soft deletion (1.2s)
  ok 18 tests\e2e\prompt-library.spec.ts:4:1 › T17 L09: apply requires old/new diff and refuses a stale project revision (1.2s)
  ok 19 tests\e2e\prompt-library.spec.ts:5:1 › T17 import boundaries: unknown credential fields fail without writes; literal HTML remains inert in preview (1.1s)
  ok 20 tests\e2e\prompt-library.spec.ts:6:1 › T17 nested navigation: closing a prompt editor preserves the canvas invalid-draft leave guard (1.7s)
  ok 21 tests\e2e\prompt-library.spec.ts:7:1 › T17 source preferences: disable survives refresh and removing source cache preserves user entries (1.6s)
  ok 22 tests\e2e\prompt-library.spec.ts:8:1 › T17 editor: cancel asks to discard and clipboard denial retains filled final text without reading OS clipboard (1.3s)
  ok 23 tests\e2e\prompt-library.spec.ts:11:1 › T17-C01/C02/C05: required variables gate final copy and insertion only creates a source-attributed text node (1.2s)
  ok 24 tests\e2e\prompt-library.spec.ts:12:1 › T17-C04: create validates tag lengths/count and persists only after explicit save (1.7s)
  ok 25 tests\e2e\prompt-library.spec.ts:13:1 › T17-C03/C05: JSON import previews and saves same-name entry under a new identity while retaining source (1.1s)
  ok 26 tests\e2e\prompt-library.spec.ts:14:1 › T17-C06/L05: local debounced search and source management do not automatically load remote sources (1.5s)
  ok 27 tests\e2e\prompt-library.spec.ts:15:1 › T17 L02/L03/L04: favorite, versioned edit, soft-delete and restore retain inserted data (1.3s)
  ok 28 tests\e2e\prompt-library.spec.ts:16:1 › T17 T05: canvas save-to-library captures current local text without clearing unsaved canvas status or generating (1.6s)
(node:8148) Warning: The 'NO_COLOR' env is ignored due to the 'FORCE_COLOR' env being set.
(Use `node --trace-warnings ...` to show where the warning was created)
(node:8148) Warning: The 'NO_COLOR' env is ignored due to the 'FORCE_COLOR' env being set.
(Use `node --trace-warnings ...` to show where the warning was created)
  ok 29 tests\e2e\task-center.spec.ts:5:1 › T34-C01/C02: local video and text records and independent filters, no full-Core claim or request on filtering (1.4s)
  ok 30 tests\e2e\task-center.spec.ts:6:1 › T34 details: four dimensions, original IDs and deleted-node history, Escape restores focus (1.3s)
  ok 31 tests\e2e\task-center.spec.ts:7:1 › T34-C03/C05: selected refresh groups original bindings, skips other Key and unknown submission, exactly one original GET and no paid retry (1.4s)
  ok 32 tests\e2e\task-center.spec.ts:8:1 › T34-C06: local completed archive hides presentation but never removes Run or unknown history (1.2s)
  ok 33 tests\e2e\task-center.spec.ts:9:1 › T34 CSV: actual native export prevents title formula injection and omits request body and ordinary Key (1.3s)
  ok 34 tests\e2e\task-center.spec.ts:10:1 › T34 drawer: same persisted records limited to project, no duplicate records or paid operation after opening and refresh (2.3s)
  ok 35 tests\e2e\task-center.spec.ts:11:1 › T34: original-bound ongoing task keeps polling after project archive and UI kind filtering, zero new POST (8.0s)
  ok 36 tests\e2e\task-center.spec.ts:12:1 › T34 unknown recovery: no invented task identity or replay, nested dialog Escape returns to the original row (1.2s)

  36 passed (1.1m)
