warning: in the working copy of 'docs/review/EXECUTION_PROGRESS.md', LF will be replaced by CRLF the next time Git touches it
warning: in the working copy of 'docs/review/IMPLEMENTATION_STATUS.json', LF will be replaced by CRLF the next time Git touches it
warning: in the working copy of 'docs/review/coverage-report.json', LF will be replaced by CRLF the next time Git touches it
warning: in the working copy of 'docs/review/evidence/T44.json', LF will be replaced by CRLF the next time Git touches it
warning: in the working copy of 'docs/review/interaction-map.json', LF will be replaced by CRLF the next time Git touches it
warning: in the working copy of 'docs/review/logs/T44-regression-screenshots.json', LF will be replaced by CRLF the next time Git touches it
warning: in the working copy of 'src/app/App.tsx', LF will be replaced by CRLF the next time Git touches it
warning: in the working copy of 'src/features/canvas/CanvasPage.tsx', LF will be replaced by CRLF the next time Git touches it
warning: in the working copy of 'src/features/packages/PackagePage.tsx', LF will be replaced by CRLF the next time Git touches it
warning: in the working copy of 'src/features/prompt-generation/PromptForm.tsx', LF will be replaced by CRLF the next time Git touches it
warning: in the working copy of 'src/features/settings/CapabilitySettings.tsx', LF will be replaced by CRLF the next time Git touches it
warning: in the working copy of 'src/features/settings/ConnectionSettings.tsx', LF will be replaced by CRLF the next time Git touches it
warning: in the working copy of 'tests/e2e/prompt-field-contracts.spec.ts', LF will be replaced by CRLF the next time Git touches it
warning: in the working copy of 'docs/review/logs/T44-candidate-results.json', LF will be replaced by CRLF the next time Git touches it
warning: in the working copy of 'docs/review/logs/T44-capability-controls-final-results.json', LF will be replaced by CRLF the next time Git touches it
warning: in the working copy of 'docs/review/logs/T44-capability-details-green-results.json', LF will be replaced by CRLF the next time Git touches it
warning: in the working copy of 'docs/review/logs/T44-capability-details-red-results.json', LF will be replaced by CRLF the next time Git touches it
warning: in the working copy of 'docs/review/logs/T44-connection-project-results.json', LF will be replaced by CRLF the next time Git touches it
warning: in the working copy of 'docs/review/logs/T44-connection-select-green-results.json', LF will be replaced by CRLF the next time Git touches it
warning: in the working copy of 'docs/review/logs/T44-connection-select-red-results.json', LF will be replaced by CRLF the next time Git touches it
warning: in the working copy of 'docs/review/logs/T44-import-agent-menu-green-results.json', LF will be replaced by CRLF the next time Git touches it
warning: in the working copy of 'docs/review/logs/T44-import-agent-menu-results.json', LF will be replaced by CRLF the next time Git touches it
warning: in the working copy of 'docs/review/logs/T44-import-report-red-results.json', LF will be replaced by CRLF the next time Git touches it
warning: in the working copy of 'docs/review/logs/T44-native-ack-final-results.json', LF will be replaced by CRLF the next time Git touches it
warning: in the working copy of 'docs/review/logs/T44-native-ack-results.json', LF will be replaced by CRLF the next time Git touches it
warning: in the working copy of 'docs/review/logs/T44-native-paste-diagnostic-results.json', LF will be replaced by CRLF the next time Git touches it
warning: in the working copy of 'docs/review/logs/T44-native-paste-focus-green-results.json', LF will be replaced by CRLF the next time Git touches it
warning: in the working copy of 'docs/review/logs/T44-native-paste-position-results.json', LF will be replaced by CRLF the next time Git touches it
warning: in the working copy of 'docs/review/logs/T44-native-paste-results.json', LF will be replaced by CRLF the next time Git touches it
warning: in the working copy of 'docs/review/logs/T44-navigation-storage-red-results.json', LF will be replaced by CRLF the next time Git touches it
warning: in the working copy of 'docs/review/logs/T44-navigation-view-final-results.json', LF will be replaced by CRLF the next time Git touches it
warning: in the working copy of 'docs/review/logs/T44-navigation-view-green-results.json', LF will be replaced by CRLF the next time Git touches it
warning: in the working copy of 'docs/review/logs/T44-paste-agent-final-results.json', LF will be replaced by CRLF the next time Git touches it
warning: in the working copy of 'docs/review/logs/T44-project-write-final-results.json', LF will be replaced by CRLF the next time Git touches it
warning: in the working copy of 'docs/review/logs/T44-reference-note-green-results.json', LF will be replaced by CRLF the next time Git touches it
warning: in the working copy of 'docs/review/logs/T44-reference-note-red-results.json', LF will be replaced by CRLF the next time Git touches it
warning: in the working copy of 'docs/review/logs/T44-review-actions-green-results.json', LF will be replaced by CRLF the next time Git touches it
warning: in the working copy of 'docs/review/logs/T44-review-actions-results.json', LF will be replaced by CRLF the next time Git touches it
warning: in the working copy of 'docs/review/logs/T44-run-menu-results.json', LF will be replaced by CRLF the next time Git touches it
warning: in the working copy of 'docs/review/logs/T44-state-full-results.json', LF will be replaced by CRLF the next time Git touches it
warning: in the working copy of 'docs/review/logs/T44-takeover-contracts-final-results.json', LF will be replaced by CRLF the next time Git touches it
warning: in the working copy of 'docs/review/logs/T44-takeover-green-fixed-results.json', LF will be replaced by CRLF the next time Git touches it
warning: in the working copy of 'docs/review/logs/T44-takeover-red-results.json', LF will be replaced by CRLF the next time Git touches it
warning: in the working copy of 'docs/review/logs/T44-video-spec-results.json', LF will be replaced by CRLF the next time Git touches it
warning: in the working copy of 'docs/review/state-applicability.json', LF will be replaced by CRLF the next time Git touches it
warning: in the working copy of 'src/features/settings/CapabilityEvidence.tsx', LF will be replaced by CRLF the next time Git touches it
warning: in the working copy of 'tests/e2e/agent-bulk-contracts.spec.ts', LF will be replaced by CRLF the next time Git touches it
warning: in the working copy of 'tests/e2e/canvas-native-paste-contracts.spec.ts', LF will be replaced by CRLF the next time Git touches it
warning: in the working copy of 'tests/e2e/canvas-run-menu-contracts.spec.ts', LF will be replaced by CRLF the next time Git touches it
warning: in the working copy of 'tests/e2e/capability-detail-contracts.spec.ts', LF will be replaced by CRLF the next time Git touches it
warning: in the working copy of 'tests/e2e/connection-busy-contracts.spec.ts', LF will be replaced by CRLF the next time Git touches it
warning: in the working copy of 'tests/e2e/connection-selection-contracts.spec.ts', LF will be replaced by CRLF the next time Git touches it
warning: in the working copy of 'tests/e2e/dialog-busy-contracts.spec.ts', LF will be replaced by CRLF the next time Git touches it
warning: in the working copy of 'tests/e2e/help-navigation-contracts.spec.ts', LF will be replaced by CRLF the next time Git touches it
warning: in the working copy of 'tests/e2e/import-report-contracts.spec.ts', LF will be replaced by CRLF the next time Git touches it
warning: in the working copy of 'tests/e2e/navigation-storage-faults.spec.ts', LF will be replaced by CRLF the next time Git touches it
warning: in the working copy of 'tests/e2e/project-write-contracts.spec.ts', LF will be replaced by CRLF the next time Git touches it
warning: in the working copy of 'tests/e2e/prompt-candidate-contracts.spec.ts', LF will be replaced by CRLF the next time Git touches it
warning: in the working copy of 'tests/e2e/review-action-contracts.spec.ts', LF will be replaced by CRLF the next time Git touches it
warning: in the working copy of 'tests/e2e/task-detail-contracts.spec.ts', LF will be replaced by CRLF the next time Git touches it
warning: in the working copy of 'tests/e2e/video-spec-contracts.spec.ts', LF will be replaced by CRLF the next time Git touches it
warning: in the working copy of 'tests/e2e/viewport-preference-faults.spec.ts', LF will be replaced by CRLF the next time Git touches it
warning: in the working copy of 'tests/e2e/writer-takeover-contracts.spec.ts', LF will be replaced by CRLF the next time Git touches it
warning: in the working copy of 'tests/helpers/native-commit-hold.ts', LF will be replaced by CRLF the next time Git touches it
