[WebServer] (node:25064) Warning: The 'NO_COLOR' env is ignored due to the 'FORCE_COLOR' env being set.
[WebServer] (Use `node --trace-warnings ...` to show where the warning was created)

Running 5 tests using 1 worker

(node:27044) Warning: The 'NO_COLOR' env is ignored due to the 'FORCE_COLOR' env being set.
(Use `node --trace-warnings ...` to show where the warning was created)
(node:27044) Warning: The 'NO_COLOR' env is ignored due to the 'FORCE_COLOR' env being set.
(Use `node --trace-warnings ...` to show where the warning was created)
  x  1 tests\e2e\conditional-interaction-contracts.spec.ts:8:25 › T44 X-01 conditional media interaction remains absent and its actual explanation cannot authorize a business request (901ms)
(node:29236) Warning: The 'NO_COLOR' env is ignored due to the 'FORCE_COLOR' env being set.
(Use `node --trace-warnings ...` to show where the warning was created)
(node:29236) Warning: The 'NO_COLOR' env is ignored due to the 'FORCE_COLOR' env being set.
(Use `node --trace-warnings ...` to show where the warning was created)
  x  2 tests\e2e\conditional-interaction-contracts.spec.ts:8:25 › T44 X-02 conditional media interaction remains absent and its actual explanation cannot authorize a business request (922ms)
(node:29544) Warning: The 'NO_COLOR' env is ignored due to the 'FORCE_COLOR' env being set.
(Use `node --trace-warnings ...` to show where the warning was created)
(node:29544) Warning: The 'NO_COLOR' env is ignored due to the 'FORCE_COLOR' env being set.
(Use `node --trace-warnings ...` to show where the warning was created)
  x  3 tests\e2e\conditional-interaction-contracts.spec.ts:8:25 › T44 X-03 conditional media interaction remains absent and its actual explanation cannot authorize a business request (952ms)
(node:22516) Warning: The 'NO_COLOR' env is ignored due to the 'FORCE_COLOR' env being set.
(Use `node --trace-warnings ...` to show where the warning was created)
(node:22516) Warning: The 'NO_COLOR' env is ignored due to the 'FORCE_COLOR' env being set.
(Use `node --trace-warnings ...` to show where the warning was created)
  x  4 tests\e2e\conditional-interaction-contracts.spec.ts:8:25 › T44 X-04 conditional media interaction remains absent and its actual explanation cannot authorize a business request (931ms)
(node:27412) Warning: The 'NO_COLOR' env is ignored due to the 'FORCE_COLOR' env being set.
(Use `node --trace-warnings ...` to show where the warning was created)
(node:27412) Warning: The 'NO_COLOR' env is ignored due to the 'FORCE_COLOR' env being set.
(Use `node --trace-warnings ...` to show where the warning was created)
  x  5 tests\e2e\conditional-interaction-contracts.spec.ts:11:1 › T44 Y01/Y02/Y03/Y04/Y05 unverified WebDAV has an inspectable local explanation and no endpoint, sync, upload, restore or schedule controls (900ms)


  1) tests\e2e\conditional-interaction-contracts.spec.ts:8:25 › T44 X-01 conditional media interaction remains absent and its actual explanation cannot authorize a business request 

    Error: [2mexpect([22m[31mreceived[39m[2m).[22mtoHaveLength[2m([22m[32mexpected[39m[2m)[22m

    Expected length: [32m0[39m
    Received length: [31m1[39m
    Received array:  [31m[{"blocked": false, "method": "WS", "url": "ws://127.0.0.1:4179/?token=4b9N28pvZ6TY"}][39m

       7 | ];
       8 | for(const gate of media)test('T44 '+gate.id+' conditional media interaction remains absent and its actual explanation cannot authorize a business request',async({page,networkCounter})=>{
    >  9 |  await page.goto('/settings/capabilities');await page.getByLabel('显示未开放能力说明',{exact:true}).check();await page.getByRole('button',{name:'查看'+gate.title+'开放条件',exact:true}).click();const dialog=page.getByRole('dialog',{name:gate.title+'开放条件',exact:true});await expect(dialog).toContainText('条件未满足');await expect(dialog).toContainText('普通用户');for(const name of gate.absent)await expect(page.getByRole('button',{name,exact:true})).toHaveCount(0);await dialog.getByRole('button',{name:'关闭说明',exact:true}).click();await expect(dialog).not.toBeVisible();expect(networkCounter.requests.filter(r=>!['GET','HEAD'].includes(r.method))).toHaveLength(0);expect(networkCounter.paidRequests).toHaveLength(0);
         |                                                                                                                                                                                                                                                                                                                                                                                                                                                                                                                                                                                                                                                  ^
      10 | });
      11 | test('T44 Y01/Y02/Y03/Y04/Y05 unverified WebDAV has an inspectable local explanation and no endpoint, sync, upload, restore or schedule controls',async({page,networkCounter})=>{
      12 |  await page.goto('/settings/backup');await page.getByRole('button',{name:'查看WebDAV 版本化备份开放条件',exact:true}).click();const dialog=page.getByRole('dialog',{name:'WebDAV 版本化备份开放条件',exact:true});await expect(dialog).toContainText('固定授权端点');await expect(dialog).toContainText('冲突另存');await expect(dialog).toContainText('失败保留本地项目');for(const name of ['测试备份连接','同步备份','上传备份','恢复远端备份','设置自动备份','手动上传WebDAV'])await expect(page.getByRole('button',{name,exact:true})).toHaveCount(0);await expect(page.getByRole('textbox')).toHaveCount(0);await dialog.getByRole('button',{name:'关闭说明',exact:true}).click();expect(networkCounter.requests.filter(r=>!['GET','HEAD'].includes(r.method))).toHaveLength(0);expect(networkCounter.paidRequests).toHaveLength(0);
        at E:\trae-studio\TRAEWORK\aiwork-studio\tests\e2e\conditional-interaction-contracts.spec.ts:9:626

    Error Context: test-results\conditional-interaction-co-0335b-uthorize-a-business-request\error-context.md

    attachment #2: trace (application/zip) ─────────────────────────────────────────────────────────
    test-results\conditional-interaction-co-0335b-uthorize-a-business-request\trace.zip
    Usage:

        npx playwright show-trace test-results\conditional-interaction-co-0335b-uthorize-a-business-request\trace.zip

    ────────────────────────────────────────────────────────────────────────────────────────────────

  2) tests\e2e\conditional-interaction-contracts.spec.ts:8:25 › T44 X-02 conditional media interaction remains absent and its actual explanation cannot authorize a business request 

    Error: [2mexpect([22m[31mreceived[39m[2m).[22mtoHaveLength[2m([22m[32mexpected[39m[2m)[22m

    Expected length: [32m0[39m
    Received length: [31m1[39m
    Received array:  [31m[{"blocked": false, "method": "WS", "url": "ws://127.0.0.1:4179/?token=4b9N28pvZ6TY"}][39m

       7 | ];
       8 | for(const gate of media)test('T44 '+gate.id+' conditional media interaction remains absent and its actual explanation cannot authorize a business request',async({page,networkCounter})=>{
    >  9 |  await page.goto('/settings/capabilities');await page.getByLabel('显示未开放能力说明',{exact:true}).check();await page.getByRole('button',{name:'查看'+gate.title+'开放条件',exact:true}).click();const dialog=page.getByRole('dialog',{name:gate.title+'开放条件',exact:true});await expect(dialog).toContainText('条件未满足');await expect(dialog).toContainText('普通用户');for(const name of gate.absent)await expect(page.getByRole('button',{name,exact:true})).toHaveCount(0);await dialog.getByRole('button',{name:'关闭说明',exact:true}).click();await expect(dialog).not.toBeVisible();expect(networkCounter.requests.filter(r=>!['GET','HEAD'].includes(r.method))).toHaveLength(0);expect(networkCounter.paidRequests).toHaveLength(0);
         |                                                                                                                                                                                                                                                                                                                                                                                                                                                                                                                                                                                                                                                  ^
      10 | });
      11 | test('T44 Y01/Y02/Y03/Y04/Y05 unverified WebDAV has an inspectable local explanation and no endpoint, sync, upload, restore or schedule controls',async({page,networkCounter})=>{
      12 |  await page.goto('/settings/backup');await page.getByRole('button',{name:'查看WebDAV 版本化备份开放条件',exact:true}).click();const dialog=page.getByRole('dialog',{name:'WebDAV 版本化备份开放条件',exact:true});await expect(dialog).toContainText('固定授权端点');await expect(dialog).toContainText('冲突另存');await expect(dialog).toContainText('失败保留本地项目');for(const name of ['测试备份连接','同步备份','上传备份','恢复远端备份','设置自动备份','手动上传WebDAV'])await expect(page.getByRole('button',{name,exact:true})).toHaveCount(0);await expect(page.getByRole('textbox')).toHaveCount(0);await dialog.getByRole('button',{name:'关闭说明',exact:true}).click();expect(networkCounter.requests.filter(r=>!['GET','HEAD'].includes(r.method))).toHaveLength(0);expect(networkCounter.paidRequests).toHaveLength(0);
        at E:\trae-studio\TRAEWORK\aiwork-studio\tests\e2e\conditional-interaction-contracts.spec.ts:9:626

    Error Context: test-results\conditional-interaction-co-c417c-uthorize-a-business-request\error-context.md

    attachment #2: trace (application/zip) ─────────────────────────────────────────────────────────
    test-results\conditional-interaction-co-c417c-uthorize-a-business-request\trace.zip
    Usage:

        npx playwright show-trace test-results\conditional-interaction-co-c417c-uthorize-a-business-request\trace.zip

    ────────────────────────────────────────────────────────────────────────────────────────────────

  3) tests\e2e\conditional-interaction-contracts.spec.ts:8:25 › T44 X-03 conditional media interaction remains absent and its actual explanation cannot authorize a business request 

    Error: [2mexpect([22m[31mreceived[39m[2m).[22mtoHaveLength[2m([22m[32mexpected[39m[2m)[22m

    Expected length: [32m0[39m
    Received length: [31m1[39m
    Received array:  [31m[{"blocked": false, "method": "WS", "url": "ws://127.0.0.1:4179/?token=4b9N28pvZ6TY"}][39m

       7 | ];
       8 | for(const gate of media)test('T44 '+gate.id+' conditional media interaction remains absent and its actual explanation cannot authorize a business request',async({page,networkCounter})=>{
    >  9 |  await page.goto('/settings/capabilities');await page.getByLabel('显示未开放能力说明',{exact:true}).check();await page.getByRole('button',{name:'查看'+gate.title+'开放条件',exact:true}).click();const dialog=page.getByRole('dialog',{name:gate.title+'开放条件',exact:true});await expect(dialog).toContainText('条件未满足');await expect(dialog).toContainText('普通用户');for(const name of gate.absent)await expect(page.getByRole('button',{name,exact:true})).toHaveCount(0);await dialog.getByRole('button',{name:'关闭说明',exact:true}).click();await expect(dialog).not.toBeVisible();expect(networkCounter.requests.filter(r=>!['GET','HEAD'].includes(r.method))).toHaveLength(0);expect(networkCounter.paidRequests).toHaveLength(0);
         |                                                                                                                                                                                                                                                                                                                                                                                                                                                                                                                                                                                                                                                  ^
      10 | });
      11 | test('T44 Y01/Y02/Y03/Y04/Y05 unverified WebDAV has an inspectable local explanation and no endpoint, sync, upload, restore or schedule controls',async({page,networkCounter})=>{
      12 |  await page.goto('/settings/backup');await page.getByRole('button',{name:'查看WebDAV 版本化备份开放条件',exact:true}).click();const dialog=page.getByRole('dialog',{name:'WebDAV 版本化备份开放条件',exact:true});await expect(dialog).toContainText('固定授权端点');await expect(dialog).toContainText('冲突另存');await expect(dialog).toContainText('失败保留本地项目');for(const name of ['测试备份连接','同步备份','上传备份','恢复远端备份','设置自动备份','手动上传WebDAV'])await expect(page.getByRole('button',{name,exact:true})).toHaveCount(0);await expect(page.getByRole('textbox')).toHaveCount(0);await dialog.getByRole('button',{name:'关闭说明',exact:true}).click();expect(networkCounter.requests.filter(r=>!['GET','HEAD'].includes(r.method))).toHaveLength(0);expect(networkCounter.paidRequests).toHaveLength(0);
        at E:\trae-studio\TRAEWORK\aiwork-studio\tests\e2e\conditional-interaction-contracts.spec.ts:9:626

    Error Context: test-results\conditional-interaction-co-1075b-uthorize-a-business-request\error-context.md

    attachment #2: trace (application/zip) ─────────────────────────────────────────────────────────
    test-results\conditional-interaction-co-1075b-uthorize-a-business-request\trace.zip
    Usage:

        npx playwright show-trace test-results\conditional-interaction-co-1075b-uthorize-a-business-request\trace.zip

    ────────────────────────────────────────────────────────────────────────────────────────────────

  4) tests\e2e\conditional-interaction-contracts.spec.ts:8:25 › T44 X-04 conditional media interaction remains absent and its actual explanation cannot authorize a business request 

    Error: [2mexpect([22m[31mreceived[39m[2m).[22mtoHaveLength[2m([22m[32mexpected[39m[2m)[22m

    Expected length: [32m0[39m
    Received length: [31m1[39m
    Received array:  [31m[{"blocked": false, "method": "WS", "url": "ws://127.0.0.1:4179/?token=4b9N28pvZ6TY"}][39m

       7 | ];
       8 | for(const gate of media)test('T44 '+gate.id+' conditional media interaction remains absent and its actual explanation cannot authorize a business request',async({page,networkCounter})=>{
    >  9 |  await page.goto('/settings/capabilities');await page.getByLabel('显示未开放能力说明',{exact:true}).check();await page.getByRole('button',{name:'查看'+gate.title+'开放条件',exact:true}).click();const dialog=page.getByRole('dialog',{name:gate.title+'开放条件',exact:true});await expect(dialog).toContainText('条件未满足');await expect(dialog).toContainText('普通用户');for(const name of gate.absent)await expect(page.getByRole('button',{name,exact:true})).toHaveCount(0);await dialog.getByRole('button',{name:'关闭说明',exact:true}).click();await expect(dialog).not.toBeVisible();expect(networkCounter.requests.filter(r=>!['GET','HEAD'].includes(r.method))).toHaveLength(0);expect(networkCounter.paidRequests).toHaveLength(0);
         |                                                                                                                                                                                                                                                                                                                                                                                                                                                                                                                                                                                                                                                  ^
      10 | });
      11 | test('T44 Y01/Y02/Y03/Y04/Y05 unverified WebDAV has an inspectable local explanation and no endpoint, sync, upload, restore or schedule controls',async({page,networkCounter})=>{
      12 |  await page.goto('/settings/backup');await page.getByRole('button',{name:'查看WebDAV 版本化备份开放条件',exact:true}).click();const dialog=page.getByRole('dialog',{name:'WebDAV 版本化备份开放条件',exact:true});await expect(dialog).toContainText('固定授权端点');await expect(dialog).toContainText('冲突另存');await expect(dialog).toContainText('失败保留本地项目');for(const name of ['测试备份连接','同步备份','上传备份','恢复远端备份','设置自动备份','手动上传WebDAV'])await expect(page.getByRole('button',{name,exact:true})).toHaveCount(0);await expect(page.getByRole('textbox')).toHaveCount(0);await dialog.getByRole('button',{name:'关闭说明',exact:true}).click();expect(networkCounter.requests.filter(r=>!['GET','HEAD'].includes(r.method))).toHaveLength(0);expect(networkCounter.paidRequests).toHaveLength(0);
        at E:\trae-studio\TRAEWORK\aiwork-studio\tests\e2e\conditional-interaction-contracts.spec.ts:9:626

    Error Context: test-results\conditional-interaction-co-025b2-uthorize-a-business-request\error-context.md

    attachment #2: trace (application/zip) ─────────────────────────────────────────────────────────
    test-results\conditional-interaction-co-025b2-uthorize-a-business-request\trace.zip
    Usage:

        npx playwright show-trace test-results\conditional-interaction-co-025b2-uthorize-a-business-request\trace.zip

    ────────────────────────────────────────────────────────────────────────────────────────────────

  5) tests\e2e\conditional-interaction-contracts.spec.ts:11:1 › T44 Y01/Y02/Y03/Y04/Y05 unverified WebDAV has an inspectable local explanation and no endpoint, sync, upload, restore or schedule controls 

    Error: [2mexpect([22m[31mreceived[39m[2m).[22mtoHaveLength[2m([22m[32mexpected[39m[2m)[22m

    Expected length: [32m0[39m
    Received length: [31m1[39m
    Received array:  [31m[{"blocked": false, "method": "WS", "url": "ws://127.0.0.1:4179/?token=4b9N28pvZ6TY"}][39m

      10 | });
      11 | test('T44 Y01/Y02/Y03/Y04/Y05 unverified WebDAV has an inspectable local explanation and no endpoint, sync, upload, restore or schedule controls',async({page,networkCounter})=>{
    > 12 |  await page.goto('/settings/backup');await page.getByRole('button',{name:'查看WebDAV 版本化备份开放条件',exact:true}).click();const dialog=page.getByRole('dialog',{name:'WebDAV 版本化备份开放条件',exact:true});await expect(dialog).toContainText('固定授权端点');await expect(dialog).toContainText('冲突另存');await expect(dialog).toContainText('失败保留本地项目');for(const name of ['测试备份连接','同步备份','上传备份','恢复远端备份','设置自动备份','手动上传WebDAV'])await expect(page.getByRole('button',{name,exact:true})).toHaveCount(0);await expect(page.getByRole('textbox')).toHaveCount(0);await dialog.getByRole('button',{name:'关闭说明',exact:true}).click();expect(networkCounter.requests.filter(r=>!['GET','HEAD'].includes(r.method))).toHaveLength(0);expect(networkCounter.paidRequests).toHaveLength(0);
         |                                                                                                                                                                                                                                                                                                                                                                                                                                                                                                                                                                                                                                                                                               ^
      13 | });
      14 |
        at E:\trae-studio\TRAEWORK\aiwork-studio\tests\e2e\conditional-interaction-contracts.spec.ts:12:671

    Error Context: test-results\conditional-interaction-co-19999-estore-or-schedule-controls\error-context.md

    attachment #2: trace (application/zip) ─────────────────────────────────────────────────────────
    test-results\conditional-interaction-co-19999-estore-or-schedule-controls\trace.zip
    Usage:

        npx playwright show-trace test-results\conditional-interaction-co-19999-estore-or-schedule-controls\trace.zip

    ────────────────────────────────────────────────────────────────────────────────────────────────

  5 failed
    tests\e2e\conditional-interaction-contracts.spec.ts:8:25 › T44 X-01 conditional media interaction remains absent and its actual explanation cannot authorize a business request 
    tests\e2e\conditional-interaction-contracts.spec.ts:8:25 › T44 X-02 conditional media interaction remains absent and its actual explanation cannot authorize a business request 
    tests\e2e\conditional-interaction-contracts.spec.ts:8:25 › T44 X-03 conditional media interaction remains absent and its actual explanation cannot authorize a business request 
    tests\e2e\conditional-interaction-contracts.spec.ts:8:25 › T44 X-04 conditional media interaction remains absent and its actual explanation cannot authorize a business request 
    tests\e2e\conditional-interaction-contracts.spec.ts:11:1 › T44 Y01/Y02/Y03/Y04/Y05 unverified WebDAV has an inspectable local explanation and no endpoint, sync, upload, restore or schedule controls 
