[WebServer] (node:27004) Warning: The 'NO_COLOR' env is ignored due to the 'FORCE_COLOR' env being set.
[WebServer] (Use `node --trace-warnings ...` to show where the warning was created)

Running 11 tests using 1 worker

(node:20360) Warning: The 'NO_COLOR' env is ignored due to the 'FORCE_COLOR' env being set.
(Use `node --trace-warnings ...` to show where the warning was created)
(node:20360) Warning: The 'NO_COLOR' env is ignored due to the 'FORCE_COLOR' env being set.
(Use `node --trace-warnings ...` to show where the warning was created)
  x   1 tests\e2e\queue-withdrawal.spec.ts:2:1 › T44 J06/J07 task center can pause unsent work and explicitly withdraw it with original Run retained; refresh cannot resume it (30.1s)
(node:6168) Warning: The 'NO_COLOR' env is ignored due to the 'FORCE_COLOR' env being set.
(Use `node --trace-warnings ...` to show where the warning was created)
(node:6168) Warning: The 'NO_COLOR' env is ignored due to the 'FORCE_COLOR' env being set.
(Use `node --trace-warnings ...` to show where the warning was created)
  ok  2 tests\e2e\run-queue.spec.ts:4:1 › T29: refreshed pending queue is visible and paused; resume opens fresh confirmation with zero POST (1.6s)
  ok  3 tests\e2e\run-queue.spec.ts:12:1 › T29: actual pause while the first request waits keeps its response and stops the second submission (1.5s)
(node:1552) Warning: The 'NO_COLOR' env is ignored due to the 'FORCE_COLOR' env being set.
(Use `node --trace-warnings ...` to show where the warning was created)
(node:1552) Warning: The 'NO_COLOR' env is ignored due to the 'FORCE_COLOR' env being set.
(Use `node --trace-warnings ...` to show where the warning was created)
  ok  4 tests\e2e\task-center.spec.ts:5:1 › T34-C01/C02: local video and text records and independent filters, no full-Core claim or request on filtering (1.4s)
  ok  5 tests\e2e\task-center.spec.ts:6:1 › T34 details: four dimensions, original IDs and deleted-node history, Escape restores focus (1.3s)
  ok  6 tests\e2e\task-center.spec.ts:7:1 › T34-C03/C05: selected refresh groups original bindings, skips other Key and unknown submission, exactly one original GET and no paid retry (1.4s)
  ok  7 tests\e2e\task-center.spec.ts:8:1 › T34-C06: local completed archive hides presentation but never removes Run or unknown history (1.1s)
  ok  8 tests\e2e\task-center.spec.ts:9:1 › T34 CSV: actual native export prevents title formula injection and omits request body and ordinary Key (1.3s)
  ok  9 tests\e2e\task-center.spec.ts:10:1 › T34 drawer: same persisted records limited to project, no duplicate records or paid operation after opening and refresh (2.2s)
  ok 10 tests\e2e\task-center.spec.ts:11:1 › T34: original-bound ongoing task keeps polling after project archive and UI kind filtering, zero new POST (7.9s)
  ok 11 tests\e2e\task-center.spec.ts:12:1 › T34 unknown recovery: no invented task identity or replay, nested dialog Escape returns to the original row (1.2s)


  1) tests\e2e\queue-withdrawal.spec.ts:2:1 › T44 J06/J07 task center can pause unsent work and explicitly withdraw it with original Run retained; refresh cannot resume it 

    [31mTest timeout of 30000ms exceeded.[39m

    Error: locator.click: Test timeout of 30000ms exceeded.
    Call log:
    [2m  - waiting for getByRole('button', { name: '移出本地待提交队列', exact: true })[22m


      1 | import {test,expect} from '../helpers/network-guard';
      2 | test('T44 J06/J07 task center can pause unsent work and explicitly withdraw it with original Run retained; refresh cannot resume it',async({page,networkCounter})=>{
    > 3 |  await page.goto('/projects');const ids=await page.evaluate(async()=>{const p='/tests/fixtures/pending-queue.ts';return(await import(p)).seedPendingQueue();});await page.goto('/tasks');await page.getByTestId(ids.runId).getByRole('button',{name:'详情',exact:true}).click();await page.getByRole('button',{name:'停止后续提交',exact:true}).click();await expect(page.getByRole('region',{name:'原任务本地队列',exact:true})).toContainText('已暂停');const before=await page.evaluate(async()=>{const p='/tests/fixtures/pending-queue.ts';return(await import(p)).pendingQueueState();});await page.getByRole('button',{name:'移出本地待提交队列',exact:true}).click();const dialog=page.getByRole('dialog',{name:'移出本地待提交队列',exact:true});await expect(dialog).toHaveAttribute('data-dialog-id','D03');await expect(dialog).toContainText(ids.runId);await page.keyboard.press('Escape');expect((await page.evaluate(async()=>{const p='/tests/fixtures/pending-queue.ts';return(await import(p)).pendingQueueState();})).runs).toEqual(before.runs);await page.getByRole('button',{name:'移出本地待提交队列',exact:true}).click();await dialog.getByRole('button',{name:'确认撤回本地未提交项',exact:true}).click();await expect(page.getByRole('region',{name:'原任务本地队列',exact:true})).toContainText('本地已撤回');await expect(page.getByRole('button',{name:'移出本地待提交队列',exact:true})).toBeDisabled();await page.keyboard.press('Escape');await page.reload();await expect(page.getByTestId(ids.runId)).toContainText('本地待提交已撤回');const after=await page.evaluate(async()=>{const p='/tests/fixtures/pending-queue.ts';return(await import(p)).pendingQueueState();});expect(after.runs).toEqual(before.runs);expect(after.receipts.some((r:{id:string})=>r.id==='run-withdrawal:'+ids.runId)).toBe(true);expect(networkCounter.paidRequests).toHaveLength(0);await page.screenshot({path:'docs/review/screenshots/T44-queue-withdrawal.png'});
        |                                                                                                                                                                                                                                                                                                                                                                                                                                                                                                                                                                                                                                                                                                                                                                                                                                                                                                                                                                                                                                                                                               ^
      4 | });
      5 |
        at E:\trae-studio\TRAEWORK\aiwork-studio\tests\e2e\queue-withdrawal.spec.ts:3:1055

    Error Context: test-results\queue-withdrawal-T44-J06-J-74d71-ed-refresh-cannot-resume-it\error-context.md

    attachment #2: trace (application/zip) ─────────────────────────────────────────────────────────
    test-results\queue-withdrawal-T44-J06-J-74d71-ed-refresh-cannot-resume-it\trace.zip
    Usage:

        npx playwright show-trace test-results\queue-withdrawal-T44-J06-J-74d71-ed-refresh-cannot-resume-it\trace.zip

    ────────────────────────────────────────────────────────────────────────────────────────────────

  1 failed
    tests\e2e\queue-withdrawal.spec.ts:2:1 › T44 J06/J07 task center can pause unsent work and explicitly withdraw it with original Run retained; refresh cannot resume it 
  10 passed (57.0s)
