[WebServer] (node:10436) Warning: The 'NO_COLOR' env is ignored due to the 'FORCE_COLOR' env being set.
[WebServer] (Use `node --trace-warnings ...` to show where the warning was created)

Running 8 tests using 1 worker

(node:18236) Warning: The 'NO_COLOR' env is ignored due to the 'FORCE_COLOR' env being set.
(Use `node --trace-warnings ...` to show where the warning was created)
(node:18236) Warning: The 'NO_COLOR' env is ignored due to the 'FORCE_COLOR' env being set.
(Use `node --trace-warnings ...` to show where the warning was created)
  ok 1 tests\e2e\creative-operation-fault-contracts.spec.ts:8:1 › T44 T08 native text-to-flow write failure is visible within its confirmation and preserves the original source and all task records (1.6s)
  x  2 tests\e2e\creative-operation-fault-contracts.spec.ts:12:1 › T44 PG15 actual unsaved manual output native quota blocks AI preview before any approval or billable request (6.3s)
(node:19852) Warning: The 'NO_COLOR' env is ignored due to the 'FORCE_COLOR' env being set.
(Use `node --trace-warnings ...` to show where the warning was created)
(node:19852) Warning: The 'NO_COLOR' env is ignored due to the 'FORCE_COLOR' env being set.
(Use `node --trace-warnings ...` to show where the warning was created)
  x  3 tests\e2e\creative-operation-fault-contracts.spec.ts:16:1 › T44 PG30 actual native flow commit quota preserves the complete writing draft and leaves zero partial nodes, groups or execution records (30.1s)
(node:28204) Warning: The 'NO_COLOR' env is ignored due to the 'FORCE_COLOR' env being set.
(Use `node --trace-warnings ...` to show where the warning was created)
(node:28204) Warning: The 'NO_COLOR' env is ignored due to the 'FORCE_COLOR' env being set.
(Use `node --trace-warnings ...` to show where the warning was created)
  ok 4 tests\e2e\creative-operation-fault-contracts.spec.ts:20:1 › T44 V05 real explicit reference with missing native file stays listed and blocks preflight without replacing its identity or sending (1.4s)
  ok 5 tests\e2e\creative-operation-fault-contracts.spec.ts:24:1 › T44 V10 real pending durable approval disables local cancellation before dispatch and releases only the original confirmed request (1.4s)
  ok 6 tests\e2e\task-operation-fault-contracts.spec.ts:5:1 › T44 J04/J05 actual selected query failures preserve original ownership, frozen input and all billing states without a new generation (1.4s)
  ok 7 tests\e2e\task-operation-fault-contracts.spec.ts:9:1 › T44 J08 actual native archive write failure leaves the completed task visible with its original ownership and accounting records (1.1s)
  ok 8 tests\e2e\task-operation-fault-contracts.spec.ts:13:1 › T44 J10/F05 actual durable response recovery read and save faults retain the original frozen request and never replace its key or repeat generation (1.7s)


  1) tests\e2e\creative-operation-fault-contracts.spec.ts:12:1 › T44 PG15 actual unsaved manual output native quota blocks AI preview before any approval or billable request 

    Error: [2mexpect([22m[31mlocator[39m[2m).[22mtoContainText[2m([22m[32mexpected[39m[2m)[22m failed

    Locator: getByRole('alert')
    Expected substring: [32m"[7m未[27m保存"[39m
    Received string:    [31m"保存[7m失败，当前草稿保留；请重试保存，不会自动调用模型。[27m"[39m
    Timeout: 5000ms

    Call log:
    [2m  - Expect "toContainText" with timeout 5000ms[22m
    [2m  - waiting for getByRole('alert')[22m
    [2m    9 × locator resolved to <p role="alert" class="banner error">保存失败，当前草稿保留；请重试保存，不会自动调用模型。</p>[22m
    [2m      - unexpected value "保存失败，当前草稿保留；请重试保存，不会自动调用模型。"[22m


      11 |
      12 | test('T44 PG15 actual unsaved manual output native quota blocks AI preview before any approval or billable request',async({page,networkCounter})=>{
    > 13 |  await page.goto('/prompt-generator?type=video');await page.evaluate(async()=>{const p='/tests/fixtures/generation.ts';(await import(p)).connectGeneration();});await page.getByLabel('原始创意',{exact:true}).fill('原创中文创作场景');await page.getByRole('button',{name:'保存草稿',exact:true}).click();await expect(page.getByRole('button',{name:'AI优化',exact:true})).toBeEnabled();const before=await state(page);await page.getByLabel('最终提示词正文',{exact:true}).fill('尚未保存的人工中文正文，品牌康济健葆。');await deny(page,'promptDrafts');await page.getByRole('button',{name:'AI优化',exact:true}).click();await expect(page.getByRole('alert')).toContainText('未保存');await expect(page.getByRole('dialog',{name:'AI文字请求预览',exact:true})).toHaveCount(0);expect(await state(page)).toEqual(before);await expect(page.getByLabel('最终提示词正文',{exact:true})).toHaveValue('尚未保存的人工中文正文，品牌康济健葆。');expect(networkCounter.paidRequests).toHaveLength(0);
         |                                                                                                                                                                                                                                                                                                                                                                                                                                                                                                                                                                                                                          ^
      14 | });
      15 |
      16 | test('T44 PG30 actual native flow commit quota preserves the complete writing draft and leaves zero partial nodes, groups or execution records',async({page,networkCounter})=>{
        at E:\trae-studio\TRAEWORK\aiwork-studio\tests\e2e\creative-operation-fault-contracts.spec.ts:13:602

    Error Context: test-results\creative-operation-fault-c-9a6c1-pproval-or-billable-request\error-context.md

    attachment #2: trace (application/zip) ─────────────────────────────────────────────────────────
    test-results\creative-operation-fault-c-9a6c1-pproval-or-billable-request\trace.zip
    Usage:

        npx playwright show-trace test-results\creative-operation-fault-c-9a6c1-pproval-or-billable-request\trace.zip

    ────────────────────────────────────────────────────────────────────────────────────────────────

  2) tests\e2e\creative-operation-fault-contracts.spec.ts:16:1 › T44 PG30 actual native flow commit quota preserves the complete writing draft and leaves zero partial nodes, groups or execution records 

    [31mTest timeout of 30000ms exceeded.[39m

    Error: locator.click: Test timeout of 30000ms exceeded.
    Call log:
    [2m  - waiting for getByRole('button', { name: '仅建流程', exact: true })[22m
    [2m    - locator resolved to <button disabled aria-busy="false" class="button secondary " aria-describedby="_r_11_" data-interaction-id="PG30">仅建流程</button>[22m
    [2m  - attempting click action[22m
    [2m    2 × waiting for element to be visible, enabled and stable[22m
    [2m      - element is not enabled[22m
    [2m    - retrying click action[22m
    [2m    - waiting 20ms[22m
    [2m    2 × waiting for element to be visible, enabled and stable[22m
    [2m      - element is not enabled[22m
    [2m    - retrying click action[22m
    [2m      - waiting 100ms[22m
    [2m    56 × waiting for element to be visible, enabled and stable[22m
    [2m       - element is not enabled[22m
    [2m     - retrying click action[22m
    [2m       - waiting 500ms[22m


      15 |
      16 | test('T44 PG30 actual native flow commit quota preserves the complete writing draft and leaves zero partial nodes, groups or execution records',async({page,networkCounter})=>{
    > 17 |  await page.evaluate(async()=>{const p='/tests/fixtures/prompt-workspace.ts';await (await import(p)).seedPromptWorkspace();});await page.goto('/prompt-generator?type=video&draftId=d1');await page.evaluate(async()=>{const p='/tests/fixtures/generation.ts';(await import(p)).connectGeneration();});await page.getByRole('button',{name:'本地整理',exact:true}).click();await page.getByRole('button',{name:'仅建流程',exact:true}).click();const dialog=page.getByRole('dialog',{name:'选择插入目标',exact:true});await dialog.getByLabel('目标项目',{exact:true}).selectOption('p1');await dialog.getByLabel('流程视频规格',{exact:true}).selectOption('0');await expect(dialog.getByRole('button',{name:'确认仅建流程',exact:true})).toBeEnabled();const before=await state(page);await deny(page,'graphs');await dialog.getByRole('button',{name:'确认仅建流程',exact:true}).click();await expect(dialog.getByRole('alert')).toHaveText('存储写入失败，本次没有留下节点或连线；草稿保留，可重试。');expect(await state(page)).toEqual(before);expect(networkCounter.paidRequests).toHaveLength(0);
         |                                                                                                                                                                                                                                                                                                                                                                                                                                 ^
      18 | });
      19 |
      20 | test('T44 V05 real explicit reference with missing native file stays listed and blocks preflight without replacing its identity or sending',async({page,networkCounter})=>{
        at E:\trae-studio\TRAEWORK\aiwork-studio\tests\e2e\creative-operation-fault-contracts.spec.ts:17:417

    Error Context: test-results\creative-operation-fault-c-bdf39-groups-or-execution-records\error-context.md

    attachment #2: trace (application/zip) ─────────────────────────────────────────────────────────
    test-results\creative-operation-fault-c-bdf39-groups-or-execution-records\trace.zip
    Usage:

        npx playwright show-trace test-results\creative-operation-fault-c-bdf39-groups-or-execution-records\trace.zip

    ────────────────────────────────────────────────────────────────────────────────────────────────

  2 failed
    tests\e2e\creative-operation-fault-contracts.spec.ts:12:1 › T44 PG15 actual unsaved manual output native quota blocks AI preview before any approval or billable request 
    tests\e2e\creative-operation-fault-contracts.spec.ts:16:1 › T44 PG30 actual native flow commit quota preserves the complete writing draft and leaves zero partial nodes, groups or execution records 
  6 passed (51.3s)
