TAP version 13
# Subtest: T44 no phantom full coverage: unmapped interactions, pages and dialogs stop the gate
not ok 1 - T44 no phantom full coverage: unmapped interactions, pages and dialogs stop the gate
  ---
  duration_ms: 1.3091
  type: 'test'
  location: 'E:\\trae-studio\\TRAEWORK\\aiwork-studio\\tests\\planning\\traceability.test.mjs:4:1'
  failureType: 'testCodeFailure'
  error: |-
    Expected values to be strictly equal:
    
    true !== false
    
  code: 'ERR_ASSERTION'
  name: 'AssertionError'
  expected: false
  actual: true
  operator: 'strictEqual'
  stack: |-
    TestContext.<anonymous> (file:///E:/trae-studio/TRAEWORK/aiwork-studio/tests/planning/traceability.test.mjs:4:148)
    Test.runInAsyncScope (node:async_hooks:214:14)
    Test.run (node:internal/test_runner/test:1047:25)
    Test.start (node:internal/test_runner/test:944:17)
    startSubtestAfterBootstrap (node:internal/test_runner/harness:296:17)
  ...
# Subtest: T44 skipped or unasserted tests cannot be promoted to evidence
not ok 2 - T44 skipped or unasserted tests cannot be promoted to evidence
  ---
  duration_ms: 0.2191
  type: 'test'
  location: 'E:\\trae-studio\\TRAEWORK\\aiwork-studio\\tests\\planning\\traceability.test.mjs:5:1'
  failureType: 'testCodeFailure'
  error: |-
    Expected values to be strictly equal:
    
    true !== false
    
  code: 'ERR_ASSERTION'
  name: 'AssertionError'
  expected: false
  actual: true
  operator: 'strictEqual'
  stack: |-
    TestContext.<anonymous> (file:///E:/trae-studio/TRAEWORK/aiwork-studio/tests/planning/traceability.test.mjs:5:307)
    Test.runInAsyncScope (node:async_hooks:214:14)
    Test.run (node:internal/test_runner/test:1047:25)
    Test.processPendingSubtests (node:internal/test_runner/test:744:18)
    Test.postRun (node:internal/test_runner/test:1173:19)
    Test.run (node:internal/test_runner/test:1101:12)
    async startSubtestAfterBootstrap (node:internal/test_runner/harness:296:3)
  ...
# Subtest: T44 task owner mismatch and duplicate canonical identity cannot silently pass
not ok 3 - T44 task owner mismatch and duplicate canonical identity cannot silently pass
  ---
  duration_ms: 0.1631
  type: 'test'
  location: 'E:\\trae-studio\\TRAEWORK\\aiwork-studio\\tests\\planning\\traceability.test.mjs:6:1'
  failureType: 'testCodeFailure'
  error: |-
    Expected values to be strictly equal:
    
    true !== false
    
  code: 'ERR_ASSERTION'
  name: 'AssertionError'
  expected: false
  actual: true
  operator: 'strictEqual'
  stack: |-
    TestContext.<anonymous> (file:///E:/trae-studio/TRAEWORK/aiwork-studio/tests/planning/traceability.test.mjs:6:211)
    Test.runInAsyncScope (node:async_hooks:214:14)
    Test.run (node:internal/test_runner/test:1047:25)
    Test.processPendingSubtests (node:internal/test_runner/test:744:18)
    Test.postRun (node:internal/test_runner/test:1173:19)
    Test.run (node:internal/test_runner/test:1101:12)
    async Test.processPendingSubtests (node:internal/test_runner/test:744:7)
  ...
1..3
# tests 3
# suites 0
# pass 0
# fail 3
# cancelled 0
# skipped 0
# todo 0
# duration_ms 99.1393
