[WebServer] (node:12064) Warning: The 'NO_COLOR' env is ignored due to the 'FORCE_COLOR' env being set.
[WebServer] (Use `node --trace-warnings ...` to show where the warning was created)

Running 13 tests using 1 worker

(node:27456) Warning: The 'NO_COLOR' env is ignored due to the 'FORCE_COLOR' env being set.
(Use `node --trace-warnings ...` to show where the warning was created)
(node:27456) Warning: The 'NO_COLOR' env is ignored due to the 'FORCE_COLOR' env being set.
(Use `node --trace-warnings ...` to show where the warning was created)
  ok  1 tests\e2e\creative-control-completion.spec.ts:4:1 › T44 N03/N04 actual copy and paste buttons produce a new structure identity and preserve original media and Run after reload (2.2s)
  ok  2 tests\e2e\creative-control-completion.spec.ts:7:1 › T44 N12 arranging is previewed before a single native commit and survives reload without changing topology or execution (1.9s)
  ok  3 tests\e2e\creative-control-completion.spec.ts:10:1 › T44 N18 shot group name and order reject invalid input, save a native revision and survive reload without changing Run (2.0s)
  ok  4 tests\e2e\creative-control-completion.spec.ts:13:1 › T44 T02/T04 font preferences persist without editing text; clipboard rejection preserves source and gives a manual-copy path (1.8s)
  ok  5 tests\e2e\creative-control-completion.spec.ts:16:1 › T44 T03 inserting a selected but missing original records an unavailable reference rather than pretending the file is readable (1.7s)
  ok  6 tests\e2e\creative-control-completion.spec.ts:19:1 › T44 T03/T04 readable selected reference and successful clipboard copy preserve the original media and Run through reload (2.6s)
  ok  7 tests\e2e\project-action-contracts.spec.ts:6:1 › T44 P03 opening an existing project preserves its creative revision, shared media and original unknown Run (1.2s)
  x   8 tests\e2e\project-action-contracts.spec.ts:9:1 › T44 P06/P07 favorite and archive toggle independently, survive reload and leave creative graphs and original tracking intact (1.7s)
(node:27360) Warning: The 'NO_COLOR' env is ignored due to the 'FORCE_COLOR' env being set.
(Use `node --trace-warnings ...` to show where the warning was created)
(node:27360) Warning: The 'NO_COLOR' env is ignored due to the 'FORCE_COLOR' env being set.
(Use `node --trace-warnings ...` to show where the warning was created)
  ok  9 tests\e2e\project-action-contracts.spec.ts:12:67 › T44 P-06 native project write failure retains the prior state and reports an error without changing Run (1.4s)
  ok 10 tests\e2e\project-action-contracts.spec.ts:12:67 › T44 P-07 native project write failure retains the prior state and reports an error without changing Run (1.2s)
  x  11 tests\e2e\prompt-field-contracts.spec.ts:5:1 › T44 PG04/PG05/PG10/PG11/PG12 explicit writing fields persist together without changing the original source or calling a model (30.2s)
(node:18076) Warning: The 'NO_COLOR' env is ignored due to the 'FORCE_COLOR' env being set.
(Use `node --trace-warnings ...` to show where the warning was created)
(node:18076) Warning: The 'NO_COLOR' env is ignored due to the 'FORCE_COLOR' env being set.
(Use `node --trace-warnings ...` to show where the warning was created)
  ok 12 tests\e2e\prompt-field-contracts.spec.ts:8:1 › T44 PG06/PG07/PG08/PG09 reference selection, roles, reorder and removal preserve stable IDs and never delete media (2.5s)
  x  13 tests\e2e\prompt-field-contracts.spec.ts:11:1 › T44 PG05/PG11/PG12 native draft storage failure preserves saved fields and exposes the current recoverable input (30.2s)


  1) tests\e2e\project-action-contracts.spec.ts:9:1 › T44 P06/P07 favorite and archive toggle independently, survive reload and leave creative graphs and original tracking intact 

    Error: [2mexpect([22m[31mreceived[39m[2m).[22mtoEqual[2m([22m[32mexpected[39m[2m) // deep equality[22m

    [32m- Expected  - 1[39m
    [31m+ Received  + 1[39m

    [33m@@ -14,11 +14,11 @@[39m
    [2m          "x": 32,[22m
    [2m          "y": 32,[22m
    [2m        },[22m
    [2m      ],[22m
    [2m      "projectId": "p1",[22m
    [32m-     "revision": 1,[39m
    [31m+     "revision": 3,[39m
    [2m      "viewport": Object {[22m
    [2m        "scale": 1,[22m
    [2m        "x": 0,[22m
    [2m        "y": 0,[22m
    [2m      },[22m

       8 | });
       9 | test('T44 P06/P07 favorite and archive toggle independently, survive reload and leave creative graphs and original tracking intact',async({page,networkCounter})=>{
    > 10 |  const before=await records(page),card=page.getByTestId('project-p1');await card.getByRole('button',{name:'收藏',exact:true}).click();await expect(card.getByRole('button',{name:'取消收藏',exact:true})).toHaveAttribute('aria-pressed','true');await card.getByRole('button',{name:'归档',exact:true}).click();await expect(card.getByRole('button',{name:'取消归档',exact:true})).toBeVisible();await page.reload();await expect(card.getByRole('button',{name:'取消收藏',exact:true})).toHaveAttribute('aria-pressed','true');await expect(card.getByRole('button',{name:'取消归档',exact:true})).toBeVisible();let saved=await records(page);expect(saved.projects.find((p:{id:string})=>p.id==='p1')).toMatchObject({starred:true,archived:true});expect(saved.graphs).toEqual(before.graphs);expect(saved.runs).toEqual(before.runs);await card.getByRole('button',{name:'取消收藏',exact:true}).click();await card.getByRole('button',{name:'取消归档',exact:true}).click();await page.reload();saved=await records(page);expect(saved.projects.find((p:{id:string})=>p.id==='p1')).toMatchObject({starred:false,archived:false});expect(networkCounter.paidRequests).toHaveLength(0);
         |                                                                                                                                                                                                                                                                                                                                                                                                                                                                                                                                                                                                                                                                                                                                                          ^
      11 | });
      12 | for(const action of [{id:'P-06',name:'收藏'},{id:'P-07',name:'归档'}])test('T44 '+action.id+' native project write failure retains the prior state and reports an error without changing Run',async({page,networkCounter})=>{
      13 |  const before=await records(page);await page.evaluate(()=>{const original=IDBObjectStore.prototype.put;IDBObjectStore.prototype.put=function(...args:Parameters<typeof original>){if(this.name==='projects')throw new DOMException('test-project-actions-quota','QuotaExceededError');return original.apply(this,args);};});await page.getByTestId('project-p1').getByRole('button',{name:action.name,exact:true}).click();await expect(page.getByRole('alert')).toBeVisible();expect(await records(page)).toEqual(before);await expect(page.getByTestId('project-p1').getByRole('button',{name:action.name,exact:true})).toBeEnabled();expect(networkCounter.paidRequests).toHaveLength(0);
        at E:\trae-studio\TRAEWORK\aiwork-studio\tests\e2e\project-action-contracts.spec.ts:10:730

    Error Context: test-results\project-action-contracts-T-b9b6c-nd-original-tracking-intact\error-context.md

    attachment #2: trace (application/zip) ─────────────────────────────────────────────────────────
    test-results\project-action-contracts-T-b9b6c-nd-original-tracking-intact\trace.zip
    Usage:

        npx playwright show-trace test-results\project-action-contracts-T-b9b6c-nd-original-tracking-intact\trace.zip

    ────────────────────────────────────────────────────────────────────────────────────────────────

  2) tests\e2e\prompt-field-contracts.spec.ts:5:1 › T44 PG04/PG05/PG10/PG11/PG12 explicit writing fields persist together without changing the original source or calling a model 

    [31mTest timeout of 30000ms exceeded.[39m

    Error: locator.fill: Test timeout of 30000ms exceeded.
    Call log:
    [2m  - waiting for getByLabel('声音策略', { exact: true })[22m


      4 | test.beforeEach(async({page})=>{await page.goto('/prompt-generator');await page.evaluate(async()=>{const url='/tests/fixtures/prompt-workspace.ts';await(await import(url)).seedPromptWorkspace();});await page.goto('/prompt-generator?type=video&draftId=d1');});
      5 | test('T44 PG04/PG05/PG10/PG11/PG12 explicit writing fields persist together without changing the original source or calling a model',async({page,networkCounter})=>{
    > 6 |  await page.getByLabel('原始创意',{exact:true}).fill('原创品牌，5秒，9:16');await page.getByLabel('创作方向',{exact:true}).selectOption({index:1});const scene=await page.getByLabel('创作方向',{exact:true}).inputValue();await page.getByLabel('时长目标（秒）',{exact:true}).fill('8');await page.getByLabel('画幅目标',{exact:true}).fill('16:9');await page.getByLabel('声音策略',{exact:true}).fill('只写环境声，不上传音频');await page.getByLabel('品牌原文',{exact:true}).fill('原创品牌');await page.getByLabel('人物数量',{exact:true}).fill('2');await page.getByLabel('对白原文',{exact:true}).fill('大家好');await page.getByLabel('动作禁止项',{exact:true}).fill('不切镜');await page.getByRole('button',{name:'保存草稿',exact:true}).click();const saved=(await state(page)).drafts[0];expect(saved).toMatchObject({userRequest:'原创品牌，5秒，9:16',sceneId:scene,requestedSpec:{durationSeconds:8,ratio:'16:9'},audioPlan:'只写环境声，不上传音频'});expect(saved.lockedConstraints).toEqual(expect.arrayContaining([expect.objectContaining({field:'brand',originalValue:'原创品牌',locked:true}),expect.objectContaining({field:'dialogue',originalValue:'大家好',locked:true})]));await page.reload();await expect(page.getByLabel('声音策略',{exact:true})).toHaveValue('只写环境声，不上传音频');await expect(page.getByLabel('品牌原文',{exact:true})).toHaveValue('原创品牌');await expect(page.getByLabel('创作方向',{exact:true})).toHaveValue(scene);const source=await page.evaluate(async()=>{const url='/src/infrastructure/storage/project-repository.ts';return(await import(url)).readGraph('p1');});expect(source.nodes[0].data.text).toContain('康济健葆');expect((await state(page)).runs).toEqual([]);expect(networkCounter.paidRequests).toHaveLength(0);
        |                                                                                                                                                                                                                                                                                                                                                                    ^
      7 | });
      8 | test('T44 PG06/PG07/PG08/PG09 reference selection, roles, reorder and removal preserve stable IDs and never delete media',async({page,networkCounter})=>{
      9 |  await page.evaluate(async()=>{const url='/src/infrastructure/storage/database.ts',m=await import(url),db=await m.openStudioDb();try{await m.transact(db,['assets','blobs'],'readwrite',(tx:IDBTransaction)=>{for(const id of ['one','two']){tx.objectStore('assets').put({id,sha256:(id==='one'?'a':'b').repeat(64),mediaType:'image',mimeType:'image/png',bytes:1,blobKey:'blob-'+id,title:'本地参考'+id,createdAt:1000});tx.objectStore('blobs').put({id:'blob-'+id,blob:new Blob(['x'],{type:'image/png'})});}});}finally{db.close();}});await page.reload();await page.getByText('本地参考素材与用途',{exact:true}).click();await expect(page.getByRole('button',{name:'新增未绑定参考说明',exact:true})).toBeDisabled();await page.getByRole('button',{name:'选择本地素材',exact:true}).click();await page.getByRole('checkbox',{name:'本地参考one',exact:true}).check();await page.getByRole('checkbox',{name:'本地参考two',exact:true}).check();await page.getByLabel('@图片1 用途',{exact:true}).fill('人物');await page.getByLabel('@图片2 用途',{exact:true}).fill('场景');await expect(page.getByRole('button',{name:'上移引用 @图片1',exact:true})).toBeDisabled();await page.getByRole('button',{name:'上移引用 @图片2',exact:true}).click();await page.getByRole('button',{name:'保存草稿',exact:true}).click();expect((await state(page)).drafts[0].references.map((r:{assetId:string;role:string;alias:string})=>[r.assetId,r.role,r.alias])).toEqual([['two','场景','@图片1'],['one','人物','@图片2']]);await page.getByRole('button',{name:'移除引用 @图片2',exact:true}).click();await page.getByLabel('外部参考说明',{exact:true}).fill('未提供人物照片');await page.getByRole('button',{name:'新增未绑定参考说明',exact:true}).click();await page.getByRole('button',{name:'保存草稿',exact:true}).click();await page.reload();const refs=(await state(page)).drafts[0].references;expect(refs[0]).toMatchObject({assetId:'two',role:'场景'});expect(refs[1]).toMatchObject({unbound:true,available:false,description:'未提供人物照片'});const count=await page.evaluate(async()=>{const url='/src/infrastructure/storage/database.ts',m=await import(url),db=await m.openStudioDb();try{return await m.transact(db,['assets'],'readonly',(tx:IDBTransaction)=>m.requestResult(tx.objectStore('assets').count()));}finally{db.close();}});expect(count).toBe(2);expect(networkCounter.paidRequests).toHaveLength(0);
        at E:\trae-studio\TRAEWORK\aiwork-studio\tests\e2e\prompt-field-contracts.spec.ts:6:356

    Error Context: test-results\prompt-field-contracts-T44-e2ff4-l-source-or-calling-a-model\error-context.md

    attachment #2: trace (application/zip) ─────────────────────────────────────────────────────────
    test-results\prompt-field-contracts-T44-e2ff4-l-source-or-calling-a-model\trace.zip
    Usage:

        npx playwright show-trace test-results\prompt-field-contracts-T44-e2ff4-l-source-or-calling-a-model\trace.zip

    ────────────────────────────────────────────────────────────────────────────────────────────────

  3) tests\e2e\prompt-field-contracts.spec.ts:11:1 › T44 PG05/PG11/PG12 native draft storage failure preserves saved fields and exposes the current recoverable input 

    [31mTest timeout of 30000ms exceeded.[39m

    Error: locator.fill: Test timeout of 30000ms exceeded.
    Call log:
    [2m  - waiting for getByLabel('声音策略', { exact: true })[22m


      10 | });
      11 | test('T44 PG05/PG11/PG12 native draft storage failure preserves saved fields and exposes the current recoverable input',async({page,networkCounter})=>{
    > 12 |  const before=await state(page);await page.evaluate(()=>{const original=IDBObjectStore.prototype.put;IDBObjectStore.prototype.put=function(...args:Parameters<typeof original>){if(this.name==='promptDrafts')throw new DOMException('test-prompt-fields-quota','QuotaExceededError');return original.apply(this,args);};});await page.getByLabel('原始创意',{exact:true}).fill('存储失败时保留的新输入');await page.getByLabel('声音策略',{exact:true}).fill('尚未保存的环境声');await page.getByLabel('品牌原文',{exact:true}).fill('尚未保存品牌');await page.getByRole('button',{name:'保存草稿',exact:true}).click();await expect(page.getByRole('alert')).toContainText('保存失败');expect(await state(page)).toEqual(before);await expect(page.getByLabel('原始创意',{exact:true})).toHaveValue('存储失败时保留的新输入');await page.getByRole('link',{name:'项目',exact:true}).click();await expect(page.getByRole('dialog',{name:'离开未保存提示词草稿',exact:true})).toBeVisible();expect(networkCounter.paidRequests).toHaveLength(0);
         |                                                                                                                                                                                                                                                                                                                                                                                                                                       ^
      13 | });
      14 |
        at E:\trae-studio\TRAEWORK\aiwork-studio\tests\e2e\prompt-field-contracts.spec.ts:12:423

    Error Context: test-results\prompt-field-contracts-T44-8da2f-e-current-recoverable-input\error-context.md

    attachment #2: trace (application/zip) ─────────────────────────────────────────────────────────
    test-results\prompt-field-contracts-T44-8da2f-e-current-recoverable-input\trace.zip
    Usage:

        npx playwright show-trace test-results\prompt-field-contracts-T44-8da2f-e-current-recoverable-input\trace.zip

    ────────────────────────────────────────────────────────────────────────────────────────────────

  3 failed
    tests\e2e\project-action-contracts.spec.ts:9:1 › T44 P06/P07 favorite and archive toggle independently, survive reload and leave creative graphs and original tracking intact 
    tests\e2e\prompt-field-contracts.spec.ts:5:1 › T44 PG04/PG05/PG10/PG11/PG12 explicit writing fields persist together without changing the original source or calling a model 
    tests\e2e\prompt-field-contracts.spec.ts:11:1 › T44 PG05/PG11/PG12 native draft storage failure preserves saved fields and exposes the current recoverable input 
  10 passed (1.4m)
