TAP version 13
# Subtest: T44 no phantom full coverage: unmapped interactions, pages and dialogs stop the gate
ok 1 - T44 no phantom full coverage: unmapped interactions, pages and dialogs stop the gate
  ---
  duration_ms: 1.7424
  type: 'test'
  ...
# Subtest: T44 skipped or unasserted tests cannot be promoted to evidence
ok 2 - T44 skipped or unasserted tests cannot be promoted to evidence
  ---
  duration_ms: 0.3341
  type: 'test'
  ...
# Subtest: T44 task owner mismatch and duplicate canonical identity cannot silently pass
ok 3 - T44 task owner mismatch and duplicate canonical identity cannot silently pass
  ---
  duration_ms: 0.141
  type: 'test'
  ...
# Subtest: T44 coverage validator accepts matching executed assertion evidence without treating its own fixture as product coverage
ok 4 - T44 coverage validator accepts matching executed assertion evidence without treating its own fixture as product coverage
  ---
  duration_ms: 0.1893
  type: 'test'
  ...
# Subtest: T44 missing execution of claimed assertion line blocks even a passed test
ok 5 - T44 missing execution of claimed assertion line blocks even a passed test
  ---
  duration_ms: 0.1978
  type: 'test'
  ...
# Subtest: T44 tests skipped or expected-failed cannot satisfy coverage
ok 6 - T44 tests skipped or expected-failed cannot satisfy coverage
  ---
  duration_ms: 0.1612
  type: 'test'
  ...
# Subtest: T44 an unrelated helper assertion and zero UI action do not prove control coverage
ok 7 - T44 an unrelated helper assertion and zero UI action do not prove control coverage
  ---
  duration_ms: 0.1882
  type: 'test'
  ...
# Subtest: T44 missing side effects cannot be waived by a generic N/A explanation
ok 8 - T44 missing side effects cannot be waived by a generic N/A explanation
  ---
  duration_ms: 0.1402
  type: 'test'
  ...
# Subtest: T44 an unobserved network count cannot be treated as zero merely because the UI assertion passed
not ok 9 - T44 an unobserved network count cannot be treated as zero merely because the UI assertion passed
  ---
  duration_ms: 0.929
  type: 'test'
  location: 'E:\\trae-studio\\TRAEWORK\\aiwork-studio\\tests\\planning\\traceability.test.mjs:14:1'
  failureType: 'testCodeFailure'
  error: |-
    Expected values to be strictly equal:
    
    true !== false
    
  code: 'ERR_ASSERTION'
  name: 'AssertionError'
  expected: false
  actual: true
  operator: 'strictEqual'
  stack: |-
    TestContext.<anonymous> (file:///E:/trae-studio/TRAEWORK/aiwork-studio/tests/planning/traceability.test.mjs:14:169)
    Test.runInAsyncScope (node:async_hooks:214:14)
    Test.run (node:internal/test_runner/test:1047:25)
    Test.processPendingSubtests (node:internal/test_runner/test:744:18)
    Test.postRun (node:internal/test_runner/test:1173:19)
    Test.run (node:internal/test_runner/test:1101:12)
    async Test.processPendingSubtests (node:internal/test_runner/test:744:7)
  ...
# Subtest: T44 a hidden business write or blocked foreign request invalidates claimed local side effects
not ok 10 - T44 a hidden business write or blocked foreign request invalidates claimed local side effects
  ---
  duration_ms: 0.4576
  type: 'test'
  location: 'E:\\trae-studio\\TRAEWORK\\aiwork-studio\\tests\\planning\\traceability.test.mjs:15:1'
  failureType: 'testCodeFailure'
  error: |-
    Expected values to be strictly equal:
    
    true !== false
    
  code: 'ERR_ASSERTION'
  name: 'AssertionError'
  expected: false
  actual: true
  operator: 'strictEqual'
  stack: |-
    TestContext.<anonymous> (file:///E:/trae-studio/TRAEWORK/aiwork-studio/tests/planning/traceability.test.mjs:15:239)
    Test.runInAsyncScope (node:async_hooks:214:14)
    Test.run (node:internal/test_runner/test:1047:25)
    Test.processPendingSubtests (node:internal/test_runner/test:744:18)
    Test.postRun (node:internal/test_runner/test:1173:19)
    Test.run (node:internal/test_runner/test:1101:12)
    async Test.processPendingSubtests (node:internal/test_runner/test:744:7)
  ...
1..10
# tests 10
# suites 0
# pass 8
# fail 2
# cancelled 0
# skipped 0
# todo 0
# duration_ms 105.1327
