TAP version 13
# file:///E:/trae-studio/TRAEWORK/aiwork-studio/tests/planning/traceability.test.mjs:2
# import {evaluateTraceability,observableAssertionLines} from '../../scripts/check-traceability.mjs';
#                              ^^^^^^^^^^^^^^^^^^^^^^^^
# SyntaxError: The requested module '../../scripts/check-traceability.mjs' does not provide an export named 'observableAssertionLines'
#     at ModuleJob._instantiate (node:internal/modules/esm/module_job:226:21)
#     at async ModuleJob.run (node:internal/modules/esm/module_job:335:5)
#     at async onImport.tracePromise.__proto__ (node:internal/modules/esm/loader:681:26)
#     at async asyncRunEntryPointWithESMLoader (node:internal/modules/run_main:117:5)
# Node.js v22.23.3
# Subtest: tests\\planning\\traceability.test.mjs
not ok 1 - tests\\planning\\traceability.test.mjs
  ---
  duration_ms: 81.2527
  type: 'test'
  location: 'E:\\trae-studio\\TRAEWORK\\aiwork-studio\\tests\\planning\\traceability.test.mjs:1:1'
  failureType: 'testCodeFailure'
  exitCode: 1
  signal: ~
  error: 'test failed'
  code: 'ERR_TEST_FAILURE'
  ...
1..1
# tests 1
# suites 0
# pass 0
# fail 1
# cancelled 0
# skipped 0
# todo 0
# duration_ms 88.2098
