[WebServer] (node:23028) Warning: The 'NO_COLOR' env is ignored due to the 'FORCE_COLOR' env being set.
[WebServer] (Use `node --trace-warnings ...` to show where the warning was created)

Running 15 tests using 1 worker

(node:28068) Warning: The 'NO_COLOR' env is ignored due to the 'FORCE_COLOR' env being set.
(Use `node --trace-warnings ...` to show where the warning was created)
(node:28068) Warning: The 'NO_COLOR' env is ignored due to the 'FORCE_COLOR' env being set.
(Use `node --trace-warnings ...` to show where the warning was created)
  ok  1 tests\e2e\credential-boundary.spec.ts:2:1 › T09 actual browser: refresh and second tab have no credential; storage, URL and console remain clean (619ms)
  ok  2 tests\e2e\recovery-races.spec.ts:12:1 › T45-C01 native approval commit then tab closure before dispatch preserves the original and produces zero POST on reopening (2.1s)
  ok  3 tests\e2e\recovery-races.spec.ts:15:1 › T45-C02 native lost response and actual tab reopening retain one frozen unknown request and never replace its body or key (2.1s)
  ok  4 tests\e2e\recovery-races.spec.ts:18:1 › T45-C03 actual native dispatch quota rejects a new generation before HTTP and retains the original approved attempt (1.6s)
  ok  5 tests\e2e\recovery-races.spec.ts:23:1 › T45-C04 actual replacement Key cannot query or download another binding and leaves the original task identity untouched (5.3s)
  ok  6 tests\e2e\recovery-races.spec.ts:27:1 › T45-C05 native SVG and HTML imports stay inert even when disguised as PNG, with no asset or execution write (1.2s)
  ok  7 tests\e2e\recovery-races.spec.ts:30:1 › T45-C06 compressed native ZIP bomb forged expansion is rejected with an observable reason and zero creative writes (1.8s)
  ok  8 tests\e2e\recovery-races.spec.ts:33:1 › T45-C07 actual download redirect never contacts its target or leaks a Key and never regenerates the completed task (371ms)
  ok  9 tests\e2e\recovery-races.spec.ts:36:1 › T45-C08 closing a real native approved pending queue reopens paused and never resumes unsubmitted work automatically (2.1s)
  ok 10 tests\e2e\run-queue.spec.ts:4:1 › T29: refreshed pending queue is visible and paused; resume opens fresh confirmation with zero POST (1.3s)
  ok 11 tests\e2e\run-queue.spec.ts:12:1 › T29: actual pause while the first request waits keeps its response and stops the second submission (1.6s)
  ok 12 tests\e2e\video-submit.spec.ts:5:1 › T27 actual UI: confirming frozen inputs sends exactly one same-origin fake video request after intent is durable (1.4s)
  ok 13 tests\e2e\video-submit.spec.ts:10:1 › T27 D21: lost actual browser response preserves unknown state, original identity and disabled unverified replay (1.5s)
  ok 14 tests\e2e\video-submit.spec.ts:11:1 › T27 V-14: a deliberate new attempt warns about the unknown prior charge and requires separate risk acknowledgment (1.6s)
  ok 15 tests\e2e\video-submit.spec.ts:12:1 › T27 D21: after a response save fault the durable journal enables querying the known original task without resubmission (1.6s)

  15 passed (29.6s)
