
> aiwork-studio@0.0.1 test:e2e
> playwright test tests/e2e/a11y.spec.ts tests/e2e/real-browser-zoom.spec.ts tests/e2e/visual-a11y-performance.spec.ts

[WebServer] (node:22500) Warning: The 'NO_COLOR' env is ignored due to the 'FORCE_COLOR' env being set.
[WebServer] (Use `node --trace-warnings ...` to show where the warning was created)

Running 9 tests using 1 worker

(node:11156) Warning: The 'NO_COLOR' env is ignored due to the 'FORCE_COLOR' env being set.
(Use `node --trace-warnings ...` to show where the warning was created)
(node:11156) Warning: The 'NO_COLOR' env is ignored due to the 'FORCE_COLOR' env being set.
(Use `node --trace-warnings ...` to show where the warning was created)
  ok 1 tests\e2e\a11y.spec.ts:7:1 › T46-C04 actual native Chromium IME composition defers commit, blocks shortcuts and persists Chinese/emoji exactly at the UTF8 boundary (3.3s)
  ok 2 tests\e2e\a11y.spec.ts:12:1 › T46 keyboard focus traverses a native dialog, stays visible, wraps at both ends and returns to the exact opener on Escape (655ms)
(node:8440) Warning: The 'NO_COLOR' env is ignored due to the 'FORCE_COLOR' env being set.
(Use `node --trace-warnings ...` to show where the warning was created)
(node:8440) Warning: The 'NO_COLOR' env is ignored due to the 'FORCE_COLOR' env being set.
(Use `node --trace-warnings ...` to show where the warning was created)
  ok 3 tests\e2e\real-browser-zoom.spec.ts:8:32 › T46-C03 actual Chrome tabs zoom 125% changes CSS viewport and DPR while preserving readable Studio interaction (7.6s)
  ok 4 tests\e2e\real-browser-zoom.spec.ts:8:32 › T46-C03 actual Chrome tabs zoom 150% changes CSS viewport and DPR while preserving readable Studio interaction (7.5s)
  ok 5 tests\e2e\visual-a11y-performance.spec.ts:6:1 › T46-C02 a 767px actual narrow canvas has no enabled batch fee entry even with verified local capability and writer lease (1.1s)
  ok 6 tests\e2e\visual-a11y-performance.spec.ts:11:2 › actual touch context › T46 touch canvas action hit areas remain at least 44 CSS pixels without granting a paid execution (989ms)
  ok 7 tests\e2e\visual-a11y-performance.spec.ts:15:1 › T46-C01 actual canvas has no document overflow at desktop visual breakpoints and preserves the approved 16px base (1.9s)
  ok 8 tests\e2e\visual-a11y-performance.spec.ts:18:1 › T46-C02 resizing an open unsubmitted confirmation into narrow mode closes fee approval and updates batch controls immediately (1.0s)
  ok 9 tests\e2e\visual-a11y-performance.spec.ts:21:1 › T46-C02 resizing during a real durable approval acknowledgment preserves the original record without dispatch or queue insertion (1.2s)

  9 passed (30.1s)
