
> aiwork-studio@0.0.1 build
> vite build

vite v7.3.6 building client environment for production...
transforming...
✓ 293 modules transformed.
rendering chunks...
computing gzip size...
dist/assets/hash-worker-CwunAZM4.js             0.36 kB
dist/index.html                                 0.58 kB │ gzip:  0.35 kB
dist/assets/index-D6e2ejnX.css                 20.48 kB │ gzip:  4.83 kB
dist/assets/object-url-pool-5YRcU3_1.js         0.13 kB │ gzip:  0.13 kB
dist/assets/fingerprint-C6-xfKii.js             0.18 kB │ gzip:  0.17 kB
dist/assets/Toast-BOsUXE-_.js                   0.38 kB │ gzip:  0.30 kB
dist/assets/redaction-3G4zDfXc.js               1.16 kB │ gzip:  0.70 kB
dist/assets/history-DlYNxuLh.js                 1.84 kB │ gzip:  0.82 kB
dist/assets/PromptGeneratorPage-Dz4Lqw0I.js     1.86 kB │ gzip:  1.05 kB
dist/assets/graph-validation-BHwQNq-W.js        2.04 kB │ gzip:  1.14 kB
dist/assets/media-probe-mY7PpR0E.js             2.65 kB │ gzip:  1.24 kB
dist/assets/ComparePage-CHQSSDyP.js             3.18 kB │ gzip:  1.72 kB
dist/assets/canvas-import-DCRxyfYF.js           3.27 kB │ gzip:  1.45 kB
dist/assets/project-lease-CYcOcV4z.js           3.38 kB │ gzip:  1.45 kB
dist/assets/ResultPage-DE3MMr4b.js              3.58 kB │ gzip:  1.72 kB
dist/assets/AssetPreview-B3mRPSNP.js            4.08 kB │ gzip:  1.97 kB
dist/assets/ActivityPage-DIHm431G.js            6.10 kB │ gzip:  2.72 kB
dist/assets/diagnostic-export-CA0oprP-.js       6.10 kB │ gzip:  3.26 kB
dist/assets/TrashPage-CRpgT97s.js               6.36 kB │ gzip:  2.66 kB
dist/assets/RecoveryCenter-DEThl9ql.js          7.49 kB │ gzip:  3.47 kB
dist/assets/project-repository-BdKT7r3v.js      7.88 kB │ gzip:  2.62 kB
dist/assets/RunMediaActions-DS82Hd8n.js         8.10 kB │ gzip:  3.27 kB
dist/assets/PromptEditor-BS3cBabF.js            8.38 kB │ gzip:  3.44 kB
dist/assets/apply-command-Ci8hxi2o.js           8.96 kB │ gzip:  2.99 kB
dist/assets/review-components-BVhTPGkT.js       9.93 kB │ gzip:  4.23 kB
dist/assets/project-service-B_mK2ZO6.js        10.79 kB │ gzip:  4.33 kB
dist/assets/PackagePage-ApOQUKF1.js            11.83 kB │ gzip:  5.20 kB
dist/assets/ProjectsPage-Co5DVmvW.js           12.31 kB │ gzip:  4.56 kB
dist/assets/import-project-h0ezStme.js         14.19 kB │ gzip:  5.42 kB
dist/assets/zip-vendor-BK4ikTfh.js             14.24 kB │ gzip:  6.72 kB
dist/assets/PromptsPage-NxwZyrwm.js            14.55 kB │ gzip:  5.27 kB
dist/assets/AssetsPage-DekF9fle.js             18.60 kB │ gzip:  6.74 kB
dist/assets/HelpPage-DhOx7yxB.js               25.25 kB │ gzip:  8.39 kB
dist/assets/SettingsPage-B6flqS7z.js           27.75 kB │ gzip:  9.99 kB
dist/assets/TasksPage-BLPAwO4C.js              35.94 kB │ gzip: 12.08 kB
dist/assets/task-filters-BqDjE-o_.js           37.17 kB │ gzip: 12.20 kB
dist/assets/index-D7D8LQof.js                  66.30 kB │ gzip: 23.31 kB
dist/assets/schema-vendor-DHwGgy8U.js          72.44 kB │ gzip: 19.43 kB
dist/assets/PromptGeneratorPanel-CJFHf4oS.js   85.64 kB │ gzip: 27.92 kB
dist/assets/CanvasPage-DdDiUEjj.js            122.12 kB │ gzip: 39.54 kB
dist/assets/react-vendor-rQA_ESBx.js          192.36 kB │ gzip: 60.29 kB
✓ built in 2.29s
