[WebServer] (node:23192) Warning: The 'NO_COLOR' env is ignored due to the 'FORCE_COLOR' env being set.
[WebServer] (Use `node --trace-warnings ...` to show where the warning was created)

Running 2 tests using 1 worker

(node:10968) Warning: The 'NO_COLOR' env is ignored due to the 'FORCE_COLOR' env being set.
(Use `node --trace-warnings ...` to show where the warning was created)
(node:10968) Warning: The 'NO_COLOR' env is ignored due to the 'FORCE_COLOR' env being set.
(Use `node --trace-warnings ...` to show where the warning was created)
  x  1 tests\performance\canvas-profile.spec.ts:5:1 › T46-C05 fixed Windows actual 200-node canvas pan frames and native input response meet p95 budgets (7.9s)
(node:24124) Warning: The 'NO_COLOR' env is ignored due to the 'FORCE_COLOR' env being set.
(Use `node --trace-warnings ...` to show where the warning was created)
(node:24124) Warning: The 'NO_COLOR' env is ignored due to the 'FORCE_COLOR' env being set.
(Use `node --trace-warnings ...` to show where the warning was created)
  ok 2 tests\performance\canvas-profile.spec.ts:11:1 › T46 native canonical metadata saves include exact 1MiB graph bytes, schema/lease checks and actual commit acknowledgement within p95 500ms (1.2s)


  1) tests\performance\canvas-profile.spec.ts:5:1 › T46-C05 fixed Windows actual 200-node canvas pan frames and native input response meet p95 budgets 

    Error: [2mexpect([22m[31mreceived[39m[2m).[22mtoBeLessThanOrEqual[2m([22m[32mexpected[39m[2m)[22m

    Expected: <= [32m33[39m
    Received:    [31m34.80000000000018[39m

       7 |  await page.evaluate(async()=>{await new Promise<void>(resolve=>requestAnimationFrame(()=>requestAnimationFrame(()=>resolve())));const profile={frames:[] as number[],input:[] as number[],longTasks:[] as number[],running:true,last:performance.now()};Reflect.set(window,'nativePerformanceProfile',profile);new PerformanceObserver(list=>{profile.longTasks.push(...list.getEntries().map(entry=>entry.duration));}).observe({entryTypes:['longtask']});const tick=(at:number)=>{if(!profile.running)return;profile.frames.push(at-profile.last);profile.last=at;requestAnimationFrame(tick);};requestAnimationFrame(tick);});
       8 |  const box=await page.getByTestId('canvas-stage').boundingBox();if(!box)throw Error('actual_canvas_bounds_missing');await page.mouse.move(box.x+30,box.y+30);await page.mouse.down();await page.mouse.move(box.x+190,box.y+90,{steps:70});await page.mouse.up();await page.evaluate(()=>{Reflect.get(window,'nativePerformanceProfile').running=false;});
    >  9 |  await page.getByRole('button',{name:'选择 V',exact:true}).click();const input=page.getByTestId('node-profile-0').getByLabel('节点文本',{exact:true});await input.focus();await input.evaluate(element=>{let started=0;const profile=Reflect.get(window,'nativePerformanceProfile');element.addEventListener('beforeinput',()=>{started=performance.now();});element.addEventListener('input',()=>{requestAnimationFrame(()=>profile.input.push(performance.now()-started));});});await input.pressSequentially('abcdefghijklmnopqrstuvwxyz0123456789');await page.evaluate(()=>new Promise<void>(resolve=>requestAnimationFrame(()=>requestAnimationFrame(()=>resolve()))));const samples=await page.evaluate(()=>Reflect.get(window,'nativePerformanceProfile')) as {frames:number[];input:number[];longTasks:number[]};const report={nodeCount:200,browser:'Chromium on the current Windows device',pan:{samples:samples.frames,p50:percentile(samples.frames,.5),p95:percentile(samples.frames,.95)},input:{samples:samples.input,p50:percentile(samples.input,.5),p95:percentile(samples.input,.95)},longTasks:samples.longTasks,network:networkCounter.evidence};writeFileSync('docs/review/logs/T46-canvas-performance.json',JSON.stringify(report,null,2)+'\n');expect(samples.frames.length).toBeGreaterThanOrEqual(30);expect(samples.input.length).toBeGreaterThanOrEqual(30);expect(report.pan.p95).toBeLessThanOrEqual(33);expect(report.input.p95).toBeLessThanOrEqual(100);expect(networkCounter.paidRequests).toHaveLength(0);await page.screenshot({path:'docs/review/screenshots/T46-200-node-canvas.png'});
         |                                                                                                                                                                                                                                                                                                                                                                                                                                                                                                                                                                                                                                                                                                                                                                                                                                                                                                                                                                                                                                                                                                                                                                                                                                                                                                                                                                                                           ^
      10 | });
      11 | test('T46 native canonical metadata saves include exact 1MiB graph bytes, schema/lease checks and actual commit acknowledgement within p95 500ms',async({page,networkCounter})=>{
      12 |  await page.goto('/projects');const report=await page.evaluate(async()=>{const d='/src/infrastructure/storage/database.ts',p='/src/infrastructure/storage/project-repository.ts',l='/src/infrastructure/storage/project-lease.ts',f='/tests/helpers/fixtures.ts',m=await import(d),repository=await import(p),leaseModule=await import(l),fixture=(await import(f)).f,db=await m.openStudioDb();try{let project=fixture.project();let graph=fixture.graph({nodes:Array.from({length:21},(_,i)=>({id:'metadata-'+i,type:'text',title:'metadata '+i,x:0,y:i*20,locked:false,data:{kind:'text',text:i<20?'x'.repeat(50000):'',referenceTokens:[]}}))});await m.transact(db,db.tables.slice(),'readwrite',(tx:IDBTransaction)=>{for(const name of db.tables)tx.objectStore(name).clear();tx.objectStore('projects').put(project);tx.objectStore('graphs').put(fixture.graph());});const claim=await leaseModule.acquireProjectLease('p1','actual-save-performance',Date.now(),{db});if(!claim.ok)throw Error('native_performance_lease_missing');const samples:number[]=[],bytes:number[]=[];for(let i=0;i<22;i++){const previous=project.revision;project={...project,revision:previous+1,updatedAt:Date.now()};graph={...graph,revision:project.revision};graph.nodes.at(-1).data.text='';const missing=1024*1024-new TextEncoder().encode(JSON.stringify(graph)).byteLength;if(missing<0||missing>65536)throw Error('metadata_sample_budget_invalid');graph.nodes.at(-1).data.text='x'.repeat(missing);bytes.push(new TextEncoder().encode(JSON.stringify(graph)).byteLength);const began=performance.now(),result=await repository.saveProject(project,previous,{db,graph,lease:claim.token});samples.push(performance.now()-began);if(result.status!=='saved')throw Error('canonical_save_not_committed:'+result.status);}const persisted=await m.transact(db,['projects','graphs','blobs'],'readonly',async(tx:IDBTransaction)=>({project:await m.requestResult(tx.objectStore('projects').get('p1')),graph:await m.requestResult(tx.objectStore('graphs').get('p1')),blobs:await m.requestResult(tx.objectStore('blobs').count())}));return {allSamples:samples,measuredSamples:samples.slice(2),warmupSamples:2,graphBytes:bytes,persistedRevision:persisted.project.revision,persistedGraphBytes:new TextEncoder().encode(JSON.stringify(persisted.graph)).byteLength,blobCount:persisted.blobs};}finally{db.close();}});const result={...report,p50:percentile(report.measuredSamples,.5),p95:percentile(report.measuredSamples,.95),network:networkCounter.evidence};writeFileSync('docs/review/logs/T46-native-save-performance.json',JSON.stringify(result,null,2)+'\n');expect(result.measuredSamples).toHaveLength(20);expect(result.graphBytes.every(bytes=>bytes===1024*1024)).toBe(true);expect(result.persistedGraphBytes).toBe(1024*1024);expect(result.persistedRevision).toBe(23);expect(result.blobCount).toBe(0);expect(result.p95).toBeLessThanOrEqual(500);expect(networkCounter.paidRequests).toHaveLength(0);
        at E:\trae-studio\TRAEWORK\aiwork-studio\tests\performance\canvas-profile.spec.ts:9:1355

    Error Context: test-results-performance\canvas-profile-T46-C05-fix-7d033-t-response-meet-p95-budgets\error-context.md

    attachment #2: trace (application/zip) ─────────────────────────────────────────────────────────
    test-results-performance\canvas-profile-T46-C05-fix-7d033-t-response-meet-p95-budgets\trace.zip
    Usage:

        npx playwright show-trace test-results-performance\canvas-profile-T46-C05-fix-7d033-t-response-meet-p95-budgets\trace.zip

    ────────────────────────────────────────────────────────────────────────────────────────────────

  1 failed
    tests\performance\canvas-profile.spec.ts:5:1 › T46-C05 fixed Windows actual 200-node canvas pan frames and native input response meet p95 budgets 
  1 passed (13.8s)
