
> aiwork-studio@0.0.1 build
> vite build

vite v7.3.6 building client environment for production...
transforming...
✓ 294 modules transformed.
rendering chunks...
computing gzip size...
dist/assets/hash-worker-CwunAZM4.js             0.36 kB
dist/index.html                                 0.74 kB │ gzip:  0.39 kB
dist/assets/index-D6e2ejnX.css                 20.48 kB │ gzip:  4.83 kB
dist/assets/object-url-pool-5YRcU3_1.js         0.13 kB │ gzip:  0.13 kB
dist/assets/fingerprint-C6-xfKii.js             0.18 kB │ gzip:  0.17 kB
dist/assets/Toast-BOsUXE-_.js                   0.38 kB │ gzip:  0.30 kB
dist/assets/redaction-DcPGZPVO.js               1.17 kB │ gzip:  0.70 kB
dist/assets/history-DV-P6qR7.js                 1.85 kB │ gzip:  0.83 kB
dist/assets/PromptGeneratorPage-DiZ4JxfQ.js     1.93 kB │ gzip:  1.08 kB
dist/assets/graph-validation-I34WMZXN.js        2.05 kB │ gzip:  1.14 kB
dist/assets/ComparePage-CPfql_Gk.js             3.22 kB │ gzip:  1.73 kB
dist/assets/canvas-import-j5mEHHP8.js           3.24 kB │ gzip:  1.44 kB
dist/assets/project-lease-BwsPjuy2.js           3.39 kB │ gzip:  1.46 kB
dist/assets/ResultPage-Cz0eQZKF.js              3.62 kB │ gzip:  1.74 kB
dist/assets/HelpPage-DrF_1Haw.js                3.92 kB │ gzip:  1.85 kB
dist/assets/AssetPreview-DLUkfe87.js            4.12 kB │ gzip:  1.99 kB
dist/assets/diagnostic-export-BuOB-MFD.js       6.11 kB │ gzip:  3.26 kB
dist/assets/ActivityPage-Bt9FNzKm.js            6.14 kB │ gzip:  2.74 kB
dist/assets/TrashPage-Bv4KL8GX.js               6.43 kB │ gzip:  2.69 kB
dist/assets/RecoveryCenter-CyC_o4bv.js          7.56 kB │ gzip:  3.49 kB
dist/assets/project-repository-GKV2Xcla.js      7.88 kB │ gzip:  2.62 kB
dist/assets/RunMediaActions-B-mZw1lc.js         8.11 kB │ gzip:  3.27 kB
dist/assets/PromptEditor-B7H-HuQn.js            8.42 kB │ gzip:  3.46 kB
dist/assets/import-project-CvDSTxXQ.js          8.59 kB │ gzip:  3.20 kB
dist/assets/apply-command-Dg1Y2uYA.js           9.00 kB │ gzip:  3.01 kB
dist/assets/review-components-ABu-rw4-.js       9.93 kB │ gzip:  4.23 kB
dist/assets/project-service-YFp9j6Fm.js        10.80 kB │ gzip:  4.33 kB
dist/assets/PackagePage-QiupoZvU.js            11.87 kB │ gzip:  5.22 kB
dist/assets/ProjectsPage-Cryf9qDN.js           12.38 kB │ gzip:  4.59 kB
dist/assets/zip-vendor-BK4ikTfh.js             14.24 kB │ gzip:  6.72 kB
dist/assets/PromptsPage-B5Sttk2S.js            14.63 kB │ gzip:  5.32 kB
dist/assets/AssetsPage-lZhDAuO_.js             18.65 kB │ gzip:  6.75 kB
dist/assets/legacy-migration-C3yk2DxT.js       20.87 kB │ gzip:  8.32 kB
dist/assets/legal-notices-DULDc9G1.js          21.51 kB │ gzip:  6.66 kB
dist/assets/SettingsPage-ByzDbE5O.js           27.82 kB │ gzip: 10.02 kB
dist/assets/TasksPage-Cwq6xcbm.js              35.98 kB │ gzip: 12.08 kB
dist/assets/task-filters-CdSl-Fa3.js           37.18 kB │ gzip: 12.20 kB
dist/assets/index-rZmTx5sJ.js                  54.01 kB │ gzip: 18.95 kB
dist/assets/schema-vendor-DHwGgy8U.js          72.44 kB │ gzip: 19.43 kB
dist/assets/PromptGeneratorPanel-VVvm47dQ.js   85.68 kB │ gzip: 27.93 kB
dist/assets/CanvasPage-DjPtPCC8.js            122.13 kB │ gzip: 39.55 kB
dist/assets/react-vendor-rQA_ESBx.js          192.36 kB │ gzip: 60.29 kB
✓ built in 1.72s
