TAP version 13
# Subtest: T48 local guard missing allow-live flag cannot authorize any business traffic
not ok 1 - T48 local guard missing allow-live flag cannot authorize any business traffic
  ---
  duration_ms: 1.2186
  type: 'test'
  location: 'E:\\trae-studio\\TRAEWORK\\aiwork-studio\\tests\\live\\guard.test.mjs:5:1'
  failureType: 'testCodeFailure'
  error: |-
    Expected values to be strictly equal:
    
    true !== false
    
  code: 'ERR_ASSERTION'
  name: 'AssertionError'
  expected: false
  actual: true
  operator: 'strictEqual'
  stack: |-
    TestContext.<anonymous> (file:///E:/trae-studio/TRAEWORK/aiwork-studio/tests/live/guard.test.mjs:5:98)
    Test.runInAsyncScope (node:async_hooks:214:14)
    Test.run (node:internal/test_runner/test:1047:25)
    Test.start (node:internal/test_runner/test:944:17)
    startSubtestAfterBootstrap (node:internal/test_runner/harness:296:17)
  ...
# Subtest: T48 local guard missing approval cannot authorize any business traffic
not ok 2 - T48 local guard missing approval cannot authorize any business traffic
  ---
  duration_ms: 0.178
  type: 'test'
  location: 'E:\\trae-studio\\TRAEWORK\\aiwork-studio\\tests\\live\\guard.test.mjs:6:1'
  failureType: 'testCodeFailure'
  error: |-
    Expected values to be strictly equal:
    
    true !== false
    
  code: 'ERR_ASSERTION'
  name: 'AssertionError'
  expected: false
  actual: true
  operator: 'strictEqual'
  stack: |-
    TestContext.<anonymous> (file:///E:/trae-studio/TRAEWORK/aiwork-studio/tests/live/guard.test.mjs:6:91)
    Test.runInAsyncScope (node:async_hooks:214:14)
    Test.run (node:internal/test_runner/test:1047:25)
    Test.processPendingSubtests (node:internal/test_runner/test:744:18)
    Test.postRun (node:internal/test_runner/test:1173:19)
    Test.run (node:internal/test_runner/test:1101:12)
    async startSubtestAfterBootstrap (node:internal/test_runner/harness:296:3)
  ...
# Subtest: T48 local guard expired permission and unverified hard ceiling are rejected
not ok 3 - T48 local guard expired permission and unverified hard ceiling are rejected
  ---
  duration_ms: 0.2024
  type: 'test'
  location: 'E:\\trae-studio\\TRAEWORK\\aiwork-studio\\tests\\live\\guard.test.mjs:7:1'
  failureType: 'testCodeFailure'
  error: |-
    Expected values to be strictly equal:
    
    true !== false
    
  code: 'ERR_ASSERTION'
  name: 'AssertionError'
  expected: false
  actual: true
  operator: 'strictEqual'
  stack: |-
    TestContext.<anonymous> (file:///E:/trae-studio/TRAEWORK/aiwork-studio/tests/live/guard.test.mjs:7:96)
    Test.runInAsyncScope (node:async_hooks:214:14)
    Test.run (node:internal/test_runner/test:1047:25)
    Test.processPendingSubtests (node:internal/test_runner/test:744:18)
    Test.postRun (node:internal/test_runner/test:1173:19)
    Test.run (node:internal/test_runner/test:1101:12)
    async Test.processPendingSubtests (node:internal/test_runner/test:744:7)
  ...
# Subtest: T48 local guard default one text + one video bound and credential exclusion are enforced
not ok 4 - T48 local guard default one text + one video bound and credential exclusion are enforced
  ---
  duration_ms: 0.1625
  type: 'test'
  location: 'E:\\trae-studio\\TRAEWORK\\aiwork-studio\\tests\\live\\guard.test.mjs:8:1'
  failureType: 'testCodeFailure'
  error: |-
    Expected values to be strictly equal:
    
    true !== false
    
  code: 'ERR_ASSERTION'
  name: 'AssertionError'
  expected: false
  actual: true
  operator: 'strictEqual'
  stack: |-
    TestContext.<anonymous> (file:///E:/trae-studio/TRAEWORK/aiwork-studio/tests/live/guard.test.mjs:8:208)
    Test.runInAsyncScope (node:async_hooks:214:14)
    Test.run (node:internal/test_runner/test:1047:25)
    Test.processPendingSubtests (node:internal/test_runner/test:744:18)
    Test.postRun (node:internal/test_runner/test:1173:19)
    Test.run (node:internal/test_runner/test:1101:12)
    async Test.processPendingSubtests (node:internal/test_runner/test:744:7)
  ...
1..4
# tests 4
# suites 0
# pass 0
# fail 4
# cancelled 0
# skipped 0
# todo 0
# duration_ms 98.8804
