TAP version 13
# Subtest: T50 fifty task records point to actual evidence, commits and executed command logs
ok 1 - T50 fifty task records point to actual evidence, commits and executed command logs
  ---
  duration_ms: 2063.4547
  type: 'test'
  ...
# Subtest: T50 live, collaboration, release and review limitations cannot be misrepresented as accepted
ok 2 - T50 live, collaboration, release and review limitations cannot be misrepresented as accepted
  ---
  duration_ms: 1.6347
  type: 'test'
  ...
# Subtest: T50 archive byte hashes and committed source correspond and contain no unapproved release claim
ok 3 - T50 archive byte hashes and committed source correspond and contain no unapproved release claim
  ---
  duration_ms: 290.9598
  type: 'test'
  ...
# Subtest: T50 interaction proof is actual assertion and action coverage, not screenshots alone
ok 4 - T50 interaction proof is actual assertion and action coverage, not screenshots alone
  ---
  duration_ms: 9.3161
  type: 'test'
  ...
1..4
# tests 4
# suites 0
# pass 4
# fail 0
# cancelled 0
# skipped 0
# todo 0
# duration_ms 2472.0239
