TAP version 13
# Subtest: T50 fifty task records point to actual evidence, commits and executed command logs
not ok 1 - T50 fifty task records point to actual evidence, commits and executed command logs
  ---
  duration_ms: 1.5525
  type: 'test'
  location: 'E:\\trae-studio\\TRAEWORK\\aiwork-studio\\tests\\planning\\final-review.test.mjs:8:1'
  failureType: 'testCodeFailure'
  error: |-
    Expected values to be strictly equal:
    
    0 !== 50
    
  code: 'ERR_ASSERTION'
  name: 'AssertionError'
  expected: 50
  actual: 0
  operator: 'strictEqual'
  stack: |-
    TestContext.<anonymous> (file:///E:/trae-studio/TRAEWORK/aiwork-studio/tests/planning/final-review.test.mjs:9:25)
    Test.runInAsyncScope (node:async_hooks:214:14)
    Test.run (node:internal/test_runner/test:1047:25)
    Test.start (node:internal/test_runner/test:944:17)
    startSubtestAfterBootstrap (node:internal/test_runner/harness:296:17)
  ...
# Subtest: T50 live, collaboration, release and review limitations cannot be misrepresented as accepted
not ok 2 - T50 live, collaboration, release and review limitations cannot be misrepresented as accepted
  ---
  duration_ms: 0.3374
  type: 'test'
  location: 'E:\\trae-studio\\TRAEWORK\\aiwork-studio\\tests\\planning\\final-review.test.mjs:12:1'
  failureType: 'testCodeFailure'
  error: |-
    Expected values to be strictly equal:
    
    undefined !== 0
    
  code: 'ERR_ASSERTION'
  name: 'AssertionError'
  expected: 0
  operator: 'strictEqual'
  stack: |-
    TestContext.<anonymous> (file:///E:/trae-studio/TRAEWORK/aiwork-studio/tests/planning/final-review.test.mjs:13:60)
    Test.runInAsyncScope (node:async_hooks:214:14)
    Test.run (node:internal/test_runner/test:1047:25)
    Test.processPendingSubtests (node:internal/test_runner/test:744:18)
    Test.postRun (node:internal/test_runner/test:1173:19)
    Test.run (node:internal/test_runner/test:1101:12)
    async startSubtestAfterBootstrap (node:internal/test_runner/harness:296:3)
  ...
# Subtest: T50 archive byte hashes and committed source correspond and contain no unapproved release claim
not ok 3 - T50 archive byte hashes and committed source correspond and contain no unapproved release claim
  ---
  duration_ms: 5.2668
  type: 'test'
  location: 'E:\\trae-studio\\TRAEWORK\\aiwork-studio\\tests\\planning\\final-review.test.mjs:15:1'
  failureType: 'testCodeFailure'
  error: |-
    The expression evaluated to a falsy value:
    
      assert.ok(x.artifact?.report)
    
  code: 'ERR_ASSERTION'
  name: 'AssertionError'
  expected: true
  operator: '=='
  stack: |-
    TestContext.<anonymous> (file:///E:/trae-studio/TRAEWORK/aiwork-studio/tests/planning/final-review.test.mjs:16:25)
    Test.runInAsyncScope (node:async_hooks:214:14)
    Test.run (node:internal/test_runner/test:1047:25)
    Test.processPendingSubtests (node:internal/test_runner/test:744:18)
    Test.postRun (node:internal/test_runner/test:1173:19)
    Test.run (node:internal/test_runner/test:1101:12)
    async Test.processPendingSubtests (node:internal/test_runner/test:744:7)
  ...
# Subtest: T50 interaction proof is actual assertion and action coverage, not screenshots alone
not ok 4 - T50 interaction proof is actual assertion and action coverage, not screenshots alone
  ---
  duration_ms: 0.6889
  type: 'test'
  location: 'E:\\trae-studio\\TRAEWORK\\aiwork-studio\\tests\\planning\\final-review.test.mjs:18:1'
  failureType: 'testCodeFailure'
  error: |-
    The expression evaluated to a falsy value:
    
      assert.ok(x.coverage?.report)
    
  code: 'ERR_ASSERTION'
  name: 'AssertionError'
  expected: true
  operator: '=='
  stack: |-
    TestContext.<anonymous> (file:///E:/trae-studio/TRAEWORK/aiwork-studio/tests/planning/final-review.test.mjs:19:25)
    Test.runInAsyncScope (node:async_hooks:214:14)
    Test.run (node:internal/test_runner/test:1047:25)
    Test.processPendingSubtests (node:internal/test_runner/test:744:18)
    Test.postRun (node:internal/test_runner/test:1173:19)
    Test.run (node:internal/test_runner/test:1101:12)
    async Test.processPendingSubtests (node:internal/test_runner/test:744:7)
  ...
1..4
# tests 4
# suites 0
# pass 0
# fail 4
# cancelled 0
# skipped 0
# todo 0
# duration_ms 123.5606
